[2020-06-30T10:04:44.591+0530][0.044s] Heap region size: 1M
[2020-06-30T10:04:44.591+0530][0.044s] Heap address: 0x00000000e0000000, size: 512 MB, Compressed Oops mode: 32-bit
[2020-06-30T10:04:45.052+0530][0.505s] Using G1
[2020-06-30T10:04:45.101+0530][0.555s] Periodic GC disabled
[2020-06-30T10:04:46.718+0530][2.172s] GC(0) Pause Young (Normal) (G1 Evacuation Pause)
[2020-06-30T10:04:46.719+0530][2.172s] GC(0) Using 4 workers of 4 for evacuation
[2020-06-30T10:04:46.728+0530][2.182s] GC(0)   Pre Evacuate Collection Set: 0.1ms
[2020-06-30T10:04:46.728+0530][2.182s] GC(0)   Merge Heap Roots: 0.1ms
[2020-06-30T10:04:46.728+0530][2.182s] GC(0)   Evacuate Collection Set: 8.4ms
[2020-06-30T10:04:46.728+0530][2.182s] GC(0)   Post Evacuate Collection Set: 0.5ms
[2020-06-30T10:04:46.729+0530][2.183s] GC(0)   Other: 0.8ms
[2020-06-30T10:04:46.729+0530][2.183s] GC(0) Eden regions: 25->0(30)
[2020-06-30T10:04:46.729+0530][2.183s] GC(0) Survivor regions: 0->3(4)
[2020-06-30T10:04:46.729+0530][2.183s] GC(0) Old regions: 0->0
[2020-06-30T10:04:46.729+0530][2.183s] GC(0) Archive regions: 0->0
[2020-06-30T10:04:46.729+0530][2.183s] GC(0) Humongous regions: 0->0
[2020-06-30T10:04:46.729+0530][2.183s] GC(0) Metaspace: 5581K(7552K)->5581K(7552K) NonClass: 4913K(6656K)->4913K(6656K) Class: 667K(896K)->667K(896K)
[2020-06-30T10:04:46.729+0530][2.183s] GC(0) Pause Young (Normal) (G1 Evacuation Pause) 25M->2M(512M) 11.172ms
[2020-06-30T10:04:46.729+0530][2.183s] GC(0) User=0.02s Sys=0.03s Real=0.01s
[2020-06-30T10:04:48.937+0530][4.390s] GC(1) Pause Young (Normal) (G1 Evacuation Pause)
[2020-06-30T10:04:48.937+0530][4.390s] GC(1) Using 4 workers of 4 for evacuation
[2020-06-30T10:04:48.962+0530][4.415s] GC(1)   Pre Evacuate Collection Set: 0.1ms
[2020-06-30T10:04:48.962+0530][4.416s] GC(1)   Merge Heap Roots: 0.1ms
[2020-06-30T10:04:48.962+0530][4.416s] GC(1)   Evacuate Collection Set: 23.9ms
[2020-06-30T10:04:48.962+0530][4.416s] GC(1)   Post Evacuate Collection Set: 0.8ms
[2020-06-30T10:04:48.962+0530][4.416s] GC(1)   Other: 0.3ms
[2020-06-30T10:04:48.962+0530][4.416s] GC(1) Eden regions: 30->0(55)
[2020-06-30T10:04:48.962+0530][4.416s] GC(1) Survivor regions: 3->5(5)
[2020-06-30T10:04:48.962+0530][4.416s] GC(1) Old regions: 0->7
[2020-06-30T10:04:48.962+0530][4.416s] GC(1) Archive regions: 0->0
[2020-06-30T10:04:48.962+0530][4.416s] GC(1) Humongous regions: 4->4
[2020-06-30T10:04:48.962+0530][4.416s] GC(1) Metaspace: 13967K(14720K)->13967K(14720K) NonClass: 12315K(12800K)->12315K(12800K) Class: 1651K(1920K)->1651K(1920K)
[2020-06-30T10:04:48.962+0530][4.416s] GC(1) Pause Young (Normal) (G1 Evacuation Pause) 36M->15M(512M) 25.688ms
[2020-06-30T10:04:48.963+0530][4.416s] GC(1) User=0.09s Sys=0.02s Real=0.03s
[2020-06-30T10:04:56.236+0530][11.690s] GC(2) Pause Young (Normal) (G1 Evacuation Pause)
[2020-06-30T10:04:56.236+0530][11.690s] GC(2) Using 4 workers of 4 for evacuation
[2020-06-30T10:04:56.251+0530][11.705s] GC(2)   Pre Evacuate Collection Set: 0.1ms
[2020-06-30T10:04:56.251+0530][11.705s] GC(2)   Merge Heap Roots: 0.1ms
[2020-06-30T10:04:56.251+0530][11.705s] GC(2)   Evacuate Collection Set: 13.1ms
[2020-06-30T10:04:56.251+0530][11.705s] GC(2)   Post Evacuate Collection Set: 1.3ms
[2020-06-30T10:04:56.251+0530][11.705s] GC(2)   Other: 0.2ms
[2020-06-30T10:04:56.251+0530][11.705s] GC(2) Eden regions: 54->0(78)
[2020-06-30T10:04:56.251+0530][11.705s] GC(2) Survivor regions: 5->7(8)
[2020-06-30T10:04:56.251+0530][11.705s] GC(2) Old regions: 7->13
[2020-06-30T10:04:56.251+0530][11.705s] GC(2) Archive regions: 0->0
[2020-06-30T10:04:56.251+0530][11.705s] GC(2) Humongous regions: 4->4
[2020-06-30T10:04:56.251+0530][11.705s] GC(2) Metaspace: 19486K(20224K)->19486K(20224K) NonClass: 17200K(17664K)->17200K(17664K) Class: 2285K(2560K)->2285K(2560K)
[2020-06-30T10:04:56.251+0530][11.705s] GC(2) Pause Young (Normal) (G1 Evacuation Pause) 69M->23M(512M) 15.116ms
[2020-06-30T10:04:56.251+0530][11.705s] GC(2) User=0.02s Sys=0.00s Real=0.01s
[2020-06-30T10:04:56.447+0530][11.900s] GC(3) Pause Young (Concurrent Start) (Metadata GC Threshold)
[2020-06-30T10:04:56.447+0530][11.901s] GC(3) Using 4 workers of 4 for evacuation
[2020-06-30T10:04:56.455+0530][11.908s] GC(3)   Pre Evacuate Collection Set: 0.1ms
[2020-06-30T10:04:56.455+0530][11.908s] GC(3)   Merge Heap Roots: 0.1ms
[2020-06-30T10:04:56.455+0530][11.908s] GC(3)   Evacuate Collection Set: 6.9ms
[2020-06-30T10:04:56.455+0530][11.908s] GC(3)   Post Evacuate Collection Set: 0.4ms
[2020-06-30T10:04:56.455+0530][11.909s] GC(3)   Other: 0.4ms
[2020-06-30T10:04:56.455+0530][11.909s] GC(3) Eden regions: 16->0(240)
[2020-06-30T10:04:56.455+0530][11.909s] GC(3) Survivor regions: 7->1(11)
[2020-06-30T10:04:56.455+0530][11.909s] GC(3) Old regions: 13->19
[2020-06-30T10:04:56.455+0530][11.909s] GC(3) Archive regions: 0->0
[2020-06-30T10:04:56.455+0530][11.909s] GC(3) Humongous regions: 4->4
[2020-06-30T10:04:56.455+0530][11.909s] GC(3) Metaspace: 20586K(21296K)->20586K(21296K) NonClass: 18198K(18608K)->18198K(18608K) Class: 2387K(2688K)->2387K(2688K)
[2020-06-30T10:04:56.455+0530][11.909s] GC(3) Pause Young (Concurrent Start) (Metadata GC Threshold) 39M->23M(512M) 8.418ms
[2020-06-30T10:04:56.455+0530][11.909s] GC(3) User=0.00s Sys=0.00s Real=0.01s
[2020-06-30T10:04:56.455+0530][11.909s] GC(4) Concurrent Cycle
[2020-06-30T10:04:56.455+0530][11.909s] GC(4) Concurrent Clear Claimed Marks
[2020-06-30T10:04:56.455+0530][11.909s] GC(4) Concurrent Clear Claimed Marks 0.047ms
[2020-06-30T10:04:56.455+0530][11.909s] GC(4) Concurrent Scan Root Regions
[2020-06-30T10:04:56.459+0530][11.913s] GC(4) Concurrent Scan Root Regions 3.934ms
[2020-06-30T10:04:56.459+0530][11.913s] GC(4) Concurrent Mark (11.913s)
[2020-06-30T10:04:56.459+0530][11.913s] GC(4) Concurrent Mark From Roots
[2020-06-30T10:04:56.460+0530][11.913s] GC(4) Using 1 workers of 1 for marking
[2020-06-30T10:04:56.534+0530][11.988s] GC(4) Concurrent Mark From Roots 74.747ms
[2020-06-30T10:04:56.534+0530][11.988s] GC(4) Concurrent Preclean
[2020-06-30T10:04:56.535+0530][11.988s] GC(4) Concurrent Preclean 0.230ms
[2020-06-30T10:04:56.535+0530][11.988s] GC(4) Concurrent Mark (11.913s, 11.988s) 75.157ms
[2020-06-30T10:04:56.535+0530][11.988s] GC(4) Pause Remark
[2020-06-30T10:04:56.537+0530][11.991s] GC(4) Pause Remark 24M->24M(512M) 2.424ms
[2020-06-30T10:04:56.537+0530][11.991s] GC(4) User=0.00s Sys=0.00s Real=0.00s
[2020-06-30T10:04:56.538+0530][11.991s] GC(4) Concurrent Rebuild Remembered Sets
[2020-06-30T10:04:56.577+0530][12.031s] GC(4) Concurrent Rebuild Remembered Sets 39.525ms
[2020-06-30T10:04:56.578+0530][12.031s] GC(4) Pause Cleanup
[2020-06-30T10:04:56.578+0530][12.031s] GC(4) Pause Cleanup 24M->24M(512M) 0.200ms
[2020-06-30T10:04:56.578+0530][12.031s] GC(4) User=0.00s Sys=0.00s Real=0.00s
[2020-06-30T10:04:56.578+0530][12.032s] GC(4) Concurrent Cleanup for Next Mark
[2020-06-30T10:04:56.579+0530][12.033s] GC(4) Concurrent Cleanup for Next Mark 1.140ms
[2020-06-30T10:04:56.579+0530][12.033s] GC(4) Concurrent Cycle 123.878ms
[2020-06-30T10:05:06.381+0530][21.835s] GC(5) Pause Young (Concurrent Start) (Metadata GC Threshold)
[2020-06-30T10:05:06.381+0530][21.835s] GC(5) Using 4 workers of 4 for evacuation
[2020-06-30T10:05:06.397+0530][21.851s] GC(5)   Pre Evacuate Collection Set: 0.1ms
[2020-06-30T10:05:06.397+0530][21.851s] GC(5)   Merge Heap Roots: 0.1ms
[2020-06-30T10:05:06.397+0530][21.851s] GC(5)   Evacuate Collection Set: 14.7ms
[2020-06-30T10:05:06.397+0530][21.851s] GC(5)   Post Evacuate Collection Set: 0.9ms
[2020-06-30T10:05:06.397+0530][21.851s] GC(5)   Other: 0.4ms
[2020-06-30T10:05:06.397+0530][21.851s] GC(5) Eden regions: 213->0(299)
[2020-06-30T10:05:06.397+0530][21.851s] GC(5) Survivor regions: 1->8(34)
[2020-06-30T10:05:06.397+0530][21.851s] GC(5) Old regions: 19->19
[2020-06-30T10:05:06.397+0530][21.851s] GC(5) Archive regions: 0->0
[2020-06-30T10:05:06.397+0530][21.851s] GC(5) Humongous regions: 4->4
[2020-06-30T10:05:06.397+0530][21.851s] GC(5) Metaspace: 35031K(35920K)->35031K(35920K) NonClass: 30998K(31568K)->30998K(31568K) Class: 4032K(4352K)->4032K(4352K)
[2020-06-30T10:05:06.397+0530][21.852s] GC(5) Pause Young (Concurrent Start) (Metadata GC Threshold) 236M->29M(512M) 16.857ms
[2020-06-30T10:05:06.398+0530][21.852s] GC(5) User=0.05s Sys=0.00s Real=0.02s
[2020-06-30T10:05:06.398+0530][21.852s] GC(6) Concurrent Cycle
[2020-06-30T10:05:06.398+0530][21.852s] GC(6) Concurrent Clear Claimed Marks
[2020-06-30T10:05:06.398+0530][21.852s] GC(6) Concurrent Clear Claimed Marks 0.081ms
[2020-06-30T10:05:06.398+0530][21.852s] GC(6) Concurrent Scan Root Regions
[2020-06-30T10:05:06.410+0530][21.864s] GC(6) Concurrent Scan Root Regions 12.600ms
[2020-06-30T10:05:06.410+0530][21.865s] GC(6) Concurrent Mark (21.864s)
[2020-06-30T10:05:06.411+0530][21.865s] GC(6) Concurrent Mark From Roots
[2020-06-30T10:05:06.411+0530][21.865s] GC(6) Using 1 workers of 1 for marking
[2020-06-30T10:05:06.498+0530][21.952s] GC(6) Concurrent Mark From Roots 87.017ms
[2020-06-30T10:05:06.498+0530][21.952s] GC(6) Concurrent Preclean
[2020-06-30T10:05:06.498+0530][21.952s] GC(6) Concurrent Preclean 0.261ms
[2020-06-30T10:05:06.498+0530][21.952s] GC(6) Concurrent Mark (21.864s, 21.952s) 87.457ms
[2020-06-30T10:05:06.498+0530][21.952s] GC(6) Pause Remark
[2020-06-30T10:05:06.502+0530][21.956s] GC(6) Pause Remark 33M->33M(512M) 3.773ms
[2020-06-30T10:05:06.502+0530][21.956s] GC(6) User=0.06s Sys=0.00s Real=0.00s
[2020-06-30T10:05:06.502+0530][21.956s] GC(6) Concurrent Rebuild Remembered Sets
[2020-06-30T10:05:06.541+0530][21.995s] GC(6) Concurrent Rebuild Remembered Sets 38.985ms
[2020-06-30T10:05:06.542+0530][21.996s] GC(6) Pause Cleanup
[2020-06-30T10:05:06.542+0530][21.996s] GC(6) Pause Cleanup 35M->35M(512M) 0.206ms
[2020-06-30T10:05:06.542+0530][21.996s] GC(6) User=0.00s Sys=0.00s Real=0.00s
[2020-06-30T10:05:06.542+0530][21.996s] GC(6) Concurrent Cleanup for Next Mark
[2020-06-30T10:05:06.543+0530][21.997s] GC(6) Concurrent Cleanup for Next Mark 0.985ms
[2020-06-30T10:05:06.543+0530][21.997s] GC(6) Concurrent Cycle 145.434ms
[2020-06-30T10:05:08.319+0530][23.773s] GC(7) Pause Young (Normal) (G1 Evacuation Pause)
[2020-06-30T10:05:08.319+0530][23.773s] GC(7) Using 4 workers of 4 for evacuation
[2020-06-30T10:05:08.336+0530][23.790s] GC(7)   Pre Evacuate Collection Set: 0.1ms
[2020-06-30T10:05:08.336+0530][23.790s] GC(7)   Merge Heap Roots: 0.1ms
[2020-06-30T10:05:08.336+0530][23.790s] GC(7)   Evacuate Collection Set: 15.8ms
[2020-06-30T10:05:08.336+0530][23.790s] GC(7)   Post Evacuate Collection Set: 0.9ms
[2020-06-30T10:05:08.336+0530][23.790s] GC(7)   Other: 0.4ms
[2020-06-30T10:05:08.336+0530][23.790s] GC(7) Eden regions: 299->0(297)
[2020-06-30T10:05:08.336+0530][23.790s] GC(7) Survivor regions: 8->10(39)
[2020-06-30T10:05:08.336+0530][23.790s] GC(7) Old regions: 19->19
[2020-06-30T10:05:08.336+0530][23.790s] GC(7) Archive regions: 0->0
[2020-06-30T10:05:08.336+0530][23.790s] GC(7) Humongous regions: 5->4
[2020-06-30T10:05:08.336+0530][23.790s] GC(7) Metaspace: 38940K(40016K)->38940K(40016K) NonClass: 34437K(35152K)->34437K(35152K) Class: 4503K(4864K)->4503K(4864K)
[2020-06-30T10:05:08.336+0530][23.790s] GC(7) Pause Young (Normal) (G1 Evacuation Pause) 329M->32M(512M) 17.768ms
[2020-06-30T10:05:08.337+0530][23.790s] GC(7) User=0.06s Sys=0.00s Real=0.02s
[2020-06-30T10:05:09.335+0530][24.788s] GC(8) Pause Young (Normal) (G1 Evacuation Pause)
[2020-06-30T10:05:09.335+0530][24.788s] GC(8) Using 4 workers of 4 for evacuation
[2020-06-30T10:05:09.350+0530][24.804s] GC(8)   Pre Evacuate Collection Set: 0.1ms
[2020-06-30T10:05:09.350+0530][24.804s] GC(8)   Merge Heap Roots: 0.1ms
[2020-06-30T10:05:09.350+0530][24.804s] GC(8)   Evacuate Collection Set: 14.0ms
[2020-06-30T10:05:09.350+0530][24.804s] GC(8)   Post Evacuate Collection Set: 0.9ms
[2020-06-30T10:05:09.351+0530][24.804s] GC(8)   Other: 0.2ms
[2020-06-30T10:05:09.351+0530][24.804s] GC(8) Eden regions: 297->0(297)
[2020-06-30T10:05:09.351+0530][24.804s] GC(8) Survivor regions: 10->10(39)
[2020-06-30T10:05:09.351+0530][24.804s] GC(8) Old regions: 19->19
[2020-06-30T10:05:09.351+0530][24.804s] GC(8) Archive regions: 0->0
[2020-06-30T10:05:09.351+0530][24.804s] GC(8) Humongous regions: 4->4
[2020-06-30T10:05:09.351+0530][24.804s] GC(8) Metaspace: 39344K(40272K)->39344K(40272K) NonClass: 34815K(35408K)->34815K(35408K) Class: 4529K(4864K)->4529K(4864K)
[2020-06-30T10:05:09.351+0530][24.804s] GC(8) Pause Young (Normal) (G1 Evacuation Pause) 329M->32M(512M) 15.866ms
[2020-06-30T10:05:09.351+0530][24.804s] GC(8) User=0.06s Sys=0.00s Real=0.02s
[2020-06-30T10:07:14.623+0530][150.076s] GC(9) Pause Young (Normal) (G1 Evacuation Pause)
[2020-06-30T10:07:14.623+0530][150.076s] GC(9) Using 4 workers of 4 for evacuation
[2020-06-30T10:07:14.656+0530][150.109s] GC(9)   Pre Evacuate Collection Set: 0.1ms
[2020-06-30T10:07:14.656+0530][150.110s] GC(9)   Merge Heap Roots: 0.1ms
[2020-06-30T10:07:14.656+0530][150.110s] GC(9)   Evacuate Collection Set: 31.4ms
[2020-06-30T10:07:14.656+0530][150.110s] GC(9)   Post Evacuate Collection Set: 1.4ms
[2020-06-30T10:07:14.656+0530][150.110s] GC(9)   Other: 0.4ms
[2020-06-30T10:07:14.656+0530][150.110s] GC(9) Eden regions: 297->0(289)
[2020-06-30T10:07:14.656+0530][150.110s] GC(9) Survivor regions: 10->18(39)
[2020-06-30T10:07:14.656+0530][150.110s] GC(9) Old regions: 19->19
[2020-06-30T10:07:14.656+0530][150.110s] GC(9) Archive regions: 0->0
[2020-06-30T10:07:14.656+0530][150.110s] GC(9) Humongous regions: 4->4
[2020-06-30T10:07:14.656+0530][150.110s] GC(9) Metaspace: 50321K(51664K)->50321K(51664K) NonClass: 44325K(45136K)->44325K(45136K) Class: 5995K(6528K)->5995K(6528K)
[2020-06-30T10:07:14.656+0530][150.110s] GC(9) Pause Young (Normal) (G1 Evacuation Pause) 329M->40M(512M) 33.769ms
[2020-06-30T10:07:14.656+0530][150.110s] GC(9) User=0.13s Sys=0.00s Real=0.03s
[2020-06-30T12:23:15.946+0530][8311.400s] Heap
[2020-06-30T12:23:15.947+0530][8311.400s]  garbage-first heap   total 524288K, used 128829K [0x00000000e0000000, 0x0000000100000000)
[2020-06-30T12:23:15.947+0530][8311.400s]   region size 1024K, 101 young (103424K), 18 survivors (18432K)
[2020-06-30T12:23:15.947+0530][8311.400s]  Metaspace       used 53243K, capacity 54445K, committed 54736K, reserved 1097728K
[2020-06-30T12:23:15.947+0530][8311.400s]   class space    used 6238K, capacity 6670K, committed 6784K, reserved 1048576K
