[2020-06-12T15:01:11.037+0530][0.027s] Heap region size: 1M
[2020-06-12T15:01:11.038+0530][0.027s] Heap address: 0x00000000e0000000, size: 512 MB, Compressed Oops mode: 32-bit
[2020-06-12T15:01:11.445+0530][0.434s] Using G1
[2020-06-12T15:01:11.482+0530][0.471s] Periodic GC disabled
[2020-06-12T15:01:12.897+0530][1.886s] GC(0) Pause Young (Normal) (G1 Evacuation Pause)
[2020-06-12T15:01:12.897+0530][1.887s] GC(0) Using 4 workers of 4 for evacuation
[2020-06-12T15:01:12.904+0530][1.894s] GC(0)   Pre Evacuate Collection Set: 0.1ms
[2020-06-12T15:01:12.904+0530][1.894s] GC(0)   Merge Heap Roots: 0.0ms
[2020-06-12T15:01:12.904+0530][1.894s] GC(0)   Evacuate Collection Set: 6.0ms
[2020-06-12T15:01:12.904+0530][1.894s] GC(0)   Post Evacuate Collection Set: 0.5ms
[2020-06-12T15:01:12.905+0530][1.894s] GC(0)   Other: 0.8ms
[2020-06-12T15:01:12.905+0530][1.894s] GC(0) Eden regions: 25->0(30)
[2020-06-12T15:01:12.905+0530][1.894s] GC(0) Survivor regions: 0->3(4)
[2020-06-12T15:01:12.905+0530][1.894s] GC(0) Old regions: 0->0
[2020-06-12T15:01:12.905+0530][1.894s] GC(0) Archive regions: 0->0
[2020-06-12T15:01:12.905+0530][1.894s] GC(0) Humongous regions: 0->0
[2020-06-12T15:01:12.905+0530][1.894s] GC(0) Metaspace: 5586K(7552K)->5586K(7552K) NonClass: 4918K(6656K)->4918K(6656K) Class: 667K(896K)->667K(896K)
[2020-06-12T15:01:12.905+0530][1.895s] GC(0) Pause Young (Normal) (G1 Evacuation Pause) 25M->2M(512M) 8.395ms
[2020-06-12T15:01:12.905+0530][1.895s] GC(0) User=0.06s Sys=0.00s Real=0.01s
[2020-06-12T15:01:14.789+0530][3.778s] GC(1) Pause Young (Normal) (G1 Evacuation Pause)
[2020-06-12T15:01:14.789+0530][3.779s] GC(1) Using 4 workers of 4 for evacuation
[2020-06-12T15:01:14.814+0530][3.803s] GC(1)   Pre Evacuate Collection Set: 0.1ms
[2020-06-12T15:01:14.814+0530][3.803s] GC(1)   Merge Heap Roots: 0.1ms
[2020-06-12T15:01:14.814+0530][3.803s] GC(1)   Evacuate Collection Set: 23.7ms
[2020-06-12T15:01:14.814+0530][3.803s] GC(1)   Post Evacuate Collection Set: 0.8ms
[2020-06-12T15:01:14.814+0530][3.803s] GC(1)   Other: 0.3ms
[2020-06-12T15:01:14.814+0530][3.804s] GC(1) Eden regions: 30->0(60)
[2020-06-12T15:01:14.814+0530][3.804s] GC(1) Survivor regions: 3->5(5)
[2020-06-12T15:01:14.814+0530][3.804s] GC(1) Old regions: 0->7
[2020-06-12T15:01:14.814+0530][3.804s] GC(1) Archive regions: 0->0
[2020-06-12T15:01:14.814+0530][3.804s] GC(1) Humongous regions: 4->4
[2020-06-12T15:01:14.814+0530][3.804s] GC(1) Metaspace: 13854K(14464K)->13854K(14464K) NonClass: 12211K(12544K)->12211K(12544K) Class: 1642K(1920K)->1642K(1920K)
[2020-06-12T15:01:14.814+0530][3.804s] GC(1) Pause Young (Normal) (G1 Evacuation Pause) 36M->15M(512M) 25.308ms
[2020-06-12T15:01:14.815+0530][3.804s] GC(1) User=0.13s Sys=0.00s Real=0.02s
[2020-06-12T15:01:16.461+0530][5.450s] GC(2) Pause Young (Normal) (G1 Evacuation Pause)
[2020-06-12T15:01:16.461+0530][5.450s] GC(2) Using 4 workers of 4 for evacuation
[2020-06-12T15:01:16.475+0530][5.465s] GC(2)   Pre Evacuate Collection Set: 0.1ms
[2020-06-12T15:01:16.475+0530][5.465s] GC(2)   Merge Heap Roots: 0.1ms
[2020-06-12T15:01:16.475+0530][5.465s] GC(2)   Evacuate Collection Set: 13.3ms
[2020-06-12T15:01:16.475+0530][5.465s] GC(2)   Post Evacuate Collection Set: 1.1ms
[2020-06-12T15:01:16.476+0530][5.465s] GC(2)   Other: 0.2ms
[2020-06-12T15:01:16.476+0530][5.465s] GC(2) Eden regions: 58->0(80)
[2020-06-12T15:01:16.476+0530][5.465s] GC(2) Survivor regions: 5->8(8)
[2020-06-12T15:01:16.476+0530][5.465s] GC(2) Old regions: 7->12
[2020-06-12T15:01:16.476+0530][5.465s] GC(2) Archive regions: 0->0
[2020-06-12T15:01:16.476+0530][5.465s] GC(2) Humongous regions: 4->4
[2020-06-12T15:01:16.476+0530][5.465s] GC(2) Metaspace: 19623K(20224K)->19623K(20224K) NonClass: 17318K(17664K)->17318K(17664K) Class: 2305K(2560K)->2305K(2560K)
[2020-06-12T15:01:16.476+0530][5.465s] GC(2) Pause Young (Normal) (G1 Evacuation Pause) 73M->23M(512M) 15.303ms
[2020-06-12T15:01:16.476+0530][5.465s] GC(2) User=0.06s Sys=0.00s Real=0.02s
[2020-06-12T15:01:16.754+0530][5.743s] GC(3) Pause Young (Concurrent Start) (Metadata GC Threshold)
[2020-06-12T15:01:16.754+0530][5.743s] GC(3) Using 4 workers of 4 for evacuation
[2020-06-12T15:01:16.759+0530][5.749s] GC(3)   Pre Evacuate Collection Set: 0.1ms
[2020-06-12T15:01:16.760+0530][5.749s] GC(3)   Merge Heap Roots: 0.1ms
[2020-06-12T15:01:16.760+0530][5.749s] GC(3)   Evacuate Collection Set: 5.0ms
[2020-06-12T15:01:16.760+0530][5.749s] GC(3)   Post Evacuate Collection Set: 0.4ms
[2020-06-12T15:01:16.760+0530][5.749s] GC(3)   Other: 0.3ms
[2020-06-12T15:01:16.760+0530][5.749s] GC(3) Eden regions: 13->0(229)
[2020-06-12T15:01:16.760+0530][5.749s] GC(3) Survivor regions: 8->1(11)
[2020-06-12T15:01:16.760+0530][5.749s] GC(3) Old regions: 12->19
[2020-06-12T15:01:16.760+0530][5.749s] GC(3) Archive regions: 0->0
[2020-06-12T15:01:16.760+0530][5.749s] GC(3) Humongous regions: 4->4
[2020-06-12T15:01:16.760+0530][5.749s] GC(3) Metaspace: 20563K(21296K)->20563K(21296K) NonClass: 18175K(18608K)->18175K(18608K) Class: 2387K(2688K)->2387K(2688K)
[2020-06-12T15:01:16.760+0530][5.749s] GC(3) Pause Young (Concurrent Start) (Metadata GC Threshold) 35M->23M(512M) 6.353ms
[2020-06-12T15:01:16.760+0530][5.749s] GC(3) User=0.00s Sys=0.00s Real=0.01s
[2020-06-12T15:01:16.760+0530][5.749s] GC(4) Concurrent Cycle
[2020-06-12T15:01:16.760+0530][5.749s] GC(4) Concurrent Clear Claimed Marks
[2020-06-12T15:01:16.760+0530][5.749s] GC(4) Concurrent Clear Claimed Marks 0.051ms
[2020-06-12T15:01:16.760+0530][5.749s] GC(4) Concurrent Scan Root Regions
[2020-06-12T15:01:16.764+0530][5.753s] GC(4) Concurrent Scan Root Regions 3.963ms
[2020-06-12T15:01:16.764+0530][5.753s] GC(4) Concurrent Mark (5.753s)
[2020-06-12T15:01:16.764+0530][5.753s] GC(4) Concurrent Mark From Roots
[2020-06-12T15:01:16.764+0530][5.754s] GC(4) Using 1 workers of 1 for marking
[2020-06-12T15:01:16.838+0530][5.827s] GC(4) Concurrent Mark From Roots 73.153ms
[2020-06-12T15:01:16.838+0530][5.827s] GC(4) Concurrent Preclean
[2020-06-12T15:01:16.838+0530][5.827s] GC(4) Concurrent Preclean 0.179ms
[2020-06-12T15:01:16.838+0530][5.827s] GC(4) Concurrent Mark (5.753s, 5.827s) 73.502ms
[2020-06-12T15:01:16.838+0530][5.827s] GC(4) Pause Remark
[2020-06-12T15:01:16.840+0530][5.829s] GC(4) Pause Remark 24M->24M(512M) 2.365ms
[2020-06-12T15:01:16.840+0530][5.830s] GC(4) User=0.06s Sys=0.00s Real=0.00s
[2020-06-12T15:01:16.841+0530][5.830s] GC(4) Concurrent Rebuild Remembered Sets
[2020-06-12T15:01:16.868+0530][5.857s] GC(4) Concurrent Rebuild Remembered Sets 27.311ms
[2020-06-12T15:01:16.868+0530][5.857s] GC(4) Pause Cleanup
[2020-06-12T15:01:16.868+0530][5.858s] GC(4) Pause Cleanup 24M->24M(512M) 0.157ms
[2020-06-12T15:01:16.868+0530][5.858s] GC(4) User=0.00s Sys=0.00s Real=0.00s
[2020-06-12T15:01:16.868+0530][5.858s] GC(4) Concurrent Cleanup for Next Mark
[2020-06-12T15:01:16.869+0530][5.858s] GC(4) Concurrent Cleanup for Next Mark 0.857ms
[2020-06-12T15:01:16.869+0530][5.859s] GC(4) Concurrent Cycle 109.283ms
[2020-06-12T15:02:44.546+0530][93.535s] GC(5) Pause Young (Concurrent Start) (Metadata GC Threshold)
[2020-06-12T15:02:44.546+0530][93.536s] GC(5) Using 4 workers of 4 for evacuation
[2020-06-12T15:02:44.573+0530][93.562s] GC(5)   Pre Evacuate Collection Set: 0.2ms
[2020-06-12T15:02:44.573+0530][93.562s] GC(5)   Merge Heap Roots: 0.2ms
[2020-06-12T15:02:44.573+0530][93.563s] GC(5)   Evacuate Collection Set: 24.1ms
[2020-06-12T15:02:44.573+0530][93.563s] GC(5)   Post Evacuate Collection Set: 1.9ms
[2020-06-12T15:02:44.573+0530][93.563s] GC(5)   Other: 0.5ms
[2020-06-12T15:02:44.573+0530][93.563s] GC(5) Eden regions: 136->0(302)
[2020-06-12T15:02:44.573+0530][93.563s] GC(5) Survivor regions: 1->5(29)
[2020-06-12T15:02:44.573+0530][93.563s] GC(5) Old regions: 19->19
[2020-06-12T15:02:44.574+0530][93.563s] GC(5) Archive regions: 0->0
[2020-06-12T15:02:44.574+0530][93.563s] GC(5) Humongous regions: 4->4
[2020-06-12T15:02:44.574+0530][93.563s] GC(5) Metaspace: 34940K(35888K)->34940K(35888K) NonClass: 30859K(31408K)->30859K(31408K) Class: 4080K(4480K)->4080K(4480K)
[2020-06-12T15:02:44.574+0530][93.564s] GC(5) Pause Young (Concurrent Start) (Metadata GC Threshold) 159M->27M(512M) 28.114ms
[2020-06-12T15:02:44.574+0530][93.564s] GC(5) User=0.08s Sys=0.00s Real=0.03s
[2020-06-12T15:02:44.574+0530][93.564s] GC(6) Concurrent Cycle
[2020-06-12T15:02:44.574+0530][93.564s] GC(6) Concurrent Clear Claimed Marks
[2020-06-12T15:02:44.574+0530][93.564s] GC(6) Concurrent Clear Claimed Marks 0.124ms
[2020-06-12T15:02:44.575+0530][93.564s] GC(6) Concurrent Scan Root Regions
[2020-06-12T15:02:44.587+0530][93.577s] GC(6) Concurrent Scan Root Regions 12.518ms
[2020-06-12T15:02:44.587+0530][93.577s] GC(6) Concurrent Mark (93.577s)
[2020-06-12T15:02:44.587+0530][93.577s] GC(6) Concurrent Mark From Roots
[2020-06-12T15:02:44.587+0530][93.577s] GC(6) Using 1 workers of 1 for marking
[2020-06-12T15:02:44.650+0530][93.639s] GC(6) Concurrent Mark From Roots 62.409ms
[2020-06-12T15:02:44.650+0530][93.639s] GC(6) Concurrent Preclean
[2020-06-12T15:02:44.650+0530][93.639s] GC(6) Concurrent Preclean 0.139ms
[2020-06-12T15:02:44.650+0530][93.639s] GC(6) Concurrent Mark (93.577s, 93.639s) 62.668ms
[2020-06-12T15:02:44.650+0530][93.640s] GC(6) Pause Remark
[2020-06-12T15:02:44.653+0530][93.643s] GC(6) Pause Remark 28M->28M(512M) 3.399ms
[2020-06-12T15:02:44.653+0530][93.643s] GC(6) User=0.02s Sys=0.00s Real=0.00s
[2020-06-12T15:02:44.654+0530][93.643s] GC(6) Concurrent Rebuild Remembered Sets
[2020-06-12T15:02:44.681+0530][93.671s] GC(6) Concurrent Rebuild Remembered Sets 27.735ms
[2020-06-12T15:02:44.682+0530][93.671s] GC(6) Pause Cleanup
[2020-06-12T15:02:44.682+0530][93.671s] GC(6) Pause Cleanup 28M->28M(512M) 0.170ms
[2020-06-12T15:02:44.682+0530][93.672s] GC(6) User=0.00s Sys=0.00s Real=0.00s
[2020-06-12T15:02:44.682+0530][93.672s] GC(6) Concurrent Cleanup for Next Mark
[2020-06-12T15:02:44.683+0530][93.672s] GC(6) Concurrent Cleanup for Next Mark 0.828ms
[2020-06-12T15:02:44.683+0530][93.672s] GC(6) Concurrent Cycle 108.546ms
[2020-06-12T15:04:01.909+0530][170.898s] GC(7) Pause Young (Normal) (G1 Evacuation Pause)
[2020-06-12T15:04:01.909+0530][170.898s] GC(7) Using 4 workers of 4 for evacuation
[2020-06-12T15:04:01.932+0530][170.921s] GC(7)   Pre Evacuate Collection Set: 0.1ms
[2020-06-12T15:04:01.932+0530][170.921s] GC(7)   Merge Heap Roots: 0.1ms
[2020-06-12T15:04:01.932+0530][170.921s] GC(7)   Evacuate Collection Set: 21.5ms
[2020-06-12T15:04:01.932+0530][170.921s] GC(7)   Post Evacuate Collection Set: 0.9ms
[2020-06-12T15:04:01.932+0530][170.921s] GC(7)   Other: 0.4ms
[2020-06-12T15:04:01.932+0530][170.921s] GC(7) Eden regions: 302->0(297)
[2020-06-12T15:04:01.932+0530][170.921s] GC(7) Survivor regions: 5->10(39)
[2020-06-12T15:04:01.932+0530][170.921s] GC(7) Old regions: 19->19
[2020-06-12T15:04:01.932+0530][170.921s] GC(7) Archive regions: 0->0
[2020-06-12T15:04:01.932+0530][170.921s] GC(7) Humongous regions: 5->4
[2020-06-12T15:04:01.932+0530][170.921s] GC(7) Metaspace: 38775K(39856K)->38775K(39856K) NonClass: 34238K(34992K)->34238K(34992K) Class: 4536K(4864K)->4536K(4864K)
[2020-06-12T15:04:01.932+0530][170.921s] GC(7) Pause Young (Normal) (G1 Evacuation Pause) 330M->32M(512M) 23.461ms
[2020-06-12T15:04:01.932+0530][170.921s] GC(7) User=0.05s Sys=0.00s Real=0.02s
[2020-06-12T15:04:12.303+0530][181.292s] GC(8) Pause Young (Normal) (G1 Evacuation Pause)
[2020-06-12T15:04:12.303+0530][181.292s] GC(8) Using 4 workers of 4 for evacuation
[2020-06-12T15:04:12.352+0530][181.341s] GC(8)   Pre Evacuate Collection Set: 0.2ms
[2020-06-12T15:04:12.352+0530][181.341s] GC(8)   Merge Heap Roots: 0.2ms
[2020-06-12T15:04:12.352+0530][181.341s] GC(8)   Evacuate Collection Set: 46.4ms
[2020-06-12T15:04:12.352+0530][181.341s] GC(8)   Post Evacuate Collection Set: 1.6ms
[2020-06-12T15:04:12.352+0530][181.341s] GC(8)   Other: 0.6ms
[2020-06-12T15:04:12.352+0530][181.341s] GC(8) Eden regions: 297->0(290)
[2020-06-12T15:04:12.352+0530][181.341s] GC(8) Survivor regions: 10->17(39)
[2020-06-12T15:04:12.352+0530][181.341s] GC(8) Old regions: 19->19
[2020-06-12T15:04:12.352+0530][181.341s] GC(8) Archive regions: 0->0
[2020-06-12T15:04:12.352+0530][181.341s] GC(8) Humongous regions: 4->4
[2020-06-12T15:04:12.352+0530][181.341s] GC(8) Metaspace: 47552K(48816K)->47552K(48816K) NonClass: 41912K(42672K)->41912K(42672K) Class: 5639K(6144K)->5639K(6144K)
[2020-06-12T15:04:12.352+0530][181.341s] GC(8) Pause Young (Normal) (G1 Evacuation Pause) 329M->40M(512M) 49.387ms
[2020-06-12T15:04:12.352+0530][181.342s] GC(8) User=0.19s Sys=0.00s Real=0.05s
[2020-06-12T15:04:15.446+0530][184.436s] GC(9) Pause Young (Normal) (G1 Evacuation Pause)
[2020-06-12T15:04:15.446+0530][184.436s] GC(9) Using 4 workers of 4 for evacuation
[2020-06-12T15:04:15.477+0530][184.467s] GC(9)   Pre Evacuate Collection Set: 0.1ms
[2020-06-12T15:04:15.477+0530][184.467s] GC(9)   Merge Heap Roots: 0.1ms
[2020-06-12T15:04:15.477+0530][184.467s] GC(9)   Evacuate Collection Set: 29.6ms
[2020-06-12T15:04:15.477+0530][184.467s] GC(9)   Post Evacuate Collection Set: 1.0ms
[2020-06-12T15:04:15.477+0530][184.467s] GC(9)   Other: 0.4ms
[2020-06-12T15:04:15.478+0530][184.467s] GC(9) Eden regions: 290->0(287)
[2020-06-12T15:04:15.478+0530][184.467s] GC(9) Survivor regions: 17->20(39)
[2020-06-12T15:04:15.478+0530][184.467s] GC(9) Old regions: 19->19
[2020-06-12T15:04:15.478+0530][184.468s] GC(9) Archive regions: 0->0
[2020-06-12T15:04:15.478+0530][184.468s] GC(9) Humongous regions: 4->4
[2020-06-12T15:04:15.478+0530][184.468s] GC(9) Metaspace: 47685K(49072K)->47685K(49072K) NonClass: 42040K(42928K)->42040K(42928K) Class: 5645K(6144K)->5645K(6144K)
[2020-06-12T15:04:15.478+0530][184.468s] GC(9) Pause Young (Normal) (G1 Evacuation Pause) 330M->42M(512M) 31.630ms
[2020-06-12T15:04:15.478+0530][184.468s] GC(9) User=0.13s Sys=0.00s Real=0.03s
[2020-06-12T15:31:44.655+0530][1833.644s] GC(10) Pause Young (Normal) (G1 Evacuation Pause)
[2020-06-12T15:31:44.655+0530][1833.644s] GC(10) Using 4 workers of 4 for evacuation
[2020-06-12T15:31:44.708+0530][1833.698s] GC(10)   Pre Evacuate Collection Set: 0.1ms
[2020-06-12T15:31:44.709+0530][1833.698s] GC(10)   Merge Heap Roots: 0.1ms
[2020-06-12T15:31:44.709+0530][1833.698s] GC(10)   Evacuate Collection Set: 51.4ms
[2020-06-12T15:31:44.709+0530][1833.698s] GC(10)   Post Evacuate Collection Set: 1.8ms
[2020-06-12T15:31:44.709+0530][1833.698s] GC(10)   Other: 0.5ms
[2020-06-12T15:31:44.709+0530][1833.698s] GC(10) Eden regions: 287->0(283)
[2020-06-12T15:31:44.709+0530][1833.698s] GC(10) Survivor regions: 20->24(39)
[2020-06-12T15:31:44.709+0530][1833.698s] GC(10) Old regions: 19->19
[2020-06-12T15:31:44.709+0530][1833.698s] GC(10) Archive regions: 0->0
[2020-06-12T15:31:44.709+0530][1833.698s] GC(10) Humongous regions: 4->4
[2020-06-12T15:31:44.709+0530][1833.698s] GC(10) Metaspace: 48355K(49584K)->48355K(49584K) NonClass: 42687K(43440K)->42687K(43440K) Class: 5668K(6144K)->5668K(6144K)
[2020-06-12T15:31:44.709+0530][1833.698s] GC(10) Pause Young (Normal) (G1 Evacuation Pause) 329M->46M(512M) 54.262ms
[2020-06-12T15:31:44.709+0530][1833.698s] GC(10) User=0.14s Sys=0.02s Real=0.05s
[2020-06-12T15:31:46.118+0530][1835.107s] GC(11) Pause Young (Normal) (G1 Evacuation Pause)
[2020-06-12T15:31:46.118+0530][1835.107s] GC(11) Using 4 workers of 4 for evacuation
[2020-06-12T15:31:46.156+0530][1835.146s] GC(11)   Pre Evacuate Collection Set: 0.1ms
[2020-06-12T15:31:46.156+0530][1835.146s] GC(11)   Merge Heap Roots: 0.1ms
[2020-06-12T15:31:46.156+0530][1835.146s] GC(11)   Evacuate Collection Set: 36.8ms
[2020-06-12T15:31:46.156+0530][1835.146s] GC(11)   Post Evacuate Collection Set: 1.2ms
[2020-06-12T15:31:46.157+0530][1835.146s] GC(11)   Other: 0.3ms
[2020-06-12T15:31:46.157+0530][1835.146s] GC(11) Eden regions: 283->0(290)
[2020-06-12T15:31:46.157+0530][1835.146s] GC(11) Survivor regions: 24->17(39)
[2020-06-12T15:31:46.157+0530][1835.146s] GC(11) Old regions: 19->24
[2020-06-12T15:31:46.157+0530][1835.146s] GC(11) Archive regions: 0->0
[2020-06-12T15:31:46.157+0530][1835.146s] GC(11) Humongous regions: 4->4
[2020-06-12T15:31:46.157+0530][1835.146s] GC(11) Metaspace: 48395K(49584K)->48395K(49584K) NonClass: 42727K(43440K)->42727K(43440K) Class: 5668K(6144K)->5668K(6144K)
[2020-06-12T15:31:46.157+0530][1835.146s] GC(11) Pause Young (Normal) (G1 Evacuation Pause) 329M->44M(512M) 39.094ms
[2020-06-12T15:31:46.157+0530][1835.146s] GC(11) User=0.16s Sys=0.00s Real=0.04s
[2020-06-12T15:32:28.356+0530][1877.345s] GC(12) Pause Young (Normal) (G1 Evacuation Pause)
[2020-06-12T15:32:28.356+0530][1877.345s] GC(12) Using 4 workers of 4 for evacuation
[2020-06-12T15:32:28.387+0530][1877.376s] GC(12)   Pre Evacuate Collection Set: 0.1ms
[2020-06-12T15:32:28.387+0530][1877.376s] GC(12)   Merge Heap Roots: 0.1ms
[2020-06-12T15:32:28.387+0530][1877.376s] GC(12)   Evacuate Collection Set: 28.2ms
[2020-06-12T15:32:28.388+0530][1877.377s] GC(12)   Post Evacuate Collection Set: 2.8ms
[2020-06-12T15:32:28.388+0530][1877.377s] GC(12)   Other: 0.4ms
[2020-06-12T15:32:28.388+0530][1877.377s] GC(12) Eden regions: 290->0(288)
[2020-06-12T15:32:28.388+0530][1877.377s] GC(12) Survivor regions: 17->19(39)
[2020-06-12T15:32:28.388+0530][1877.377s] GC(12) Old regions: 24->24
[2020-06-12T15:32:28.388+0530][1877.377s] GC(12) Archive regions: 0->0
[2020-06-12T15:32:28.388+0530][1877.377s] GC(12) Humongous regions: 4->4
[2020-06-12T15:32:28.388+0530][1877.377s] GC(12) Metaspace: 48555K(49840K)->48555K(49840K) NonClass: 42878K(43696K)->42878K(43696K) Class: 5676K(6144K)->5676K(6144K)
[2020-06-12T15:32:28.388+0530][1877.377s] GC(12) Pause Young (Normal) (G1 Evacuation Pause) 334M->46M(512M) 32.056ms
[2020-06-12T15:32:28.388+0530][1877.377s] GC(12) User=0.13s Sys=0.00s Real=0.03s
[2020-06-12T15:32:55.239+0530][1904.228s] GC(13) Pause Young (Normal) (G1 Evacuation Pause)
[2020-06-12T15:32:55.239+0530][1904.228s] GC(13) Using 4 workers of 4 for evacuation
[2020-06-12T15:32:55.268+0530][1904.257s] GC(13)   Pre Evacuate Collection Set: 0.1ms
[2020-06-12T15:32:55.268+0530][1904.257s] GC(13)   Merge Heap Roots: 0.1ms
[2020-06-12T15:32:55.268+0530][1904.257s] GC(13)   Evacuate Collection Set: 26.1ms
[2020-06-12T15:32:55.268+0530][1904.258s] GC(13)   Post Evacuate Collection Set: 2.9ms
[2020-06-12T15:32:55.268+0530][1904.258s] GC(13)   Other: 0.3ms
[2020-06-12T15:32:55.268+0530][1904.258s] GC(13) Eden regions: 288->0(288)
[2020-06-12T15:32:55.268+0530][1904.258s] GC(13) Survivor regions: 19->19(39)
[2020-06-12T15:32:55.268+0530][1904.258s] GC(13) Old regions: 24->24
[2020-06-12T15:32:55.268+0530][1904.258s] GC(13) Archive regions: 0->0
[2020-06-12T15:32:55.268+0530][1904.258s] GC(13) Humongous regions: 4->4
[2020-06-12T15:32:55.269+0530][1904.258s] GC(13) Metaspace: 48729K(50096K)->48729K(50096K) NonClass: 43039K(43952K)->43039K(43952K) Class: 5690K(6144K)->5690K(6144K)
[2020-06-12T15:32:55.269+0530][1904.258s] GC(13) Pause Young (Normal) (G1 Evacuation Pause) 334M->46M(512M) 29.937ms
[2020-06-12T15:32:55.269+0530][1904.258s] GC(13) User=0.13s Sys=0.00s Real=0.03s
[2020-06-12T15:32:56.997+0530][1905.986s] GC(14) Pause Young (Normal) (G1 Evacuation Pause)
[2020-06-12T15:32:56.997+0530][1905.987s] GC(14) Using 4 workers of 4 for evacuation
[2020-06-12T15:32:57.025+0530][1906.014s] GC(14)   Pre Evacuate Collection Set: 0.1ms
[2020-06-12T15:32:57.025+0530][1906.014s] GC(14)   Merge Heap Roots: 0.1ms
[2020-06-12T15:32:57.025+0530][1906.014s] GC(14)   Evacuate Collection Set: 25.6ms
[2020-06-12T15:32:57.025+0530][1906.014s] GC(14)   Post Evacuate Collection Set: 1.5ms
[2020-06-12T15:32:57.025+0530][1906.014s] GC(14)   Other: 0.3ms
[2020-06-12T15:32:57.025+0530][1906.014s] GC(14) Eden regions: 288->0(289)
[2020-06-12T15:32:57.025+0530][1906.014s] GC(14) Survivor regions: 19->18(39)
[2020-06-12T15:32:57.025+0530][1906.014s] GC(14) Old regions: 24->24
[2020-06-12T15:32:57.025+0530][1906.014s] GC(14) Archive regions: 0->0
[2020-06-12T15:32:57.025+0530][1906.014s] GC(14) Humongous regions: 4->4
[2020-06-12T15:32:57.025+0530][1906.014s] GC(14) Metaspace: 48743K(50096K)->48743K(50096K) NonClass: 43052K(43952K)->43052K(43952K) Class: 5690K(6144K)->5690K(6144K)
[2020-06-12T15:32:57.025+0530][1906.015s] GC(14) Pause Young (Normal) (G1 Evacuation Pause) 334M->45M(512M) 28.050ms
[2020-06-12T15:32:57.025+0530][1906.015s] GC(14) User=0.06s Sys=0.00s Real=0.03s
[2020-06-12T15:33:31.279+0530][1940.268s] GC(15) Pause Young (Normal) (G1 Evacuation Pause)
[2020-06-12T15:33:31.279+0530][1940.268s] GC(15) Using 4 workers of 4 for evacuation
[2020-06-12T15:33:31.313+0530][1940.302s] GC(15)   Pre Evacuate Collection Set: 0.1ms
[2020-06-12T15:33:31.313+0530][1940.302s] GC(15)   Merge Heap Roots: 0.1ms
[2020-06-12T15:33:31.313+0530][1940.302s] GC(15)   Evacuate Collection Set: 29.0ms
[2020-06-12T15:33:31.313+0530][1940.302s] GC(15)   Post Evacuate Collection Set: 4.8ms
[2020-06-12T15:33:31.313+0530][1940.303s] GC(15)   Other: 0.3ms
[2020-06-12T15:33:31.313+0530][1940.303s] GC(15) Eden regions: 289->0(287)
[2020-06-12T15:33:31.314+0530][1940.303s] GC(15) Survivor regions: 18->20(39)
[2020-06-12T15:33:31.314+0530][1940.303s] GC(15) Old regions: 24->24
[2020-06-12T15:33:31.314+0530][1940.303s] GC(15) Archive regions: 0->0
[2020-06-12T15:33:31.314+0530][1940.303s] GC(15) Humongous regions: 4->4
[2020-06-12T15:33:31.314+0530][1940.303s] GC(15) Metaspace: 48807K(50096K)->48807K(50096K) NonClass: 43115K(43952K)->43115K(43952K) Class: 5691K(6144K)->5691K(6144K)
[2020-06-12T15:33:31.314+0530][1940.303s] GC(15) Pause Young (Normal) (G1 Evacuation Pause) 334M->47M(512M) 34.752ms
[2020-06-12T15:33:31.314+0530][1940.303s] GC(15) User=0.13s Sys=0.00s Real=0.03s
[2020-06-12T15:33:32.369+0530][1941.358s] GC(16) Pause Young (Normal) (G1 Evacuation Pause)
[2020-06-12T15:33:32.369+0530][1941.358s] GC(16) Using 4 workers of 4 for evacuation
[2020-06-12T15:33:32.399+0530][1941.389s] GC(16)   Pre Evacuate Collection Set: 0.1ms
[2020-06-12T15:33:32.399+0530][1941.389s] GC(16)   Merge Heap Roots: 0.1ms
[2020-06-12T15:33:32.399+0530][1941.389s] GC(16)   Evacuate Collection Set: 29.0ms
[2020-06-12T15:33:32.399+0530][1941.389s] GC(16)   Post Evacuate Collection Set: 1.1ms
[2020-06-12T15:33:32.400+0530][1941.389s] GC(16)   Other: 0.3ms
[2020-06-12T15:33:32.400+0530][1941.389s] GC(16) Eden regions: 287->0(287)
[2020-06-12T15:33:32.400+0530][1941.389s] GC(16) Survivor regions: 20->20(39)
[2020-06-12T15:33:32.400+0530][1941.389s] GC(16) Old regions: 24->24
[2020-06-12T15:33:32.400+0530][1941.389s] GC(16) Archive regions: 0->0
[2020-06-12T15:33:32.400+0530][1941.389s] GC(16) Humongous regions: 4->4
[2020-06-12T15:33:32.400+0530][1941.389s] GC(16) Metaspace: 48915K(50352K)->48915K(50352K) NonClass: 43208K(44208K)->43208K(44208K) Class: 5707K(6144K)->5707K(6144K)
[2020-06-12T15:33:32.400+0530][1941.389s] GC(16) Pause Young (Normal) (G1 Evacuation Pause) 334M->47M(512M) 31.133ms
[2020-06-12T15:33:32.400+0530][1941.389s] GC(16) User=0.13s Sys=0.00s Real=0.03s
[2020-06-13T09:58:40.114+0530][68255.744s] GC(17) Pause Young (Concurrent Start) (Metadata GC Threshold)
[2020-06-13T09:58:40.114+0530][68255.744s] GC(17) Using 4 workers of 4 for evacuation
[2020-06-13T09:58:40.154+0530][68255.785s] GC(17)   Pre Evacuate Collection Set: 0.2ms
[2020-06-13T09:58:40.154+0530][68255.785s] GC(17)   Merge Heap Roots: 0.1ms
[2020-06-13T09:58:40.154+0530][68255.785s] GC(17)   Evacuate Collection Set: 34.8ms
[2020-06-13T09:58:40.154+0530][68255.785s] GC(17)   Post Evacuate Collection Set: 5.1ms
[2020-06-13T09:58:40.154+0530][68255.785s] GC(17)   Other: 0.5ms
[2020-06-13T09:58:40.155+0530][68255.785s] GC(17) Eden regions: 273->0(280)
[2020-06-13T09:58:40.155+0530][68255.785s] GC(17) Survivor regions: 20->27(39)
[2020-06-13T09:58:40.155+0530][68255.785s] GC(17) Old regions: 24->24
[2020-06-13T09:58:40.155+0530][68255.785s] GC(17) Archive regions: 0->0
[2020-06-13T09:58:40.155+0530][68255.785s] GC(17) Humongous regions: 35->7
[2020-06-13T09:58:40.155+0530][68255.785s] GC(17) Metaspace: 58679K(60208K)->58679K(60208K) NonClass: 51982K(52912K)->51982K(52912K) Class: 6696K(7296K)->6696K(7296K)
[2020-06-13T09:58:40.155+0530][68255.785s] GC(17) Pause Young (Concurrent Start) (Metadata GC Threshold) 350M->57M(512M) 40.914ms
[2020-06-13T09:58:40.155+0530][68255.785s] GC(17) User=0.17s Sys=0.02s Real=0.04s
[2020-06-13T09:58:40.155+0530][68255.785s] GC(18) Concurrent Cycle
[2020-06-13T09:58:40.155+0530][68255.785s] GC(18) Concurrent Clear Claimed Marks
[2020-06-13T09:58:40.155+0530][68255.785s] GC(18) Concurrent Clear Claimed Marks 0.127ms
[2020-06-13T09:58:40.155+0530][68255.785s] GC(18) Concurrent Scan Root Regions
[2020-06-13T09:58:40.185+0530][68255.816s] GC(18) Concurrent Scan Root Regions 30.283ms
[2020-06-13T09:58:40.186+0530][68255.816s] GC(18) Concurrent Mark (68255.816s)
[2020-06-13T09:58:40.186+0530][68255.816s] GC(18) Concurrent Mark From Roots
[2020-06-13T09:58:40.186+0530][68255.816s] GC(18) Using 1 workers of 1 for marking
[2020-06-13T09:58:40.269+0530][68255.900s] GC(18) Concurrent Mark From Roots 83.588ms
[2020-06-13T09:58:40.269+0530][68255.900s] GC(18) Concurrent Preclean
[2020-06-13T09:58:40.270+0530][68255.900s] GC(18) Concurrent Preclean 0.485ms
[2020-06-13T09:58:40.270+0530][68255.900s] GC(18) Concurrent Mark (68255.816s, 68255.900s) 84.243ms
[2020-06-13T09:58:40.270+0530][68255.900s] GC(18) Pause Remark
[2020-06-13T09:58:40.287+0530][68255.917s] GC(18) Pause Remark 58M->58M(512M) 16.536ms
[2020-06-13T09:58:40.287+0530][68255.917s] GC(18) User=0.06s Sys=0.00s Real=0.02s
[2020-06-13T09:58:40.287+0530][68255.917s] GC(18) Concurrent Rebuild Remembered Sets
[2020-06-13T09:58:40.335+0530][68255.965s] GC(18) Concurrent Rebuild Remembered Sets 48.179ms
[2020-06-13T09:58:40.336+0530][68255.966s] GC(18) Pause Cleanup
[2020-06-13T09:58:40.336+0530][68255.966s] GC(18) Pause Cleanup 58M->58M(512M) 0.241ms
[2020-06-13T09:58:40.336+0530][68255.966s] GC(18) User=0.00s Sys=0.00s Real=0.00s
[2020-06-13T09:58:40.336+0530][68255.966s] GC(18) Concurrent Cleanup for Next Mark
[2020-06-13T09:58:40.342+0530][68255.972s] GC(18) Concurrent Cleanup for Next Mark 5.926ms
[2020-06-13T09:58:40.342+0530][68255.972s] GC(18) Concurrent Cycle 187.086ms
[2020-06-14T16:13:36.404+0530][177167.844s] GC(19) Pause Young (Normal) (G1 Evacuation Pause)
[2020-06-14T16:13:36.404+0530][177167.844s] GC(19) Using 4 workers of 4 for evacuation
[2020-06-14T16:13:36.535+0530][177167.975s] GC(19)   Pre Evacuate Collection Set: 0.8ms
[2020-06-14T16:13:36.535+0530][177167.975s] GC(19)   Merge Heap Roots: 0.7ms
[2020-06-14T16:13:36.535+0530][177167.975s] GC(19)   Evacuate Collection Set: 125.0ms
[2020-06-14T16:13:36.535+0530][177167.975s] GC(19)   Post Evacuate Collection Set: 3.5ms
[2020-06-14T16:13:36.535+0530][177167.975s] GC(19)   Other: 1.5ms
[2020-06-14T16:13:36.535+0530][177167.975s] GC(19) Eden regions: 280->0(287)
[2020-06-14T16:13:36.535+0530][177167.975s] GC(19) Survivor regions: 27->20(39)
[2020-06-14T16:13:36.535+0530][177167.975s] GC(19) Old regions: 24->31
[2020-06-14T16:13:36.535+0530][177167.975s] GC(19) Archive regions: 0->0
[2020-06-14T16:13:36.535+0530][177167.975s] GC(19) Humongous regions: 7->7
[2020-06-14T16:13:36.535+0530][177167.975s] GC(19) Metaspace: 60869K(62640K)->60869K(62640K) NonClass: 54093K(55216K)->54093K(55216K) Class: 6776K(7424K)->6776K(7424K)
[2020-06-14T16:13:36.535+0530][177167.975s] GC(19) Pause Young (Normal) (G1 Evacuation Pause) 337M->57M(512M) 131.604ms
[2020-06-14T16:13:36.536+0530][177167.975s] GC(19) User=0.13s Sys=0.34s Real=0.13s
