[2020-06-21T08:59:33.788+0530][0.037s] Heap region size: 1M
[2020-06-21T08:59:33.789+0530][0.038s] Heap address: 0x00000000e0000000, size: 512 MB, Compressed Oops mode: 32-bit
[2020-06-21T08:59:34.156+0530][0.404s] Using G1
[2020-06-21T08:59:34.197+0530][0.446s] Periodic GC disabled
[2020-06-21T08:59:35.725+0530][1.974s] GC(0) Pause Young (Normal) (G1 Evacuation Pause)
[2020-06-21T08:59:35.725+0530][1.974s] GC(0) Using 4 workers of 4 for evacuation
[2020-06-21T08:59:35.738+0530][1.987s] GC(0)   Pre Evacuate Collection Set: 0.1ms
[2020-06-21T08:59:35.738+0530][1.987s] GC(0)   Merge Heap Roots: 0.1ms
[2020-06-21T08:59:35.739+0530][1.987s] GC(0)   Evacuate Collection Set: 12.1ms
[2020-06-21T08:59:35.739+0530][1.987s] GC(0)   Post Evacuate Collection Set: 0.6ms
[2020-06-21T08:59:35.743+0530][1.991s] GC(0)   Other: 0.9ms
[2020-06-21T08:59:35.743+0530][1.992s] GC(0) Eden regions: 25->0(30)
[2020-06-21T08:59:35.743+0530][1.992s] GC(0) Survivor regions: 0->3(4)
[2020-06-21T08:59:35.743+0530][1.992s] GC(0) Old regions: 0->0
[2020-06-21T08:59:35.743+0530][1.992s] GC(0) Archive regions: 0->0
[2020-06-21T08:59:35.743+0530][1.992s] GC(0) Humongous regions: 0->0
[2020-06-21T08:59:35.743+0530][1.992s] GC(0) Metaspace: 5648K(7552K)->5648K(7552K) NonClass: 4967K(6656K)->4967K(6656K) Class: 680K(896K)->680K(896K)
[2020-06-21T08:59:35.743+0530][1.992s] GC(0) Pause Young (Normal) (G1 Evacuation Pause) 25M->2M(512M) 18.258ms
[2020-06-21T08:59:35.743+0530][1.992s] GC(0) User=0.02s Sys=0.00s Real=0.02s
[2020-06-21T08:59:37.429+0530][3.678s] GC(1) Pause Young (Normal) (G1 Evacuation Pause)
[2020-06-21T08:59:37.429+0530][3.678s] GC(1) Using 4 workers of 4 for evacuation
[2020-06-21T08:59:37.453+0530][3.702s] GC(1)   Pre Evacuate Collection Set: 0.1ms
[2020-06-21T08:59:37.454+0530][3.702s] GC(1)   Merge Heap Roots: 0.1ms
[2020-06-21T08:59:37.454+0530][3.702s] GC(1)   Evacuate Collection Set: 23.5ms
[2020-06-21T08:59:37.454+0530][3.703s] GC(1)   Post Evacuate Collection Set: 0.7ms
[2020-06-21T08:59:37.454+0530][3.703s] GC(1)   Other: 0.3ms
[2020-06-21T08:59:37.454+0530][3.703s] GC(1) Eden regions: 30->0(60)
[2020-06-21T08:59:37.454+0530][3.703s] GC(1) Survivor regions: 3->5(5)
[2020-06-21T08:59:37.454+0530][3.703s] GC(1) Old regions: 0->7
[2020-06-21T08:59:37.454+0530][3.703s] GC(1) Archive regions: 0->0
[2020-06-21T08:59:37.454+0530][3.703s] GC(1) Humongous regions: 4->4
[2020-06-21T08:59:37.454+0530][3.703s] GC(1) Metaspace: 13753K(14336K)->13753K(14336K) NonClass: 12130K(12544K)->12130K(12544K) Class: 1622K(1792K)->1622K(1792K)
[2020-06-21T08:59:37.454+0530][3.703s] GC(1) Pause Young (Normal) (G1 Evacuation Pause) 36M->15M(512M) 25.362ms
[2020-06-21T08:59:37.454+0530][3.703s] GC(1) User=0.06s Sys=0.00s Real=0.03s
[2020-06-21T08:59:48.635+0530][14.884s] GC(2) Pause Young (Normal) (G1 Evacuation Pause)
[2020-06-21T08:59:48.635+0530][14.884s] GC(2) Using 4 workers of 4 for evacuation
[2020-06-21T08:59:48.650+0530][14.899s] GC(2)   Pre Evacuate Collection Set: 0.1ms
[2020-06-21T08:59:48.650+0530][14.899s] GC(2)   Merge Heap Roots: 0.1ms
[2020-06-21T08:59:48.650+0530][14.899s] GC(2)   Evacuate Collection Set: 13.2ms
[2020-06-21T08:59:48.650+0530][14.899s] GC(2)   Post Evacuate Collection Set: 1.3ms
[2020-06-21T08:59:48.651+0530][14.899s] GC(2)   Other: 0.3ms
[2020-06-21T08:59:48.651+0530][14.899s] GC(2) Eden regions: 59->0(100)
[2020-06-21T08:59:48.651+0530][14.899s] GC(2) Survivor regions: 5->8(8)
[2020-06-21T08:59:48.651+0530][14.899s] GC(2) Old regions: 7->12
[2020-06-21T08:59:48.651+0530][14.899s] GC(2) Archive regions: 0->0
[2020-06-21T08:59:48.651+0530][14.899s] GC(2) Humongous regions: 4->4
[2020-06-21T08:59:48.651+0530][14.899s] GC(2) Metaspace: 19656K(20480K)->19656K(20480K) NonClass: 17346K(17920K)->17346K(17920K) Class: 2310K(2560K)->2310K(2560K)
[2020-06-21T08:59:48.651+0530][14.899s] GC(2) Pause Young (Normal) (G1 Evacuation Pause) 74M->23M(512M) 15.413ms
[2020-06-21T08:59:48.651+0530][14.899s] GC(2) User=0.06s Sys=0.00s Real=0.02s
[2020-06-21T08:59:49.269+0530][15.518s] GC(3) Pause Young (Concurrent Start) (Metadata GC Threshold)
[2020-06-21T08:59:49.269+0530][15.518s] GC(3) Using 4 workers of 4 for evacuation
[2020-06-21T08:59:49.275+0530][15.524s] GC(3)   Pre Evacuate Collection Set: 0.1ms
[2020-06-21T08:59:49.275+0530][15.524s] GC(3)   Merge Heap Roots: 0.1ms
[2020-06-21T08:59:49.275+0530][15.524s] GC(3)   Evacuate Collection Set: 5.7ms
[2020-06-21T08:59:49.275+0530][15.524s] GC(3)   Post Evacuate Collection Set: 0.5ms
[2020-06-21T08:59:49.275+0530][15.524s] GC(3)   Other: 0.3ms
[2020-06-21T08:59:49.275+0530][15.525s] GC(3) Eden regions: 13->0(291)
[2020-06-21T08:59:49.275+0530][15.525s] GC(3) Survivor regions: 8->7(14)
[2020-06-21T08:59:49.275+0530][15.525s] GC(3) Old regions: 12->12
[2020-06-21T08:59:49.276+0530][15.525s] GC(3) Archive regions: 0->0
[2020-06-21T08:59:49.276+0530][15.525s] GC(3) Humongous regions: 4->4
[2020-06-21T08:59:49.276+0530][15.525s] GC(3) Metaspace: 20571K(21296K)->20571K(21296K) NonClass: 18184K(18608K)->18184K(18608K) Class: 2387K(2688K)->2387K(2688K)
[2020-06-21T08:59:49.276+0530][15.525s] GC(3) Pause Young (Concurrent Start) (Metadata GC Threshold) 36M->22M(512M) 7.078ms
[2020-06-21T08:59:49.276+0530][15.525s] GC(3) User=0.00s Sys=0.00s Real=0.01s
[2020-06-21T08:59:49.276+0530][15.525s] GC(4) Concurrent Cycle
[2020-06-21T08:59:49.276+0530][15.525s] GC(4) Concurrent Clear Claimed Marks
[2020-06-21T08:59:49.276+0530][15.525s] GC(4) Concurrent Clear Claimed Marks 0.044ms
[2020-06-21T08:59:49.276+0530][15.525s] GC(4) Concurrent Scan Root Regions
[2020-06-21T08:59:49.280+0530][15.529s] GC(4) Concurrent Scan Root Regions 3.948ms
[2020-06-21T08:59:49.280+0530][15.529s] GC(4) Concurrent Mark (15.529s)
[2020-06-21T08:59:49.280+0530][15.529s] GC(4) Concurrent Mark From Roots
[2020-06-21T08:59:49.280+0530][15.529s] GC(4) Using 1 workers of 1 for marking
[2020-06-21T08:59:49.338+0530][15.587s] GC(4) Concurrent Mark From Roots 57.730ms
[2020-06-21T08:59:49.338+0530][15.587s] GC(4) Concurrent Preclean
[2020-06-21T08:59:49.338+0530][15.587s] GC(4) Concurrent Preclean 0.209ms
[2020-06-21T08:59:49.338+0530][15.587s] GC(4) Concurrent Mark (15.529s, 15.587s) 58.111ms
[2020-06-21T08:59:49.338+0530][15.587s] GC(4) Pause Remark
[2020-06-21T08:59:49.341+0530][15.590s] GC(4) Pause Remark 25M->25M(512M) 2.550ms
[2020-06-21T08:59:49.341+0530][15.590s] GC(4) User=0.00s Sys=0.00s Real=0.00s
[2020-06-21T08:59:49.341+0530][15.590s] GC(4) Concurrent Rebuild Remembered Sets
[2020-06-21T08:59:49.377+0530][15.626s] GC(4) Concurrent Rebuild Remembered Sets 35.782ms
[2020-06-21T08:59:49.378+0530][15.627s] GC(4) Pause Cleanup
[2020-06-21T08:59:49.378+0530][15.627s] GC(4) Pause Cleanup 28M->28M(512M) 0.170ms
[2020-06-21T08:59:49.378+0530][15.627s] GC(4) User=0.00s Sys=0.00s Real=0.00s
[2020-06-21T08:59:49.378+0530][15.627s] GC(4) Concurrent Cleanup for Next Mark
[2020-06-21T08:59:49.379+0530][15.628s] GC(4) Concurrent Cleanup for Next Mark 0.921ms
[2020-06-21T08:59:49.379+0530][15.628s] GC(4) Concurrent Cycle 103.224ms
[2020-06-21T09:00:01.049+0530][27.310s] GC(5) Pause Young (Concurrent Start) (Metadata GC Threshold)
[2020-06-21T09:00:01.049+0530][27.310s] GC(5) Using 4 workers of 4 for evacuation
[2020-06-21T09:00:01.080+0530][27.335s] GC(5)   Pre Evacuate Collection Set: 0.2ms
[2020-06-21T09:00:01.080+0530][27.335s] GC(5)   Merge Heap Roots: 0.1ms
[2020-06-21T09:00:01.080+0530][27.335s] GC(5)   Evacuate Collection Set: 22.9ms
[2020-06-21T09:00:01.080+0530][27.335s] GC(5)   Post Evacuate Collection Set: 1.1ms
[2020-06-21T09:00:01.080+0530][27.335s] GC(5)   Other: 0.4ms
[2020-06-21T09:00:01.080+0530][27.335s] GC(5) Eden regions: 224->0(293)
[2020-06-21T09:00:01.080+0530][27.335s] GC(5) Survivor regions: 7->14(39)
[2020-06-21T09:00:01.080+0530][27.335s] GC(5) Old regions: 12->12
[2020-06-21T09:00:01.080+0530][27.335s] GC(5) Archive regions: 0->0
[2020-06-21T09:00:01.080+0530][27.335s] GC(5) Humongous regions: 4->4
[2020-06-21T09:00:01.080+0530][27.335s] GC(5) Metaspace: 35041K(35920K)->35041K(35920K) NonClass: 31004K(31568K)->31004K(31568K) Class: 4037K(4352K)->4037K(4352K)
[2020-06-21T09:00:01.080+0530][27.335s] GC(5) Pause Young (Concurrent Start) (Metadata GC Threshold) 246M->29M(512M) 25.072ms
[2020-06-21T09:00:01.080+0530][27.335s] GC(5) User=0.13s Sys=0.00s Real=0.03s
[2020-06-21T09:00:01.080+0530][27.336s] GC(6) Concurrent Cycle
[2020-06-21T09:00:01.080+0530][27.336s] GC(6) Concurrent Clear Claimed Marks
[2020-06-21T09:00:01.080+0530][27.336s] GC(6) Concurrent Clear Claimed Marks 0.081ms
[2020-06-21T09:00:01.080+0530][27.336s] GC(6) Concurrent Scan Root Regions
[2020-06-21T09:00:01.096+0530][27.351s] GC(6) Concurrent Scan Root Regions 14.821ms
[2020-06-21T09:00:01.096+0530][27.351s] GC(6) Concurrent Mark (27.351s)
[2020-06-21T09:00:01.096+0530][27.351s] GC(6) Concurrent Mark From Roots
[2020-06-21T09:00:01.096+0530][27.351s] GC(6) Using 1 workers of 1 for marking
[2020-06-21T09:00:01.175+0530][27.424s] GC(6) Concurrent Mark From Roots 73.447ms
[2020-06-21T09:00:01.175+0530][27.424s] GC(6) Concurrent Preclean
[2020-06-21T09:00:01.176+0530][27.424s] GC(6) Concurrent Preclean 0.236ms
[2020-06-21T09:00:01.176+0530][27.424s] GC(6) Concurrent Mark (27.351s, 27.424s) 73.882ms
[2020-06-21T09:00:01.176+0530][27.425s] GC(6) Pause Remark
[2020-06-21T09:00:01.180+0530][27.428s] GC(6) Pause Remark 35M->35M(512M) 3.673ms
[2020-06-21T09:00:01.180+0530][27.428s] GC(6) User=0.00s Sys=0.00s Real=0.00s
[2020-06-21T09:00:01.180+0530][27.429s] GC(6) Concurrent Rebuild Remembered Sets
[2020-06-21T09:00:01.211+0530][27.463s] GC(6) Concurrent Rebuild Remembered Sets 34.664ms
[2020-06-21T09:00:01.211+0530][27.464s] GC(6) Pause Cleanup
[2020-06-21T09:00:01.211+0530][27.464s] GC(6) Pause Cleanup 44M->44M(512M) 0.206ms
[2020-06-21T09:00:01.211+0530][27.464s] GC(6) User=0.00s Sys=0.00s Real=0.00s
[2020-06-21T09:00:01.211+0530][27.465s] GC(6) Concurrent Cleanup for Next Mark
[2020-06-21T09:00:01.211+0530][27.466s] GC(6) Concurrent Cleanup for Next Mark 0.952ms
[2020-06-21T09:00:01.211+0530][27.466s] GC(6) Concurrent Cycle 130.208ms
[2020-06-21T09:00:02.403+0530][28.651s] GC(7) Pause Young (Concurrent Start) (G1 Evacuation Pause)
[2020-06-21T09:00:02.403+0530][28.652s] GC(7) Using 4 workers of 4 for evacuation
[2020-06-21T09:00:02.424+0530][28.672s] GC(7)   Pre Evacuate Collection Set: 0.1ms
[2020-06-21T09:00:02.424+0530][28.672s] GC(7)   Merge Heap Roots: 0.1ms
[2020-06-21T09:00:02.424+0530][28.672s] GC(7)   Evacuate Collection Set: 19.1ms
[2020-06-21T09:00:02.424+0530][28.672s] GC(7)   Post Evacuate Collection Set: 1.2ms
[2020-06-21T09:00:02.424+0530][28.673s] GC(7)   Other: 0.4ms
[2020-06-21T09:00:02.424+0530][28.673s] GC(7) Eden regions: 293->0(291)
[2020-06-21T09:00:02.424+0530][28.673s] GC(7) Survivor regions: 14->16(39)
[2020-06-21T09:00:02.424+0530][28.673s] GC(7) Old regions: 12->12
[2020-06-21T09:00:02.424+0530][28.673s] GC(7) Archive regions: 0->0
[2020-06-21T09:00:02.424+0530][28.673s] GC(7) Humongous regions: 5->4
[2020-06-21T09:00:02.424+0530][28.673s] GC(7) Metaspace: 39091K(40092K)->39091K(40092K) NonClass: 34511K(35152K)->34511K(35152K) Class: 4579K(4940K)->4579K(4940K)
[2020-06-21T09:00:02.424+0530][28.673s] GC(7) Pause Young (Concurrent Start) (G1 Evacuation Pause) 323M->32M(512M) 21.379ms
[2020-06-21T09:00:02.424+0530][28.673s] GC(7) User=0.06s Sys=0.00s Real=0.02s
[2020-06-21T09:00:02.424+0530][28.673s] GC(8) Concurrent Cycle
[2020-06-21T09:00:02.425+0530][28.673s] GC(8) Concurrent Clear Claimed Marks
[2020-06-21T09:00:02.425+0530][28.673s] GC(8) Concurrent Clear Claimed Marks 0.088ms
[2020-06-21T09:00:02.425+0530][28.673s] GC(8) Concurrent Scan Root Regions
[2020-06-21T09:00:02.442+0530][28.691s] GC(8) Concurrent Scan Root Regions 17.796ms
[2020-06-21T09:00:02.443+0530][28.691s] GC(8) Concurrent Mark (28.691s)
[2020-06-21T09:00:02.443+0530][28.691s] GC(8) Concurrent Mark From Roots
[2020-06-21T09:00:02.443+0530][28.691s] GC(8) Using 1 workers of 1 for marking
[2020-06-21T09:00:02.515+0530][28.763s] GC(8) Concurrent Mark From Roots 72.082ms
[2020-06-21T09:00:02.515+0530][28.763s] GC(8) Concurrent Preclean
[2020-06-21T09:00:02.515+0530][28.763s] GC(8) Concurrent Preclean 0.216ms
[2020-06-21T09:00:02.515+0530][28.764s] GC(8) Concurrent Mark (28.691s, 28.764s) 72.497ms
[2020-06-21T09:00:02.516+0530][28.764s] GC(8) Pause Remark
[2020-06-21T09:00:02.520+0530][28.769s] GC(8) Pause Remark 37M->37M(512M) 4.428ms
[2020-06-21T09:00:02.520+0530][28.769s] GC(8) User=0.06s Sys=0.00s Real=0.00s
[2020-06-21T09:00:02.528+0530][28.777s] GC(8) Concurrent Rebuild Remembered Sets
[2020-06-21T09:00:02.562+0530][28.810s] GC(8) Concurrent Rebuild Remembered Sets 33.350ms
[2020-06-21T09:00:02.562+0530][28.811s] GC(8) Pause Cleanup
[2020-06-21T09:00:02.562+0530][28.811s] GC(8) Pause Cleanup 38M->38M(512M) 0.185ms
[2020-06-21T09:00:02.562+0530][28.811s] GC(8) User=0.00s Sys=0.00s Real=0.00s
[2020-06-21T09:00:02.563+0530][28.811s] GC(8) Concurrent Cleanup for Next Mark
[2020-06-21T09:00:02.564+0530][28.812s] GC(8) Concurrent Cleanup for Next Mark 1.077ms
[2020-06-21T09:00:02.564+0530][28.813s] GC(8) Concurrent Cycle 139.569ms
[2020-06-21T09:00:04.020+0530][30.268s] GC(9) Pause Young (Normal) (G1 Evacuation Pause)
[2020-06-21T09:00:04.020+0530][30.268s] GC(9) Using 4 workers of 4 for evacuation
[2020-06-21T09:00:04.039+0530][30.288s] GC(9)   Pre Evacuate Collection Set: 0.1ms
[2020-06-21T09:00:04.039+0530][30.288s] GC(9)   Merge Heap Roots: 0.1ms
[2020-06-21T09:00:04.039+0530][30.288s] GC(9)   Evacuate Collection Set: 17.9ms
[2020-06-21T09:00:04.039+0530][30.288s] GC(9)   Post Evacuate Collection Set: 1.2ms
[2020-06-21T09:00:04.039+0530][30.288s] GC(9)   Other: 0.3ms
[2020-06-21T09:00:04.039+0530][30.288s] GC(9) Eden regions: 291->0(290)
[2020-06-21T09:00:04.040+0530][30.288s] GC(9) Survivor regions: 16->17(39)
[2020-06-21T09:00:04.040+0530][30.288s] GC(9) Old regions: 12->12
[2020-06-21T09:00:04.040+0530][30.288s] GC(9) Archive regions: 0->0
[2020-06-21T09:00:04.040+0530][30.288s] GC(9) Humongous regions: 4->4
[2020-06-21T09:00:04.040+0530][30.288s] GC(9) Metaspace: 40724K(41756K)->40724K(41756K) NonClass: 35990K(36688K)->35990K(36688K) Class: 4734K(5068K)->4734K(5068K)
[2020-06-21T09:00:04.040+0530][30.288s] GC(9) Pause Young (Normal) (G1 Evacuation Pause) 323M->32M(512M) 20.275ms
[2020-06-21T09:00:04.040+0530][30.288s] GC(9) User=0.06s Sys=0.00s Real=0.02s
[2020-06-21T09:00:13.067+0530][39.316s] GC(10) Pause Young (Normal) (G1 Evacuation Pause)
[2020-06-21T09:00:13.067+0530][39.316s] GC(10) Using 4 workers of 4 for evacuation
[2020-06-21T09:00:13.103+0530][39.352s] GC(10)   Pre Evacuate Collection Set: 0.1ms
[2020-06-21T09:00:13.103+0530][39.352s] GC(10)   Merge Heap Roots: 0.1ms
[2020-06-21T09:00:13.103+0530][39.352s] GC(10)   Evacuate Collection Set: 34.6ms
[2020-06-21T09:00:13.103+0530][39.352s] GC(10)   Post Evacuate Collection Set: 1.3ms
[2020-06-21T09:00:13.103+0530][39.352s] GC(10)   Other: 0.3ms
[2020-06-21T09:00:13.103+0530][39.352s] GC(10) Eden regions: 290->0(283)
[2020-06-21T09:00:13.103+0530][39.352s] GC(10) Survivor regions: 17->24(39)
[2020-06-21T09:00:13.103+0530][39.352s] GC(10) Old regions: 12->12
[2020-06-21T09:00:13.103+0530][39.352s] GC(10) Archive regions: 0->0
[2020-06-21T09:00:13.103+0530][39.352s] GC(10) Humongous regions: 4->4
[2020-06-21T09:00:13.103+0530][39.352s] GC(10) Metaspace: 48404K(49564K)->48404K(49564K) NonClass: 42646K(43344K)->42646K(43344K) Class: 5758K(6220K)->5758K(6220K)
[2020-06-21T09:00:13.103+0530][39.353s] GC(10) Pause Young (Normal) (G1 Evacuation Pause) 322M->40M(512M) 36.739ms
[2020-06-21T09:00:13.104+0530][39.353s] GC(10) User=0.09s Sys=0.02s Real=0.04s
[2020-06-21T10:00:22.369+0530][3648.618s] Heap
[2020-06-21T10:00:22.369+0530][3648.618s]  garbage-first heap   total 524288K, used 97280K [0x00000000e0000000, 0x0000000100000000)
[2020-06-21T10:00:22.369+0530][3648.618s]   region size 1024K, 80 young (81920K), 24 survivors (24576K)
[2020-06-21T10:00:22.369+0530][3648.618s]  Metaspace       used 50608K, capacity 51721K, committed 51868K, reserved 1095680K
[2020-06-21T10:00:22.369+0530][3648.618s]   class space    used 5973K, capacity 6387K, committed 6476K, reserved 1048576K
