[2020-06-20T10:59:34.310+0530][0.038s] Heap region size: 1M
[2020-06-20T10:59:34.311+0530][0.038s] Heap address: 0x00000000e0000000, size: 512 MB, Compressed Oops mode: 32-bit
[2020-06-20T10:59:34.760+0530][0.488s] Using G1
[2020-06-20T10:59:34.800+0530][0.528s] Periodic GC disabled
[2020-06-20T10:59:36.208+0530][1.936s] GC(0) Pause Young (Normal) (G1 Evacuation Pause)
[2020-06-20T10:59:36.209+0530][1.936s] GC(0) Using 4 workers of 4 for evacuation
[2020-06-20T10:59:36.217+0530][1.944s] GC(0)   Pre Evacuate Collection Set: 0.1ms
[2020-06-20T10:59:36.217+0530][1.944s] GC(0)   Merge Heap Roots: 0.1ms
[2020-06-20T10:59:36.217+0530][1.944s] GC(0)   Evacuate Collection Set: 7.0ms
[2020-06-20T10:59:36.217+0530][1.944s] GC(0)   Post Evacuate Collection Set: 0.6ms
[2020-06-20T10:59:36.274+0530][2.001s] GC(0)   Other: 0.8ms
[2020-06-20T10:59:36.274+0530][2.001s] GC(0) Eden regions: 25->0(30)
[2020-06-20T10:59:36.274+0530][2.001s] GC(0) Survivor regions: 0->3(4)
[2020-06-20T10:59:36.274+0530][2.001s] GC(0) Old regions: 0->0
[2020-06-20T10:59:36.274+0530][2.001s] GC(0) Archive regions: 0->0
[2020-06-20T10:59:36.274+0530][2.002s] GC(0) Humongous regions: 0->0
[2020-06-20T10:59:36.274+0530][2.002s] GC(0) Metaspace: 5580K(7552K)->5580K(7552K) NonClass: 4912K(6656K)->4912K(6656K) Class: 667K(896K)->667K(896K)
[2020-06-20T10:59:36.274+0530][2.002s] GC(0) Pause Young (Normal) (G1 Evacuation Pause) 25M->2M(512M) 66.002ms
[2020-06-20T10:59:36.274+0530][2.002s] GC(0) User=0.00s Sys=0.00s Real=0.07s
[2020-06-20T10:59:37.750+0530][3.477s] GC(1) Pause Young (Normal) (G1 Evacuation Pause)
[2020-06-20T10:59:37.750+0530][3.477s] GC(1) Using 4 workers of 4 for evacuation
[2020-06-20T10:59:37.775+0530][3.502s] GC(1)   Pre Evacuate Collection Set: 0.1ms
[2020-06-20T10:59:37.775+0530][3.502s] GC(1)   Merge Heap Roots: 0.1ms
[2020-06-20T10:59:37.775+0530][3.502s] GC(1)   Evacuate Collection Set: 23.7ms
[2020-06-20T10:59:37.775+0530][3.502s] GC(1)   Post Evacuate Collection Set: 0.9ms
[2020-06-20T10:59:37.775+0530][3.502s] GC(1)   Other: 0.2ms
[2020-06-20T10:59:37.775+0530][3.502s] GC(1) Eden regions: 30->0(55)
[2020-06-20T10:59:37.775+0530][3.502s] GC(1) Survivor regions: 3->5(5)
[2020-06-20T10:59:37.775+0530][3.502s] GC(1) Old regions: 0->8
[2020-06-20T10:59:37.775+0530][3.502s] GC(1) Archive regions: 0->0
[2020-06-20T10:59:37.775+0530][3.502s] GC(1) Humongous regions: 4->4
[2020-06-20T10:59:37.775+0530][3.502s] GC(1) Metaspace: 13761K(14336K)->13761K(14336K) NonClass: 12139K(12544K)->12139K(12544K) Class: 1622K(1792K)->1622K(1792K)
[2020-06-20T10:59:37.775+0530][3.503s] GC(1) Pause Young (Normal) (G1 Evacuation Pause) 36M->16M(512M) 25.410ms
[2020-06-20T10:59:37.775+0530][3.503s] GC(1) User=0.13s Sys=0.00s Real=0.03s
[2020-06-20T10:59:56.342+0530][22.070s] GC(2) Pause Young (Normal) (G1 Evacuation Pause)
[2020-06-20T10:59:56.342+0530][22.070s] GC(2) Using 4 workers of 4 for evacuation
[2020-06-20T10:59:56.358+0530][22.086s] GC(2)   Pre Evacuate Collection Set: 0.1ms
[2020-06-20T10:59:56.358+0530][22.086s] GC(2)   Merge Heap Roots: 0.1ms
[2020-06-20T10:59:56.358+0530][22.086s] GC(2)   Evacuate Collection Set: 14.6ms
[2020-06-20T10:59:56.358+0530][22.086s] GC(2)   Post Evacuate Collection Set: 1.1ms
[2020-06-20T10:59:56.359+0530][22.086s] GC(2)   Other: 0.2ms
[2020-06-20T10:59:56.359+0530][22.086s] GC(2) Eden regions: 53->0(107)
[2020-06-20T10:59:56.359+0530][22.086s] GC(2) Survivor regions: 5->7(8)
[2020-06-20T10:59:56.359+0530][22.086s] GC(2) Old regions: 8->12
[2020-06-20T10:59:56.359+0530][22.086s] GC(2) Archive regions: 0->0
[2020-06-20T10:59:56.359+0530][22.086s] GC(2) Humongous regions: 4->4
[2020-06-20T10:59:56.359+0530][22.086s] GC(2) Metaspace: 18224K(19072K)->18224K(19072K) NonClass: 16101K(16640K)->16101K(16640K) Class: 2123K(2432K)->2123K(2432K)
[2020-06-20T10:59:56.359+0530][22.086s] GC(2) Pause Young (Normal) (G1 Evacuation Pause) 69M->23M(512M) 16.436ms
[2020-06-20T10:59:56.359+0530][22.086s] GC(2) User=0.03s Sys=0.00s Real=0.02s
[2020-06-20T10:59:56.630+0530][22.357s] GC(3) Pause Young (Concurrent Start) (Metadata GC Threshold)
[2020-06-20T10:59:56.630+0530][22.358s] GC(3) Using 4 workers of 4 for evacuation
[2020-06-20T10:59:56.639+0530][22.366s] GC(3)   Pre Evacuate Collection Set: 0.1ms
[2020-06-20T10:59:56.639+0530][22.366s] GC(3)   Merge Heap Roots: 0.1ms
[2020-06-20T10:59:56.639+0530][22.366s] GC(3)   Evacuate Collection Set: 7.4ms
[2020-06-20T10:59:56.639+0530][22.366s] GC(3)   Post Evacuate Collection Set: 0.6ms
[2020-06-20T10:59:56.639+0530][22.366s] GC(3)   Other: 0.5ms
[2020-06-20T10:59:56.639+0530][22.366s] GC(3) Eden regions: 19->0(297)
[2020-06-20T10:59:56.639+0530][22.366s] GC(3) Survivor regions: 7->8(15)
[2020-06-20T10:59:56.639+0530][22.366s] GC(3) Old regions: 12->12
[2020-06-20T10:59:56.639+0530][22.366s] GC(3) Archive regions: 0->0
[2020-06-20T10:59:56.639+0530][22.366s] GC(3) Humongous regions: 4->4
[2020-06-20T10:59:56.639+0530][22.366s] GC(3) Metaspace: 20567K(21296K)->20567K(21296K) NonClass: 18179K(18608K)->18179K(18608K) Class: 2387K(2688K)->2387K(2688K)
[2020-06-20T10:59:56.639+0530][22.366s] GC(3) Pause Young (Concurrent Start) (Metadata GC Threshold) 41M->23M(512M) 8.927ms
[2020-06-20T10:59:56.639+0530][22.366s] GC(3) User=0.00s Sys=0.00s Real=0.01s
[2020-06-20T10:59:56.639+0530][22.366s] GC(4) Concurrent Cycle
[2020-06-20T10:59:56.639+0530][22.367s] GC(4) Concurrent Clear Claimed Marks
[2020-06-20T10:59:56.639+0530][22.367s] GC(4) Concurrent Clear Claimed Marks 0.061ms
[2020-06-20T10:59:56.639+0530][22.367s] GC(4) Concurrent Scan Root Regions
[2020-06-20T10:59:56.643+0530][22.371s] GC(4) Concurrent Scan Root Regions 3.973ms
[2020-06-20T10:59:56.643+0530][22.371s] GC(4) Concurrent Mark (22.371s)
[2020-06-20T10:59:56.644+0530][22.371s] GC(4) Concurrent Mark From Roots
[2020-06-20T10:59:56.644+0530][22.371s] GC(4) Using 1 workers of 1 for marking
[2020-06-20T10:59:56.717+0530][22.444s] GC(4) Concurrent Mark From Roots 73.252ms
[2020-06-20T10:59:56.717+0530][22.444s] GC(4) Concurrent Preclean
[2020-06-20T10:59:56.717+0530][22.444s] GC(4) Concurrent Preclean 0.209ms
[2020-06-20T10:59:56.717+0530][22.444s] GC(4) Concurrent Mark (22.371s, 22.444s) 73.635ms
[2020-06-20T10:59:56.717+0530][22.444s] GC(4) Pause Remark
[2020-06-20T10:59:56.720+0530][22.447s] GC(4) Pause Remark 28M->28M(512M) 2.901ms
[2020-06-20T10:59:56.720+0530][22.447s] GC(4) User=0.00s Sys=0.00s Real=0.00s
[2020-06-20T10:59:56.720+0530][22.448s] GC(4) Concurrent Rebuild Remembered Sets
[2020-06-20T10:59:56.756+0530][22.483s] GC(4) Concurrent Rebuild Remembered Sets 35.034ms
[2020-06-20T10:59:56.756+0530][22.483s] GC(4) Pause Cleanup
[2020-06-20T10:59:56.756+0530][22.483s] GC(4) Pause Cleanup 28M->28M(512M) 0.191ms
[2020-06-20T10:59:56.756+0530][22.483s] GC(4) User=0.00s Sys=0.00s Real=0.00s
[2020-06-20T10:59:56.756+0530][22.483s] GC(4) Concurrent Cleanup for Next Mark
[2020-06-20T10:59:56.757+0530][22.484s] GC(4) Concurrent Cleanup for Next Mark 1.014ms
[2020-06-20T10:59:56.757+0530][22.485s] GC(4) Concurrent Cycle 118.127ms
[2020-06-20T11:00:16.595+0530][42.323s] GC(5) Pause Young (Concurrent Start) (Metadata GC Threshold)
[2020-06-20T11:00:16.595+0530][42.323s] GC(5) Using 4 workers of 4 for evacuation
[2020-06-20T11:00:16.614+0530][42.342s] GC(5)   Pre Evacuate Collection Set: 0.1ms
[2020-06-20T11:00:16.614+0530][42.342s] GC(5)   Merge Heap Roots: 0.1ms
[2020-06-20T11:00:16.614+0530][42.342s] GC(5)   Evacuate Collection Set: 17.3ms
[2020-06-20T11:00:16.614+0530][42.342s] GC(5)   Post Evacuate Collection Set: 1.1ms
[2020-06-20T11:00:16.614+0530][42.342s] GC(5)   Other: 0.4ms
[2020-06-20T11:00:16.614+0530][42.342s] GC(5) Eden regions: 210->0(293)
[2020-06-20T11:00:16.615+0530][42.342s] GC(5) Survivor regions: 8->14(39)
[2020-06-20T11:00:16.615+0530][42.342s] GC(5) Old regions: 12->12
[2020-06-20T11:00:16.615+0530][42.342s] GC(5) Archive regions: 0->0
[2020-06-20T11:00:16.615+0530][42.342s] GC(5) Humongous regions: 4->4
[2020-06-20T11:00:16.615+0530][42.342s] GC(5) Metaspace: 34968K(35920K)->34968K(35920K) NonClass: 30955K(31568K)->30955K(31568K) Class: 4012K(4352K)->4012K(4352K)
[2020-06-20T11:00:16.615+0530][42.342s] GC(5) Pause Young (Concurrent Start) (Metadata GC Threshold) 232M->29M(512M) 19.335ms
[2020-06-20T11:00:16.615+0530][42.342s] GC(5) User=0.13s Sys=0.00s Real=0.02s
[2020-06-20T11:00:16.615+0530][42.342s] GC(6) Concurrent Cycle
[2020-06-20T11:00:16.615+0530][42.342s] GC(6) Concurrent Clear Claimed Marks
[2020-06-20T11:00:16.615+0530][42.342s] GC(6) Concurrent Clear Claimed Marks 0.077ms
[2020-06-20T11:00:16.615+0530][42.342s] GC(6) Concurrent Scan Root Regions
[2020-06-20T11:00:16.630+0530][42.357s] GC(6) Concurrent Scan Root Regions 15.001ms
[2020-06-20T11:00:16.630+0530][42.357s] GC(6) Concurrent Mark (42.357s)
[2020-06-20T11:00:16.630+0530][42.357s] GC(6) Concurrent Mark From Roots
[2020-06-20T11:00:16.630+0530][42.357s] GC(6) Using 1 workers of 1 for marking
[2020-06-20T11:00:16.705+0530][42.432s] GC(6) Concurrent Mark From Roots 74.376ms
[2020-06-20T11:00:16.705+0530][42.432s] GC(6) Concurrent Preclean
[2020-06-20T11:00:16.705+0530][42.432s] GC(6) Concurrent Preclean 0.201ms
[2020-06-20T11:00:16.705+0530][42.432s] GC(6) Concurrent Mark (42.357s, 42.432s) 74.745ms
[2020-06-20T11:00:16.705+0530][42.432s] GC(6) Pause Remark
[2020-06-20T11:00:16.709+0530][42.436s] GC(6) Pause Remark 34M->34M(512M) 4.082ms
[2020-06-20T11:00:16.709+0530][42.436s] GC(6) User=0.06s Sys=0.00s Real=0.00s
[2020-06-20T11:00:16.709+0530][42.437s] GC(6) Concurrent Rebuild Remembered Sets
[2020-06-20T11:00:16.746+0530][42.473s] GC(6) Concurrent Rebuild Remembered Sets 36.218ms
[2020-06-20T11:00:16.746+0530][42.473s] GC(6) Pause Cleanup
[2020-06-20T11:00:16.746+0530][42.473s] GC(6) Pause Cleanup 35M->35M(512M) 0.176ms
[2020-06-20T11:00:16.746+0530][42.473s] GC(6) User=0.00s Sys=0.00s Real=0.00s
[2020-06-20T11:00:16.746+0530][42.474s] GC(6) Concurrent Cleanup for Next Mark
[2020-06-20T11:00:16.748+0530][42.475s] GC(6) Concurrent Cleanup for Next Mark 1.153ms
[2020-06-20T11:00:16.748+0530][42.475s] GC(6) Concurrent Cycle 132.799ms
[2020-06-20T11:00:17.940+0530][43.668s] GC(7) Pause Young (Normal) (G1 Evacuation Pause)
[2020-06-20T11:00:17.940+0530][43.668s] GC(7) Using 4 workers of 4 for evacuation
[2020-06-20T11:00:17.959+0530][43.687s] GC(7)   Pre Evacuate Collection Set: 0.1ms
[2020-06-20T11:00:17.959+0530][43.687s] GC(7)   Merge Heap Roots: 0.1ms
[2020-06-20T11:00:17.959+0530][43.687s] GC(7)   Evacuate Collection Set: 17.2ms
[2020-06-20T11:00:17.959+0530][43.687s] GC(7)   Post Evacuate Collection Set: 1.2ms
[2020-06-20T11:00:17.960+0530][43.687s] GC(7)   Other: 0.4ms
[2020-06-20T11:00:17.960+0530][43.687s] GC(7) Eden regions: 293->0(291)
[2020-06-20T11:00:17.960+0530][43.687s] GC(7) Survivor regions: 14->16(39)
[2020-06-20T11:00:17.960+0530][43.687s] GC(7) Old regions: 12->12
[2020-06-20T11:00:17.960+0530][43.687s] GC(7) Archive regions: 0->0
[2020-06-20T11:00:17.960+0530][43.687s] GC(7) Humongous regions: 5->4
[2020-06-20T11:00:17.960+0530][43.687s] GC(7) Metaspace: 38642K(39760K)->38642K(39760K) NonClass: 34151K(34896K)->34151K(34896K) Class: 4490K(4864K)->4490K(4864K)
[2020-06-20T11:00:17.960+0530][43.687s] GC(7) Pause Young (Normal) (G1 Evacuation Pause) 323M->31M(512M) 19.478ms
[2020-06-20T11:00:17.960+0530][43.687s] GC(7) User=0.11s Sys=0.00s Real=0.02s
[2020-06-20T11:00:19.110+0530][44.838s] GC(8) Pause Young (Normal) (G1 Evacuation Pause)
[2020-06-20T11:00:19.110+0530][44.838s] GC(8) Using 4 workers of 4 for evacuation
[2020-06-20T11:00:19.129+0530][44.857s] GC(8)   Pre Evacuate Collection Set: 0.1ms
[2020-06-20T11:00:19.129+0530][44.857s] GC(8)   Merge Heap Roots: 0.1ms
[2020-06-20T11:00:19.129+0530][44.857s] GC(8)   Evacuate Collection Set: 17.1ms
[2020-06-20T11:00:19.129+0530][44.857s] GC(8)   Post Evacuate Collection Set: 1.1ms
[2020-06-20T11:00:19.129+0530][44.857s] GC(8)   Other: 0.3ms
[2020-06-20T11:00:19.129+0530][44.857s] GC(8) Eden regions: 291->0(291)
[2020-06-20T11:00:19.129+0530][44.857s] GC(8) Survivor regions: 16->16(39)
[2020-06-20T11:00:19.129+0530][44.857s] GC(8) Old regions: 12->12
[2020-06-20T11:00:19.129+0530][44.857s] GC(8) Archive regions: 0->0
[2020-06-20T11:00:19.129+0530][44.857s] GC(8) Humongous regions: 4->4
[2020-06-20T11:00:19.129+0530][44.857s] GC(8) Metaspace: 39342K(40272K)->39342K(40272K) NonClass: 34811K(35408K)->34811K(35408K) Class: 4531K(4864K)->4531K(4864K)
[2020-06-20T11:00:19.129+0530][44.857s] GC(8) Pause Young (Normal) (G1 Evacuation Pause) 322M->32M(512M) 19.189ms
[2020-06-20T11:00:19.130+0530][44.857s] GC(8) User=0.11s Sys=0.00s Real=0.02s
[2020-06-20T11:00:38.717+0530][64.444s] GC(9) Pause Young (Normal) (G1 Evacuation Pause)
[2020-06-20T11:00:38.717+0530][64.444s] GC(9) Using 4 workers of 4 for evacuation
[2020-06-20T11:00:38.750+0530][64.478s] GC(9)   Pre Evacuate Collection Set: 0.1ms
[2020-06-20T11:00:38.750+0530][64.478s] GC(9)   Merge Heap Roots: 0.1ms
[2020-06-20T11:00:38.750+0530][64.478s] GC(9)   Evacuate Collection Set: 31.7ms
[2020-06-20T11:00:38.750+0530][64.478s] GC(9)   Post Evacuate Collection Set: 1.5ms
[2020-06-20T11:00:38.750+0530][64.478s] GC(9)   Other: 0.3ms
[2020-06-20T11:00:38.750+0530][64.478s] GC(9) Eden regions: 291->0(283)
[2020-06-20T11:00:38.750+0530][64.478s] GC(9) Survivor regions: 16->24(39)
[2020-06-20T11:00:38.750+0530][64.478s] GC(9) Old regions: 12->12
[2020-06-20T11:00:38.750+0530][64.478s] GC(9) Archive regions: 0->0
[2020-06-20T11:00:38.750+0530][64.478s] GC(9) Humongous regions: 4->4
[2020-06-20T11:00:38.750+0530][64.478s] GC(9) Metaspace: 48346K(49488K)->48346K(49488K) NonClass: 42592K(43344K)->42592K(43344K) Class: 5753K(6144K)->5753K(6144K)
[2020-06-20T11:00:38.750+0530][64.478s] GC(9) Pause Young (Normal) (G1 Evacuation Pause) 323M->40M(512M) 33.909ms
[2020-06-20T11:00:38.751+0530][64.478s] GC(9) User=0.13s Sys=0.00s Real=0.03s
