[2020-06-29T10:19:13.558+0530][0.039s] Heap region size: 1M
[2020-06-29T10:19:13.559+0530][0.039s] Heap address: 0x00000000e0000000, size: 512 MB, Compressed Oops mode: 32-bit
[2020-06-29T10:19:13.927+0530][0.407s] Using G1
[2020-06-29T10:19:13.961+0530][0.442s] Periodic GC disabled
[2020-06-29T10:19:15.460+0530][1.940s] GC(0) Pause Young (Normal) (G1 Evacuation Pause)
[2020-06-29T10:19:15.460+0530][1.941s] GC(0) Using 4 workers of 4 for evacuation
[2020-06-29T10:19:15.469+0530][1.949s] GC(0)   Pre Evacuate Collection Set: 0.1ms
[2020-06-29T10:19:15.469+0530][1.949s] GC(0)   Merge Heap Roots: 0.0ms
[2020-06-29T10:19:15.469+0530][1.949s] GC(0)   Evacuate Collection Set: 7.3ms
[2020-06-29T10:19:15.469+0530][1.949s] GC(0)   Post Evacuate Collection Set: 0.6ms
[2020-06-29T10:19:15.473+0530][1.953s] GC(0)   Other: 0.9ms
[2020-06-29T10:19:15.473+0530][1.953s] GC(0) Eden regions: 25->0(30)
[2020-06-29T10:19:15.473+0530][1.953s] GC(0) Survivor regions: 0->3(4)
[2020-06-29T10:19:15.473+0530][1.954s] GC(0) Old regions: 0->0
[2020-06-29T10:19:15.473+0530][1.954s] GC(0) Archive regions: 0->0
[2020-06-29T10:19:15.473+0530][1.954s] GC(0) Humongous regions: 0->0
[2020-06-29T10:19:15.473+0530][1.954s] GC(0) Metaspace: 5722K(7552K)->5722K(7552K) NonClass: 5032K(6656K)->5032K(6656K) Class: 689K(896K)->689K(896K)
[2020-06-29T10:19:15.473+0530][1.954s] GC(0) Pause Young (Normal) (G1 Evacuation Pause) 25M->2M(512M) 13.396ms
[2020-06-29T10:19:15.473+0530][1.954s] GC(0) User=0.00s Sys=0.00s Real=0.01s
[2020-06-29T10:19:16.978+0530][3.459s] GC(1) Pause Young (Normal) (G1 Evacuation Pause)
[2020-06-29T10:19:16.978+0530][3.459s] GC(1) Using 4 workers of 4 for evacuation
[2020-06-29T10:19:17.002+0530][3.483s] GC(1)   Pre Evacuate Collection Set: 0.1ms
[2020-06-29T10:19:17.002+0530][3.483s] GC(1)   Merge Heap Roots: 0.1ms
[2020-06-29T10:19:17.002+0530][3.483s] GC(1)   Evacuate Collection Set: 23.1ms
[2020-06-29T10:19:17.002+0530][3.483s] GC(1)   Post Evacuate Collection Set: 0.8ms
[2020-06-29T10:19:17.003+0530][3.483s] GC(1)   Other: 0.2ms
[2020-06-29T10:19:17.003+0530][3.483s] GC(1) Eden regions: 30->0(61)
[2020-06-29T10:19:17.003+0530][3.483s] GC(1) Survivor regions: 3->5(5)
[2020-06-29T10:19:17.003+0530][3.483s] GC(1) Old regions: 0->7
[2020-06-29T10:19:17.003+0530][3.483s] GC(1) Archive regions: 0->0
[2020-06-29T10:19:17.003+0530][3.483s] GC(1) Humongous regions: 4->4
[2020-06-29T10:19:17.003+0530][3.483s] GC(1) Metaspace: 13780K(14336K)->13780K(14336K) NonClass: 12158K(12544K)->12158K(12544K) Class: 1622K(1792K)->1622K(1792K)
[2020-06-29T10:19:17.003+0530][3.483s] GC(1) Pause Young (Normal) (G1 Evacuation Pause) 36M->15M(512M) 24.563ms
[2020-06-29T10:19:17.003+0530][3.483s] GC(1) User=0.06s Sys=0.02s Real=0.03s
[2020-06-29T10:19:23.706+0530][10.187s] GC(2) Pause Young (Normal) (G1 Evacuation Pause)
[2020-06-29T10:19:23.706+0530][10.187s] GC(2) Using 4 workers of 4 for evacuation
[2020-06-29T10:19:23.721+0530][10.201s] GC(2)   Pre Evacuate Collection Set: 0.1ms
[2020-06-29T10:19:23.721+0530][10.202s] GC(2)   Merge Heap Roots: 0.1ms
[2020-06-29T10:19:23.721+0530][10.202s] GC(2)   Evacuate Collection Set: 13.2ms
[2020-06-29T10:19:23.721+0530][10.202s] GC(2)   Post Evacuate Collection Set: 1.2ms
[2020-06-29T10:19:23.721+0530][10.202s] GC(2)   Other: 0.3ms
[2020-06-29T10:19:23.721+0530][10.202s] GC(2) Eden regions: 60->0(98)
[2020-06-29T10:19:23.721+0530][10.202s] GC(2) Survivor regions: 5->8(9)
[2020-06-29T10:19:23.721+0530][10.202s] GC(2) Old regions: 7->12
[2020-06-29T10:19:23.721+0530][10.202s] GC(2) Archive regions: 0->0
[2020-06-29T10:19:23.721+0530][10.202s] GC(2) Humongous regions: 4->4
[2020-06-29T10:19:23.721+0530][10.202s] GC(2) Metaspace: 19676K(20480K)->19676K(20480K) NonClass: 17366K(17920K)->17366K(17920K) Class: 2310K(2560K)->2310K(2560K)
[2020-06-29T10:19:23.721+0530][10.202s] GC(2) Pause Young (Normal) (G1 Evacuation Pause) 75M->23M(512M) 15.534ms
[2020-06-29T10:19:23.721+0530][10.202s] GC(2) User=0.00s Sys=0.00s Real=0.01s
[2020-06-29T10:19:24.207+0530][10.688s] GC(3) Pause Young (Concurrent Start) (Metadata GC Threshold)
[2020-06-29T10:19:24.207+0530][10.688s] GC(3) Using 4 workers of 4 for evacuation
[2020-06-29T10:19:24.216+0530][10.697s] GC(3)   Pre Evacuate Collection Set: 0.1ms
[2020-06-29T10:19:24.216+0530][10.697s] GC(3)   Merge Heap Roots: 0.1ms
[2020-06-29T10:19:24.216+0530][10.697s] GC(3)   Evacuate Collection Set: 7.6ms
[2020-06-29T10:19:24.216+0530][10.697s] GC(3)   Post Evacuate Collection Set: 0.6ms
[2020-06-29T10:19:24.216+0530][10.697s] GC(3)   Other: 0.5ms
[2020-06-29T10:19:24.216+0530][10.697s] GC(3) Eden regions: 11->0(277)
[2020-06-29T10:19:24.216+0530][10.697s] GC(3) Survivor regions: 8->7(14)
[2020-06-29T10:19:24.216+0530][10.697s] GC(3) Old regions: 12->12
[2020-06-29T10:19:24.216+0530][10.697s] GC(3) Archive regions: 0->0
[2020-06-29T10:19:24.217+0530][10.697s] GC(3) Humongous regions: 4->4
[2020-06-29T10:19:24.217+0530][10.697s] GC(3) Metaspace: 20575K(21296K)->20575K(21296K) NonClass: 18187K(18608K)->18187K(18608K) Class: 2387K(2688K)->2387K(2688K)
[2020-06-29T10:19:24.217+0530][10.697s] GC(3) Pause Young (Concurrent Start) (Metadata GC Threshold) 34M->22M(512M) 9.374ms
[2020-06-29T10:19:24.217+0530][10.697s] GC(3) User=0.00s Sys=0.00s Real=0.01s
[2020-06-29T10:19:24.217+0530][10.697s] GC(4) Concurrent Cycle
[2020-06-29T10:19:24.217+0530][10.697s] GC(4) Concurrent Clear Claimed Marks
[2020-06-29T10:19:24.217+0530][10.698s] GC(4) Concurrent Clear Claimed Marks 0.062ms
[2020-06-29T10:19:24.217+0530][10.698s] GC(4) Concurrent Scan Root Regions
[2020-06-29T10:19:24.221+0530][10.701s] GC(4) Concurrent Scan Root Regions 3.925ms
[2020-06-29T10:19:24.221+0530][10.702s] GC(4) Concurrent Mark (10.702s)
[2020-06-29T10:19:24.221+0530][10.702s] GC(4) Concurrent Mark From Roots
[2020-06-29T10:19:24.221+0530][10.702s] GC(4) Using 1 workers of 1 for marking
[2020-06-29T10:19:24.297+0530][10.778s] GC(4) Concurrent Mark From Roots 76.220ms
[2020-06-29T10:19:24.297+0530][10.778s] GC(4) Concurrent Preclean
[2020-06-29T10:19:24.298+0530][10.778s] GC(4) Concurrent Preclean 0.230ms
[2020-06-29T10:19:24.298+0530][10.778s] GC(4) Concurrent Mark (10.702s, 10.778s) 76.638ms
[2020-06-29T10:19:24.304+0530][10.784s] GC(4) Pause Remark
[2020-06-29T10:19:24.306+0530][10.787s] GC(4) Pause Remark 26M->26M(512M) 2.455ms
[2020-06-29T10:19:24.306+0530][10.787s] GC(4) User=0.00s Sys=0.00s Real=0.00s
[2020-06-29T10:19:24.307+0530][10.788s] GC(4) Concurrent Rebuild Remembered Sets
[2020-06-29T10:19:24.343+0530][10.823s] GC(4) Concurrent Rebuild Remembered Sets 35.426ms
[2020-06-29T10:19:24.352+0530][10.832s] GC(4) Pause Cleanup
[2020-06-29T10:19:24.352+0530][10.833s] GC(4) Pause Cleanup 28M->28M(512M) 0.218ms
[2020-06-29T10:19:24.352+0530][10.833s] GC(4) User=0.00s Sys=0.00s Real=0.00s
[2020-06-29T10:19:24.353+0530][10.833s] GC(4) Concurrent Cleanup for Next Mark
[2020-06-29T10:19:24.354+0530][10.834s] GC(4) Concurrent Cleanup for Next Mark 1.042ms
[2020-06-29T10:19:24.354+0530][10.835s] GC(4) Concurrent Cycle 137.154ms
[2020-06-29T10:19:32.614+0530][19.094s] GC(5) Pause Young (Concurrent Start) (Metadata GC Threshold)
[2020-06-29T10:19:32.614+0530][19.095s] GC(5) Using 4 workers of 4 for evacuation
[2020-06-29T10:19:32.634+0530][19.115s] GC(5)   Pre Evacuate Collection Set: 0.1ms
[2020-06-29T10:19:32.634+0530][19.115s] GC(5)   Merge Heap Roots: 0.1ms
[2020-06-29T10:19:32.635+0530][19.115s] GC(5)   Evacuate Collection Set: 18.5ms
[2020-06-29T10:19:32.635+0530][19.115s] GC(5)   Post Evacuate Collection Set: 1.3ms
[2020-06-29T10:19:32.635+0530][19.115s] GC(5)   Other: 0.4ms
[2020-06-29T10:19:32.635+0530][19.115s] GC(5) Eden regions: 212->0(293)
[2020-06-29T10:19:32.635+0530][19.115s] GC(5) Survivor regions: 7->14(39)
[2020-06-29T10:19:32.635+0530][19.115s] GC(5) Old regions: 12->12
[2020-06-29T10:19:32.635+0530][19.115s] GC(5) Archive regions: 0->0
[2020-06-29T10:19:32.635+0530][19.115s] GC(5) Humongous regions: 4->4
[2020-06-29T10:19:32.635+0530][19.115s] GC(5) Metaspace: 35019K(35920K)->35019K(35920K) NonClass: 30984K(31568K)->30984K(31568K) Class: 4035K(4352K)->4035K(4352K)
[2020-06-29T10:19:32.635+0530][19.116s] GC(5) Pause Young (Concurrent Start) (Metadata GC Threshold) 234M->29M(512M) 21.054ms
[2020-06-29T10:19:32.635+0530][19.116s] GC(5) User=0.05s Sys=0.00s Real=0.02s
[2020-06-29T10:19:32.635+0530][19.116s] GC(6) Concurrent Cycle
[2020-06-29T10:19:32.635+0530][19.116s] GC(6) Concurrent Clear Claimed Marks
[2020-06-29T10:19:32.635+0530][19.116s] GC(6) Concurrent Clear Claimed Marks 0.076ms
[2020-06-29T10:19:32.635+0530][19.116s] GC(6) Concurrent Scan Root Regions
[2020-06-29T10:19:32.650+0530][19.131s] GC(6) Concurrent Scan Root Regions 14.837ms
[2020-06-29T10:19:32.650+0530][19.131s] GC(6) Concurrent Mark (19.131s)
[2020-06-29T10:19:32.650+0530][19.131s] GC(6) Concurrent Mark From Roots
[2020-06-29T10:19:32.650+0530][19.131s] GC(6) Using 1 workers of 1 for marking
[2020-06-29T10:19:32.725+0530][19.206s] GC(6) Concurrent Mark From Roots 74.834ms
[2020-06-29T10:19:32.725+0530][19.206s] GC(6) Concurrent Preclean
[2020-06-29T10:19:32.726+0530][19.206s] GC(6) Concurrent Preclean 0.205ms
[2020-06-29T10:19:32.726+0530][19.206s] GC(6) Concurrent Mark (19.131s, 19.206s) 75.209ms
[2020-06-29T10:19:32.726+0530][19.206s] GC(6) Pause Remark
[2020-06-29T10:19:32.731+0530][19.211s] GC(6) Pause Remark 33M->33M(512M) 4.664ms
[2020-06-29T10:19:32.731+0530][19.211s] GC(6) User=0.00s Sys=0.00s Real=0.00s
[2020-06-29T10:19:32.731+0530][19.211s] GC(6) Concurrent Rebuild Remembered Sets
[2020-06-29T10:19:32.766+0530][19.246s] GC(6) Concurrent Rebuild Remembered Sets 34.843ms
[2020-06-29T10:19:32.766+0530][19.246s] GC(6) Pause Cleanup
[2020-06-29T10:19:32.766+0530][19.247s] GC(6) Pause Cleanup 35M->35M(512M) 0.185ms
[2020-06-29T10:19:32.766+0530][19.247s] GC(6) User=0.00s Sys=0.00s Real=0.00s
[2020-06-29T10:19:32.766+0530][19.247s] GC(6) Concurrent Cleanup for Next Mark
[2020-06-29T10:19:32.766+0530][19.248s] GC(6) Concurrent Cleanup for Next Mark 1.000ms
[2020-06-29T10:19:32.766+0530][19.248s] GC(6) Concurrent Cycle 132.210ms
[2020-06-29T10:19:34.045+0530][20.526s] GC(7) Pause Young (Normal) (G1 Evacuation Pause)
[2020-06-29T10:19:34.045+0530][20.526s] GC(7) Using 4 workers of 4 for evacuation
[2020-06-29T10:19:34.061+0530][20.550s] GC(7)   Pre Evacuate Collection Set: 0.1ms
[2020-06-29T10:19:34.061+0530][20.550s] GC(7)   Merge Heap Roots: 0.1ms
[2020-06-29T10:19:34.061+0530][20.550s] GC(7)   Evacuate Collection Set: 21.8ms
[2020-06-29T10:19:34.061+0530][20.550s] GC(7)   Post Evacuate Collection Set: 1.0ms
[2020-06-29T10:19:34.061+0530][20.550s] GC(7)   Other: 0.3ms
[2020-06-29T10:19:34.061+0530][20.550s] GC(7) Eden regions: 293->0(291)
[2020-06-29T10:19:34.061+0530][20.550s] GC(7) Survivor regions: 14->16(39)
[2020-06-29T10:19:34.061+0530][20.550s] GC(7) Old regions: 12->12
[2020-06-29T10:19:34.061+0530][20.550s] GC(7) Archive regions: 0->0
[2020-06-29T10:19:34.061+0530][20.550s] GC(7) Humongous regions: 5->4
[2020-06-29T10:19:34.061+0530][20.550s] GC(7) Metaspace: 38990K(40092K)->38990K(40092K) NonClass: 34408K(35152K)->34408K(35152K) Class: 4582K(4940K)->4582K(4940K)
[2020-06-29T10:19:34.061+0530][20.550s] GC(7) Pause Young (Normal) (G1 Evacuation Pause) 323M->31M(512M) 23.511ms
[2020-06-29T10:19:34.061+0530][20.550s] GC(7) User=0.06s Sys=0.00s Real=0.02s
[2020-06-29T10:19:35.442+0530][21.923s] GC(8) Pause Young (Normal) (G1 Evacuation Pause)
[2020-06-29T10:19:35.443+0530][21.924s] GC(8) Using 4 workers of 4 for evacuation
[2020-06-29T10:19:35.463+0530][21.944s] GC(8)   Pre Evacuate Collection Set: 0.1ms
[2020-06-29T10:19:35.463+0530][21.944s] GC(8)   Merge Heap Roots: 0.1ms
[2020-06-29T10:19:35.463+0530][21.944s] GC(8)   Evacuate Collection Set: 19.2ms
[2020-06-29T10:19:35.464+0530][21.944s] GC(8)   Post Evacuate Collection Set: 1.3ms
[2020-06-29T10:19:35.464+0530][21.945s] GC(8)   Other: 0.3ms
[2020-06-29T10:19:35.464+0530][21.945s] GC(8) Eden regions: 291->0(290)
[2020-06-29T10:19:35.464+0530][21.945s] GC(8) Survivor regions: 16->17(39)
[2020-06-29T10:19:35.464+0530][21.945s] GC(8) Old regions: 12->12
[2020-06-29T10:19:35.464+0530][21.945s] GC(8) Archive regions: 0->0
[2020-06-29T10:19:35.464+0530][21.945s] GC(8) Humongous regions: 4->4
[2020-06-29T10:19:35.464+0530][21.945s] GC(8) Metaspace: 40703K(41756K)->40703K(41756K) NonClass: 35973K(36688K)->35973K(36688K) Class: 4730K(5068K)->4730K(5068K)
[2020-06-29T10:19:35.464+0530][21.945s] GC(8) Pause Young (Normal) (G1 Evacuation Pause) 322M->32M(512M) 21.459ms
[2020-06-29T10:19:35.464+0530][21.945s] GC(8) User=0.06s Sys=0.00s Real=0.02s
[2020-06-29T10:19:45.154+0530][31.635s] GC(9) Pause Young (Normal) (G1 Evacuation Pause)
[2020-06-29T10:19:45.155+0530][31.635s] GC(9) Using 4 workers of 4 for evacuation
[2020-06-29T10:19:45.191+0530][31.671s] GC(9)   Pre Evacuate Collection Set: 0.1ms
[2020-06-29T10:19:45.191+0530][31.671s] GC(9)   Merge Heap Roots: 0.1ms
[2020-06-29T10:19:45.191+0530][31.671s] GC(9)   Evacuate Collection Set: 34.1ms
[2020-06-29T10:19:45.191+0530][31.671s] GC(9)   Post Evacuate Collection Set: 1.5ms
[2020-06-29T10:19:45.191+0530][31.671s] GC(9)   Other: 0.3ms
[2020-06-29T10:19:45.191+0530][31.671s] GC(9) Eden regions: 290->0(282)
[2020-06-29T10:19:45.191+0530][31.671s] GC(9) Survivor regions: 17->25(39)
[2020-06-29T10:19:45.191+0530][31.671s] GC(9) Old regions: 12->12
[2020-06-29T10:19:45.191+0530][31.671s] GC(9) Archive regions: 0->0
[2020-06-29T10:19:45.191+0530][31.671s] GC(9) Humongous regions: 4->4
[2020-06-29T10:19:45.191+0530][31.671s] GC(9) Metaspace: 48558K(49820K)->48558K(49820K) NonClass: 42796K(43600K)->42796K(43600K) Class: 5762K(6220K)->5762K(6220K)
[2020-06-29T10:19:45.191+0530][31.672s] GC(9) Pause Young (Normal) (G1 Evacuation Pause) 322M->40M(512M) 36.433ms
[2020-06-29T10:19:45.191+0530][31.672s] GC(9) User=0.14s Sys=0.00s Real=0.04s
[2020-06-29T10:43:26.388+0530][1452.868s] Heap
[2020-06-29T10:43:26.388+0530][1452.869s]  garbage-first heap   total 524288K, used 101888K [0x00000000e0000000, 0x0000000100000000)
[2020-06-29T10:43:26.388+0530][1452.869s]   region size 1024K, 82 young (83968K), 25 survivors (25600K)
[2020-06-29T10:43:26.388+0530][1452.869s]  Metaspace       used 52371K, capacity 53514K, committed 53660K, reserved 1095680K
[2020-06-29T10:43:26.388+0530][1452.869s]   class space    used 6218K, capacity 6646K, committed 6732K, reserved 1048576K
