[2020-06-29T14:38:31.280+0530][0.062s] Heap region size: 1M
[2020-06-29T14:38:31.280+0530][0.062s] Heap address: 0x00000000e0000000, size: 512 MB, Compressed Oops mode: 32-bit
[2020-06-29T14:38:31.639+0530][0.421s] Using G1
[2020-06-29T14:38:31.675+0530][0.456s] Periodic GC disabled
[2020-06-29T14:38:33.164+0530][1.946s] GC(0) Pause Young (Normal) (G1 Evacuation Pause)
[2020-06-29T14:38:33.164+0530][1.946s] GC(0) Using 4 workers of 4 for evacuation
[2020-06-29T14:38:33.172+0530][1.954s] GC(0)   Pre Evacuate Collection Set: 0.1ms
[2020-06-29T14:38:33.172+0530][1.954s] GC(0)   Merge Heap Roots: 0.0ms
[2020-06-29T14:38:33.172+0530][1.954s] GC(0)   Evacuate Collection Set: 7.2ms
[2020-06-29T14:38:33.172+0530][1.954s] GC(0)   Post Evacuate Collection Set: 0.5ms
[2020-06-29T14:38:33.176+0530][1.958s] GC(0)   Other: 0.8ms
[2020-06-29T14:38:33.176+0530][1.958s] GC(0) Eden regions: 25->0(30)
[2020-06-29T14:38:33.176+0530][1.958s] GC(0) Survivor regions: 0->3(4)
[2020-06-29T14:38:33.176+0530][1.958s] GC(0) Old regions: 0->0
[2020-06-29T14:38:33.176+0530][1.958s] GC(0) Archive regions: 0->0
[2020-06-29T14:38:33.176+0530][1.958s] GC(0) Humongous regions: 0->0
[2020-06-29T14:38:33.177+0530][1.958s] GC(0) Metaspace: 5663K(7552K)->5663K(7552K) NonClass: 4983K(6656K)->4983K(6656K) Class: 680K(896K)->680K(896K)
[2020-06-29T14:38:33.177+0530][1.959s] GC(0) Pause Young (Normal) (G1 Evacuation Pause) 25M->2M(512M) 12.965ms
[2020-06-29T14:38:33.177+0530][1.959s] GC(0) User=0.00s Sys=0.00s Real=0.01s
[2020-06-29T14:38:35.109+0530][3.891s] GC(1) Pause Young (Normal) (G1 Evacuation Pause)
[2020-06-29T14:38:35.109+0530][3.891s] GC(1) Using 4 workers of 4 for evacuation
[2020-06-29T14:38:35.134+0530][3.915s] GC(1)   Pre Evacuate Collection Set: 0.1ms
[2020-06-29T14:38:35.134+0530][3.916s] GC(1)   Merge Heap Roots: 0.1ms
[2020-06-29T14:38:35.134+0530][3.916s] GC(1)   Evacuate Collection Set: 23.1ms
[2020-06-29T14:38:35.134+0530][3.916s] GC(1)   Post Evacuate Collection Set: 0.8ms
[2020-06-29T14:38:35.134+0530][3.916s] GC(1)   Other: 0.3ms
[2020-06-29T14:38:35.134+0530][3.916s] GC(1) Eden regions: 30->0(60)
[2020-06-29T14:38:35.134+0530][3.916s] GC(1) Survivor regions: 3->5(5)
[2020-06-29T14:38:35.134+0530][3.916s] GC(1) Old regions: 0->7
[2020-06-29T14:38:35.134+0530][3.916s] GC(1) Archive regions: 0->0
[2020-06-29T14:38:35.134+0530][3.916s] GC(1) Humongous regions: 4->4
[2020-06-29T14:38:35.134+0530][3.916s] GC(1) Metaspace: 13924K(14720K)->13924K(14720K) NonClass: 12275K(12800K)->12275K(12800K) Class: 1649K(1920K)->1649K(1920K)
[2020-06-29T14:38:35.134+0530][3.916s] GC(1) Pause Young (Normal) (G1 Evacuation Pause) 36M->15M(512M) 24.816ms
[2020-06-29T14:38:35.134+0530][3.916s] GC(1) User=0.13s Sys=0.00s Real=0.03s
[2020-06-29T14:38:45.997+0530][14.782s] GC(2) Pause Young (Normal) (G1 Evacuation Pause)
[2020-06-29T14:38:45.997+0530][14.782s] GC(2) Using 4 workers of 4 for evacuation
[2020-06-29T14:38:46.013+0530][14.797s] GC(2)   Pre Evacuate Collection Set: 0.1ms
[2020-06-29T14:38:46.013+0530][14.798s] GC(2)   Merge Heap Roots: 0.1ms
[2020-06-29T14:38:46.013+0530][14.798s] GC(2)   Evacuate Collection Set: 13.8ms
[2020-06-29T14:38:46.013+0530][14.798s] GC(2)   Post Evacuate Collection Set: 1.2ms
[2020-06-29T14:38:46.013+0530][14.798s] GC(2)   Other: 0.3ms
[2020-06-29T14:38:46.013+0530][14.798s] GC(2) Eden regions: 58->0(79)
[2020-06-29T14:38:46.013+0530][14.798s] GC(2) Survivor regions: 5->8(8)
[2020-06-29T14:38:46.013+0530][14.798s] GC(2) Old regions: 7->12
[2020-06-29T14:38:46.013+0530][14.798s] GC(2) Archive regions: 0->0
[2020-06-29T14:38:46.013+0530][14.798s] GC(2) Humongous regions: 4->4
[2020-06-29T14:38:46.013+0530][14.798s] GC(2) Metaspace: 19681K(20480K)->19681K(20480K) NonClass: 17371K(17920K)->17371K(17920K) Class: 2310K(2560K)->2310K(2560K)
[2020-06-29T14:38:46.013+0530][14.798s] GC(2) Pause Young (Normal) (G1 Evacuation Pause) 73M->23M(512M) 15.992ms
[2020-06-29T14:38:46.013+0530][14.798s] GC(2) User=0.06s Sys=0.00s Real=0.02s
[2020-06-29T14:38:46.283+0530][15.077s] GC(3) Pause Young (Concurrent Start) (Metadata GC Threshold)
[2020-06-29T14:38:46.283+0530][15.078s] GC(3) Using 4 workers of 4 for evacuation
[2020-06-29T14:38:46.299+0530][15.084s] GC(3)   Pre Evacuate Collection Set: 0.1ms
[2020-06-29T14:38:46.299+0530][15.084s] GC(3)   Merge Heap Roots: 0.1ms
[2020-06-29T14:38:46.299+0530][15.084s] GC(3)   Evacuate Collection Set: 5.4ms
[2020-06-29T14:38:46.299+0530][15.084s] GC(3)   Post Evacuate Collection Set: 0.4ms
[2020-06-29T14:38:46.299+0530][15.084s] GC(3)   Other: 0.5ms
[2020-06-29T14:38:46.299+0530][15.084s] GC(3) Eden regions: 12->0(236)
[2020-06-29T14:38:46.299+0530][15.084s] GC(3) Survivor regions: 8->1(11)
[2020-06-29T14:38:46.299+0530][15.084s] GC(3) Old regions: 12->19
[2020-06-29T14:38:46.299+0530][15.084s] GC(3) Archive regions: 0->0
[2020-06-29T14:38:46.299+0530][15.084s] GC(3) Humongous regions: 4->4
[2020-06-29T14:38:46.299+0530][15.084s] GC(3) Metaspace: 20571K(21296K)->20571K(21296K) NonClass: 18183K(18608K)->18183K(18608K) Class: 2387K(2688K)->2387K(2688K)
[2020-06-29T14:38:46.299+0530][15.084s] GC(3) Pause Young (Concurrent Start) (Metadata GC Threshold) 35M->23M(512M) 6.988ms
[2020-06-29T14:38:46.299+0530][15.085s] GC(3) User=0.06s Sys=0.00s Real=0.02s
[2020-06-29T14:38:46.299+0530][15.085s] GC(4) Concurrent Cycle
[2020-06-29T14:38:46.299+0530][15.085s] GC(4) Concurrent Clear Claimed Marks
[2020-06-29T14:38:46.299+0530][15.085s] GC(4) Concurrent Clear Claimed Marks 0.065ms
[2020-06-29T14:38:46.299+0530][15.085s] GC(4) Concurrent Scan Root Regions
[2020-06-29T14:38:46.299+0530][15.089s] GC(4) Concurrent Scan Root Regions 4.385ms
[2020-06-29T14:38:46.299+0530][15.089s] GC(4) Concurrent Mark (15.089s)
[2020-06-29T14:38:46.299+0530][15.089s] GC(4) Concurrent Mark From Roots
[2020-06-29T14:38:46.299+0530][15.089s] GC(4) Using 1 workers of 1 for marking
[2020-06-29T14:38:46.377+0530][15.169s] GC(4) Concurrent Mark From Roots 79.681ms
[2020-06-29T14:38:46.377+0530][15.169s] GC(4) Concurrent Preclean
[2020-06-29T14:38:46.377+0530][15.169s] GC(4) Concurrent Preclean 0.197ms
[2020-06-29T14:38:46.377+0530][15.169s] GC(4) Concurrent Mark (15.089s, 15.169s) 80.045ms
[2020-06-29T14:38:46.377+0530][15.169s] GC(4) Pause Remark
[2020-06-29T14:38:46.377+0530][15.172s] GC(4) Pause Remark 24M->24M(512M) 2.437ms
[2020-06-29T14:38:46.377+0530][15.172s] GC(4) User=0.00s Sys=0.00s Real=0.00s
[2020-06-29T14:38:46.377+0530][15.172s] GC(4) Concurrent Rebuild Remembered Sets
[2020-06-29T14:38:46.424+0530][15.212s] GC(4) Concurrent Rebuild Remembered Sets 39.739ms
[2020-06-29T14:38:46.424+0530][15.212s] GC(4) Pause Cleanup
[2020-06-29T14:38:46.424+0530][15.213s] GC(4) Pause Cleanup 24M->24M(512M) 0.208ms
[2020-06-29T14:38:46.424+0530][15.213s] GC(4) User=0.00s Sys=0.00s Real=0.00s
[2020-06-29T14:38:46.424+0530][15.215s] GC(4) Concurrent Cleanup for Next Mark
[2020-06-29T14:38:46.424+0530][15.216s] GC(4) Concurrent Cleanup for Next Mark 0.898ms
[2020-06-29T14:38:46.424+0530][15.216s] GC(4) Concurrent Cycle 131.157ms
[2020-06-29T14:38:56.507+0530][25.289s] GC(5) Pause Young (Concurrent Start) (Metadata GC Threshold)
[2020-06-29T14:38:56.507+0530][25.289s] GC(5) Using 4 workers of 4 for evacuation
[2020-06-29T14:38:56.524+0530][25.306s] GC(5)   Pre Evacuate Collection Set: 0.1ms
[2020-06-29T14:38:56.524+0530][25.306s] GC(5)   Merge Heap Roots: 0.1ms
[2020-06-29T14:38:56.524+0530][25.306s] GC(5)   Evacuate Collection Set: 15.1ms
[2020-06-29T14:38:56.524+0530][25.306s] GC(5)   Post Evacuate Collection Set: 1.0ms
[2020-06-29T14:38:56.524+0530][25.306s] GC(5)   Other: 0.4ms
[2020-06-29T14:38:56.524+0530][25.306s] GC(5) Eden regions: 222->0(299)
[2020-06-29T14:38:56.524+0530][25.306s] GC(5) Survivor regions: 1->8(30)
[2020-06-29T14:38:56.524+0530][25.306s] GC(5) Old regions: 19->19
[2020-06-29T14:38:56.524+0530][25.306s] GC(5) Archive regions: 0->0
[2020-06-29T14:38:56.524+0530][25.306s] GC(5) Humongous regions: 4->4
[2020-06-29T14:38:56.524+0530][25.306s] GC(5) Metaspace: 35014K(35920K)->35014K(35920K) NonClass: 30977K(31568K)->30977K(31568K) Class: 4036K(4352K)->4036K(4352K)
[2020-06-29T14:38:56.525+0530][25.306s] GC(5) Pause Young (Concurrent Start) (Metadata GC Threshold) 245M->30M(512M) 17.283ms
[2020-06-29T14:38:56.525+0530][25.306s] GC(5) User=0.06s Sys=0.00s Real=0.02s
[2020-06-29T14:38:56.525+0530][25.306s] GC(6) Concurrent Cycle
[2020-06-29T14:38:56.525+0530][25.306s] GC(6) Concurrent Clear Claimed Marks
[2020-06-29T14:38:56.525+0530][25.307s] GC(6) Concurrent Clear Claimed Marks 0.075ms
[2020-06-29T14:38:56.525+0530][25.307s] GC(6) Concurrent Scan Root Regions
[2020-06-29T14:38:56.537+0530][25.319s] GC(6) Concurrent Scan Root Regions 12.363ms
[2020-06-29T14:38:56.537+0530][25.319s] GC(6) Concurrent Mark (25.319s)
[2020-06-29T14:38:56.537+0530][25.319s] GC(6) Concurrent Mark From Roots
[2020-06-29T14:38:56.537+0530][25.319s] GC(6) Using 1 workers of 1 for marking
[2020-06-29T14:38:56.620+0530][25.402s] GC(6) Concurrent Mark From Roots 82.573ms
[2020-06-29T14:38:56.620+0530][25.402s] GC(6) Concurrent Preclean
[2020-06-29T14:38:56.620+0530][25.402s] GC(6) Concurrent Preclean 0.219ms
[2020-06-29T14:38:56.620+0530][25.402s] GC(6) Concurrent Mark (25.319s, 25.402s) 82.958ms
[2020-06-29T14:38:56.621+0530][25.403s] GC(6) Pause Remark
[2020-06-29T14:38:56.625+0530][25.406s] GC(6) Pause Remark 35M->35M(512M) 3.634ms
[2020-06-29T14:38:56.625+0530][25.406s] GC(6) User=0.00s Sys=0.00s Real=0.00s
[2020-06-29T14:38:56.625+0530][25.406s] GC(6) Concurrent Rebuild Remembered Sets
[2020-06-29T14:38:56.665+0530][25.446s] GC(6) Concurrent Rebuild Remembered Sets 39.857ms
[2020-06-29T14:38:56.665+0530][25.447s] GC(6) Pause Cleanup
[2020-06-29T14:38:56.665+0530][25.447s] GC(6) Pause Cleanup 39M->39M(512M) 0.189ms
[2020-06-29T14:38:56.665+0530][25.447s] GC(6) User=0.00s Sys=0.00s Real=0.00s
[2020-06-29T14:38:56.667+0530][25.448s] GC(6) Concurrent Cleanup for Next Mark
[2020-06-29T14:38:56.668+0530][25.450s] GC(6) Concurrent Cleanup for Next Mark 1.228ms
[2020-06-29T14:38:56.668+0530][25.450s] GC(6) Concurrent Cycle 143.339ms
[2020-06-29T14:38:58.018+0530][26.800s] GC(7) Pause Young (Concurrent Start) (G1 Evacuation Pause)
[2020-06-29T14:38:58.018+0530][26.800s] GC(7) Using 4 workers of 4 for evacuation
[2020-06-29T14:38:58.036+0530][26.818s] GC(7)   Pre Evacuate Collection Set: 0.1ms
[2020-06-29T14:38:58.036+0530][26.818s] GC(7)   Merge Heap Roots: 0.1ms
[2020-06-29T14:38:58.036+0530][26.818s] GC(7)   Evacuate Collection Set: 16.2ms
[2020-06-29T14:38:58.036+0530][26.818s] GC(7)   Post Evacuate Collection Set: 1.0ms
[2020-06-29T14:38:58.036+0530][26.818s] GC(7)   Other: 0.4ms
[2020-06-29T14:38:58.036+0530][26.818s] GC(7) Eden regions: 299->0(297)
[2020-06-29T14:38:58.036+0530][26.818s] GC(7) Survivor regions: 8->10(39)
[2020-06-29T14:38:58.036+0530][26.818s] GC(7) Old regions: 19->19
[2020-06-29T14:38:58.036+0530][26.818s] GC(7) Archive regions: 0->0
[2020-06-29T14:38:58.036+0530][26.818s] GC(7) Humongous regions: 5->4
[2020-06-29T14:38:58.036+0530][26.818s] GC(7) Metaspace: 38955K(40092K)->38955K(40092K) NonClass: 34448K(35152K)->34448K(35152K) Class: 4507K(4940K)->4507K(4940K)
[2020-06-29T14:38:58.036+0530][26.818s] GC(7) Pause Young (Concurrent Start) (G1 Evacuation Pause) 330M->32M(512M) 18.250ms
[2020-06-29T14:38:58.036+0530][26.818s] GC(7) User=0.06s Sys=0.00s Real=0.02s
[2020-06-29T14:38:58.036+0530][26.818s] GC(8) Concurrent Cycle
[2020-06-29T14:38:58.037+0530][26.818s] GC(8) Concurrent Clear Claimed Marks
[2020-06-29T14:38:58.037+0530][26.819s] GC(8) Concurrent Clear Claimed Marks 0.082ms
[2020-06-29T14:38:58.037+0530][26.819s] GC(8) Concurrent Scan Root Regions
[2020-06-29T14:38:58.052+0530][26.834s] GC(8) Concurrent Scan Root Regions 15.371ms
[2020-06-29T14:38:58.052+0530][26.834s] GC(8) Concurrent Mark (26.834s)
[2020-06-29T14:38:58.052+0530][26.834s] GC(8) Concurrent Mark From Roots
[2020-06-29T14:38:58.052+0530][26.834s] GC(8) Using 1 workers of 1 for marking
[2020-06-29T14:38:58.137+0530][26.919s] GC(8) Concurrent Mark From Roots 84.909ms
[2020-06-29T14:38:58.137+0530][26.919s] GC(8) Concurrent Preclean
[2020-06-29T14:38:58.137+0530][26.919s] GC(8) Concurrent Preclean 0.220ms
[2020-06-29T14:38:58.138+0530][26.919s] GC(8) Concurrent Mark (26.834s, 26.919s) 85.328ms
[2020-06-29T14:38:58.138+0530][26.920s] GC(8) Pause Remark
[2020-06-29T14:38:58.143+0530][26.925s] GC(8) Pause Remark 36M->36M(512M) 5.595ms
[2020-06-29T14:38:58.143+0530][26.925s] GC(8) User=0.06s Sys=0.00s Real=0.00s
[2020-06-29T14:38:58.144+0530][26.926s] GC(8) Concurrent Rebuild Remembered Sets
[2020-06-29T14:38:58.184+0530][26.966s] GC(8) Concurrent Rebuild Remembered Sets 39.931ms
[2020-06-29T14:38:58.185+0530][26.967s] GC(8) Pause Cleanup
[2020-06-29T14:38:58.185+0530][26.967s] GC(8) Pause Cleanup 37M->37M(512M) 0.209ms
[2020-06-29T14:38:58.185+0530][26.967s] GC(8) User=0.00s Sys=0.00s Real=0.00s
[2020-06-29T14:38:58.185+0530][26.967s] GC(8) Concurrent Cleanup for Next Mark
[2020-06-29T14:38:58.186+0530][26.968s] GC(8) Concurrent Cleanup for Next Mark 1.028ms
[2020-06-29T14:38:58.186+0530][26.968s] GC(8) Concurrent Cycle 149.753ms
[2020-06-29T14:38:59.094+0530][27.877s] GC(9) Pause Young (Normal) (G1 Evacuation Pause)
[2020-06-29T14:38:59.094+0530][27.877s] GC(9) Using 4 workers of 4 for evacuation
[2020-06-29T14:38:59.111+0530][27.894s] GC(9)   Pre Evacuate Collection Set: 0.1ms
[2020-06-29T14:38:59.111+0530][27.894s] GC(9)   Merge Heap Roots: 0.1ms
[2020-06-29T14:38:59.112+0530][27.894s] GC(9)   Evacuate Collection Set: 15.5ms
[2020-06-29T14:38:59.112+0530][27.894s] GC(9)   Post Evacuate Collection Set: 1.0ms
[2020-06-29T14:38:59.112+0530][27.894s] GC(9)   Other: 0.3ms
[2020-06-29T14:38:59.112+0530][27.894s] GC(9) Eden regions: 297->0(297)
[2020-06-29T14:38:59.112+0530][27.894s] GC(9) Survivor regions: 10->10(39)
[2020-06-29T14:38:59.112+0530][27.894s] GC(9) Old regions: 19->19
[2020-06-29T14:38:59.112+0530][27.894s] GC(9) Archive regions: 0->0
[2020-06-29T14:38:59.112+0530][27.894s] GC(9) Humongous regions: 4->4
[2020-06-29T14:38:59.112+0530][27.894s] GC(9) Metaspace: 40432K(41500K)->40432K(41500K) NonClass: 35734K(36432K)->35734K(36432K) Class: 4698K(5068K)->4698K(5068K)
[2020-06-29T14:38:59.112+0530][27.894s] GC(9) Pause Young (Normal) (G1 Evacuation Pause) 329M->32M(512M) 17.685ms
[2020-06-29T14:38:59.112+0530][27.894s] GC(9) User=0.09s Sys=0.00s Real=0.02s
[2020-06-29T14:40:30.279+0530][119.061s] GC(10) Pause Young (Normal) (G1 Evacuation Pause)
[2020-06-29T14:40:30.279+0530][119.061s] GC(10) Using 4 workers of 4 for evacuation
[2020-06-29T14:40:30.310+0530][119.092s] GC(10)   Pre Evacuate Collection Set: 0.1ms
[2020-06-29T14:40:30.310+0530][119.092s] GC(10)   Merge Heap Roots: 0.1ms
[2020-06-29T14:40:30.310+0530][119.092s] GC(10)   Evacuate Collection Set: 29.3ms
[2020-06-29T14:40:30.310+0530][119.092s] GC(10)   Post Evacuate Collection Set: 1.3ms
[2020-06-29T14:40:30.310+0530][119.092s] GC(10)   Other: 0.4ms
[2020-06-29T14:40:30.310+0530][119.092s] GC(10) Eden regions: 297->0(289)
[2020-06-29T14:40:30.310+0530][119.092s] GC(10) Survivor regions: 10->18(39)
[2020-06-29T14:40:30.310+0530][119.092s] GC(10) Old regions: 19->19
[2020-06-29T14:40:30.310+0530][119.092s] GC(10) Archive regions: 0->0
[2020-06-29T14:40:30.310+0530][119.092s] GC(10) Humongous regions: 4->4
[2020-06-29T14:40:30.310+0530][119.092s] GC(10) Metaspace: 50175K(51612K)->50175K(51612K) NonClass: 44203K(45136K)->44203K(45136K) Class: 5972K(6476K)->5972K(6476K)
[2020-06-29T14:40:30.311+0530][119.093s] GC(10) Pause Young (Normal) (G1 Evacuation Pause) 329M->40M(512M) 31.728ms
[2020-06-29T14:40:30.311+0530][119.093s] GC(10) User=0.13s Sys=0.00s Real=0.03s
