[2020-06-28T15:00:16.875+0530][0.042s] Heap region size: 1M
[2020-06-28T15:00:16.876+0530][0.042s] Heap address: 0x00000000e0000000, size: 512 MB, Compressed Oops mode: 32-bit
[2020-06-28T15:00:17.240+0530][0.406s] Using G1
[2020-06-28T15:00:17.282+0530][0.448s] Periodic GC disabled
[2020-06-28T15:00:19.052+0530][2.218s] GC(0) Pause Young (Normal) (G1 Evacuation Pause)
[2020-06-28T15:00:19.052+0530][2.218s] GC(0) Using 4 workers of 4 for evacuation
[2020-06-28T15:00:19.077+0530][2.243s] GC(0)   Pre Evacuate Collection Set: 0.2ms
[2020-06-28T15:00:19.077+0530][2.243s] GC(0)   Merge Heap Roots: 0.1ms
[2020-06-28T15:00:19.077+0530][2.243s] GC(0)   Evacuate Collection Set: 23.6ms
[2020-06-28T15:00:19.077+0530][2.243s] GC(0)   Post Evacuate Collection Set: 0.6ms
[2020-06-28T15:00:19.081+0530][2.247s] GC(0)   Other: 0.9ms
[2020-06-28T15:00:19.081+0530][2.247s] GC(0) Eden regions: 25->0(30)
[2020-06-28T15:00:19.081+0530][2.247s] GC(0) Survivor regions: 0->3(4)
[2020-06-28T15:00:19.081+0530][2.247s] GC(0) Old regions: 0->0
[2020-06-28T15:00:19.081+0530][2.247s] GC(0) Archive regions: 0->0
[2020-06-28T15:00:19.081+0530][2.247s] GC(0) Humongous regions: 0->0
[2020-06-28T15:00:19.081+0530][2.247s] GC(0) Metaspace: 5532K(7552K)->5532K(7552K) NonClass: 4870K(6656K)->4870K(6656K) Class: 662K(896K)->662K(896K)
[2020-06-28T15:00:19.082+0530][2.248s] GC(0) Pause Young (Normal) (G1 Evacuation Pause) 25M->2M(512M) 29.681ms
[2020-06-28T15:00:19.082+0530][2.248s] GC(0) User=0.02s Sys=0.00s Real=0.03s
[2020-06-28T15:00:21.078+0530][4.244s] GC(1) Pause Young (Normal) (G1 Evacuation Pause)
[2020-06-28T15:00:21.078+0530][4.244s] GC(1) Using 4 workers of 4 for evacuation
[2020-06-28T15:00:21.104+0530][4.270s] GC(1)   Pre Evacuate Collection Set: 0.1ms
[2020-06-28T15:00:21.104+0530][4.270s] GC(1)   Merge Heap Roots: 0.1ms
[2020-06-28T15:00:21.104+0530][4.270s] GC(1)   Evacuate Collection Set: 24.5ms
[2020-06-28T15:00:21.104+0530][4.270s] GC(1)   Post Evacuate Collection Set: 0.7ms
[2020-06-28T15:00:21.104+0530][4.270s] GC(1)   Other: 0.2ms
[2020-06-28T15:00:21.104+0530][4.270s] GC(1) Eden regions: 30->0(42)
[2020-06-28T15:00:21.104+0530][4.270s] GC(1) Survivor regions: 3->5(5)
[2020-06-28T15:00:21.104+0530][4.270s] GC(1) Old regions: 0->8
[2020-06-28T15:00:21.104+0530][4.270s] GC(1) Archive regions: 0->0
[2020-06-28T15:00:21.104+0530][4.270s] GC(1) Humongous regions: 4->4
[2020-06-28T15:00:21.104+0530][4.270s] GC(1) Metaspace: 13798K(14336K)->13798K(14336K) NonClass: 12176K(12544K)->12176K(12544K) Class: 1622K(1792K)->1622K(1792K)
[2020-06-28T15:00:21.104+0530][4.270s] GC(1) Pause Young (Normal) (G1 Evacuation Pause) 36M->16M(512M) 25.937ms
[2020-06-28T15:00:21.104+0530][4.270s] GC(1) User=0.13s Sys=0.00s Real=0.03s
[2020-06-28T15:00:22.224+0530][5.390s] GC(2) Pause Young (Normal) (G1 Evacuation Pause)
[2020-06-28T15:00:22.224+0530][5.390s] GC(2) Using 4 workers of 4 for evacuation
[2020-06-28T15:00:22.238+0530][5.404s] GC(2)   Pre Evacuate Collection Set: 0.1ms
[2020-06-28T15:00:22.238+0530][5.404s] GC(2)   Merge Heap Roots: 0.1ms
[2020-06-28T15:00:22.238+0530][5.404s] GC(2)   Evacuate Collection Set: 12.0ms
[2020-06-28T15:00:22.238+0530][5.404s] GC(2)   Post Evacuate Collection Set: 1.2ms
[2020-06-28T15:00:22.238+0530][5.404s] GC(2)   Other: 0.2ms
[2020-06-28T15:00:22.238+0530][5.404s] GC(2) Eden regions: 41->0(156)
[2020-06-28T15:00:22.238+0530][5.404s] GC(2) Survivor regions: 5->6(6)
[2020-06-28T15:00:22.238+0530][5.404s] GC(2) Old regions: 8->13
[2020-06-28T15:00:22.238+0530][5.404s] GC(2) Archive regions: 0->0
[2020-06-28T15:00:22.238+0530][5.404s] GC(2) Humongous regions: 4->4
[2020-06-28T15:00:22.238+0530][5.404s] GC(2) Metaspace: 16992K(17536K)->16992K(17536K) NonClass: 15016K(15360K)->15016K(15360K) Class: 1975K(2176K)->1975K(2176K)
[2020-06-28T15:00:22.238+0530][5.404s] GC(2) Pause Young (Normal) (G1 Evacuation Pause) 57M->22M(512M) 13.978ms
[2020-06-28T15:00:22.238+0530][5.404s] GC(2) User=0.06s Sys=0.00s Real=0.01s
[2020-06-28T15:00:28.504+0530][11.670s] GC(3) Pause Young (Concurrent Start) (Metadata GC Threshold)
[2020-06-28T15:00:28.504+0530][11.671s] GC(3) Using 4 workers of 4 for evacuation
[2020-06-28T15:00:28.513+0530][11.679s] GC(3)   Pre Evacuate Collection Set: 0.1ms
[2020-06-28T15:00:28.513+0530][11.679s] GC(3)   Merge Heap Roots: 0.1ms
[2020-06-28T15:00:28.513+0530][11.679s] GC(3)   Evacuate Collection Set: 7.5ms
[2020-06-28T15:00:28.513+0530][11.679s] GC(3)   Post Evacuate Collection Set: 0.5ms
[2020-06-28T15:00:28.513+0530][11.679s] GC(3)   Other: 0.4ms
[2020-06-28T15:00:28.513+0530][11.679s] GC(3) Eden regions: 30->0(300)
[2020-06-28T15:00:28.513+0530][11.679s] GC(3) Survivor regions: 6->7(21)
[2020-06-28T15:00:28.513+0530][11.679s] GC(3) Old regions: 13->13
[2020-06-28T15:00:28.513+0530][11.679s] GC(3) Archive regions: 0->0
[2020-06-28T15:00:28.513+0530][11.679s] GC(3) Humongous regions: 4->4
[2020-06-28T15:00:28.513+0530][11.679s] GC(3) Metaspace: 20577K(21296K)->20577K(21296K) NonClass: 18189K(18608K)->18189K(18608K) Class: 2387K(2688K)->2387K(2688K)
[2020-06-28T15:00:28.513+0530][11.679s] GC(3) Pause Young (Concurrent Start) (Metadata GC Threshold) 52M->23M(512M) 8.911ms
[2020-06-28T15:00:28.513+0530][11.679s] GC(3) User=0.00s Sys=0.00s Real=0.01s
[2020-06-28T15:00:28.513+0530][11.679s] GC(4) Concurrent Cycle
[2020-06-28T15:00:28.513+0530][11.679s] GC(4) Concurrent Clear Claimed Marks
[2020-06-28T15:00:28.513+0530][11.680s] GC(4) Concurrent Clear Claimed Marks 0.064ms
[2020-06-28T15:00:28.513+0530][11.680s] GC(4) Concurrent Scan Root Regions
[2020-06-28T15:00:28.517+0530][11.684s] GC(4) Concurrent Scan Root Regions 4.084ms
[2020-06-28T15:00:28.517+0530][11.684s] GC(4) Concurrent Mark (11.684s)
[2020-06-28T15:00:28.517+0530][11.684s] GC(4) Concurrent Mark From Roots
[2020-06-28T15:00:28.518+0530][11.684s] GC(4) Using 1 workers of 1 for marking
[2020-06-28T15:00:28.581+0530][11.747s] GC(4) Concurrent Mark From Roots 63.543ms
[2020-06-28T15:00:28.581+0530][11.747s] GC(4) Concurrent Preclean
[2020-06-28T15:00:28.581+0530][11.748s] GC(4) Concurrent Preclean 0.147ms
[2020-06-28T15:00:28.581+0530][11.748s] GC(4) Concurrent Mark (11.684s, 11.748s) 63.836ms
[2020-06-28T15:00:28.581+0530][11.748s] GC(4) Pause Remark
[2020-06-28T15:00:28.584+0530][11.750s] GC(4) Pause Remark 24M->24M(512M) 2.380ms
[2020-06-28T15:00:28.584+0530][11.750s] GC(4) User=0.00s Sys=0.00s Real=0.00s
[2020-06-28T15:00:28.584+0530][11.750s] GC(4) Concurrent Rebuild Remembered Sets
[2020-06-28T15:00:28.612+0530][11.778s] GC(4) Concurrent Rebuild Remembered Sets 28.130ms
[2020-06-28T15:00:28.613+0530][11.779s] GC(4) Pause Cleanup
[2020-06-28T15:00:28.613+0530][11.779s] GC(4) Pause Cleanup 24M->24M(512M) 0.200ms
[2020-06-28T15:00:28.613+0530][11.779s] GC(4) User=0.00s Sys=0.00s Real=0.00s
[2020-06-28T15:00:28.613+0530][11.779s] GC(4) Concurrent Cleanup for Next Mark
[2020-06-28T15:00:28.614+0530][11.780s] GC(4) Concurrent Cleanup for Next Mark 0.807ms
[2020-06-28T15:00:28.614+0530][11.780s] GC(4) Concurrent Cycle 100.647ms
[2020-06-28T15:00:37.384+0530][20.550s] GC(5) Pause Young (Concurrent Start) (Metadata GC Threshold)
[2020-06-28T15:00:37.384+0530][20.550s] GC(5) Using 4 workers of 4 for evacuation
[2020-06-28T15:00:37.405+0530][20.571s] GC(5)   Pre Evacuate Collection Set: 0.2ms
[2020-06-28T15:00:37.405+0530][20.571s] GC(5)   Merge Heap Roots: 0.1ms
[2020-06-28T15:00:37.405+0530][20.571s] GC(5)   Evacuate Collection Set: 19.0ms
[2020-06-28T15:00:37.405+0530][20.571s] GC(5)   Post Evacuate Collection Set: 1.1ms
[2020-06-28T15:00:37.405+0530][20.571s] GC(5)   Other: 0.4ms
[2020-06-28T15:00:37.405+0530][20.571s] GC(5) Eden regions: 213->0(293)
[2020-06-28T15:00:37.405+0530][20.571s] GC(5) Survivor regions: 7->14(39)
[2020-06-28T15:00:37.405+0530][20.571s] GC(5) Old regions: 13->13
[2020-06-28T15:00:37.405+0530][20.571s] GC(5) Archive regions: 0->0
[2020-06-28T15:00:37.405+0530][20.571s] GC(5) Humongous regions: 4->4
[2020-06-28T15:00:37.405+0530][20.571s] GC(5) Metaspace: 35063K(35920K)->35063K(35920K) NonClass: 31019K(31568K)->31019K(31568K) Class: 4044K(4352K)->4044K(4352K)
[2020-06-28T15:00:37.406+0530][20.571s] GC(5) Pause Young (Concurrent Start) (Metadata GC Threshold) 236M->30M(512M) 21.464ms
[2020-06-28T15:00:37.406+0530][20.571s] GC(5) User=0.06s Sys=0.00s Real=0.02s
[2020-06-28T15:00:37.406+0530][20.571s] GC(6) Concurrent Cycle
[2020-06-28T15:00:37.406+0530][20.572s] GC(6) Concurrent Clear Claimed Marks
[2020-06-28T15:00:37.406+0530][20.572s] GC(6) Concurrent Clear Claimed Marks 0.083ms
[2020-06-28T15:00:37.406+0530][20.572s] GC(6) Concurrent Scan Root Regions
[2020-06-28T15:00:37.421+0530][20.587s] GC(6) Concurrent Scan Root Regions 14.968ms
[2020-06-28T15:00:37.421+0530][20.587s] GC(6) Concurrent Mark (20.587s)
[2020-06-28T15:00:37.421+0530][20.587s] GC(6) Concurrent Mark From Roots
[2020-06-28T15:00:37.421+0530][20.587s] GC(6) Using 1 workers of 1 for marking
[2020-06-28T15:00:37.496+0530][20.662s] GC(6) Concurrent Mark From Roots 74.957ms
[2020-06-28T15:00:37.496+0530][20.662s] GC(6) Concurrent Preclean
[2020-06-28T15:00:37.496+0530][20.662s] GC(6) Concurrent Preclean 0.234ms
[2020-06-28T15:00:37.496+0530][20.662s] GC(6) Concurrent Mark (20.587s, 20.662s) 75.400ms
[2020-06-28T15:00:37.497+0530][20.662s] GC(6) Pause Remark
[2020-06-28T15:00:37.500+0530][20.666s] GC(6) Pause Remark 33M->33M(512M) 3.710ms
[2020-06-28T15:00:37.500+0530][20.666s] GC(6) User=0.00s Sys=0.00s Real=0.00s
[2020-06-28T15:00:37.501+0530][20.666s] GC(6) Concurrent Rebuild Remembered Sets
[2020-06-28T15:00:37.537+0530][20.703s] GC(6) Concurrent Rebuild Remembered Sets 36.356ms
[2020-06-28T15:00:37.538+0530][20.703s] GC(6) Pause Cleanup
[2020-06-28T15:00:37.538+0530][20.704s] GC(6) Pause Cleanup 35M->35M(512M) 0.205ms
[2020-06-28T15:00:37.538+0530][20.704s] GC(6) User=0.00s Sys=0.00s Real=0.00s
[2020-06-28T15:00:37.538+0530][20.704s] GC(6) Concurrent Cleanup for Next Mark
[2020-06-28T15:00:37.539+0530][20.705s] GC(6) Concurrent Cleanup for Next Mark 0.995ms
[2020-06-28T15:00:37.539+0530][20.705s] GC(6) Concurrent Cycle 133.380ms
[2020-06-28T15:00:38.893+0530][22.059s] GC(7) Pause Young (Normal) (G1 Evacuation Pause)
[2020-06-28T15:00:38.893+0530][22.059s] GC(7) Using 4 workers of 4 for evacuation
[2020-06-28T15:00:38.914+0530][22.079s] GC(7)   Pre Evacuate Collection Set: 0.1ms
[2020-06-28T15:00:38.914+0530][22.079s] GC(7)   Merge Heap Roots: 0.1ms
[2020-06-28T15:00:38.914+0530][22.079s] GC(7)   Evacuate Collection Set: 18.9ms
[2020-06-28T15:00:38.914+0530][22.079s] GC(7)   Post Evacuate Collection Set: 1.1ms
[2020-06-28T15:00:38.914+0530][22.080s] GC(7)   Other: 0.4ms
[2020-06-28T15:00:38.914+0530][22.080s] GC(7) Eden regions: 293->0(291)
[2020-06-28T15:00:38.914+0530][22.080s] GC(7) Survivor regions: 14->16(39)
[2020-06-28T15:00:38.914+0530][22.080s] GC(7) Old regions: 13->13
[2020-06-28T15:00:38.914+0530][22.080s] GC(7) Archive regions: 0->0
[2020-06-28T15:00:38.914+0530][22.080s] GC(7) Humongous regions: 5->4
[2020-06-28T15:00:38.914+0530][22.080s] GC(7) Metaspace: 39304K(40476K)->39304K(40476K) NonClass: 34689K(35408K)->34689K(35408K) Class: 4614K(5068K)->4614K(5068K)
[2020-06-28T15:00:38.914+0530][22.080s] GC(7) Pause Young (Normal) (G1 Evacuation Pause) 324M->32M(512M) 21.065ms
[2020-06-28T15:00:38.914+0530][22.080s] GC(7) User=0.13s Sys=0.00s Real=0.02s
[2020-06-28T15:00:40.376+0530][23.542s] GC(8) Pause Young (Normal) (G1 Evacuation Pause)
[2020-06-28T15:00:40.376+0530][23.542s] GC(8) Using 4 workers of 4 for evacuation
[2020-06-28T15:00:40.396+0530][23.562s] GC(8)   Pre Evacuate Collection Set: 0.1ms
[2020-06-28T15:00:40.396+0530][23.562s] GC(8)   Merge Heap Roots: 0.1ms
[2020-06-28T15:00:40.396+0530][23.562s] GC(8)   Evacuate Collection Set: 18.0ms
[2020-06-28T15:00:40.396+0530][23.562s] GC(8)   Post Evacuate Collection Set: 1.3ms
[2020-06-28T15:00:40.396+0530][23.562s] GC(8)   Other: 0.3ms
[2020-06-28T15:00:40.396+0530][23.562s] GC(8) Eden regions: 291->0(290)
[2020-06-28T15:00:40.396+0530][23.562s] GC(8) Survivor regions: 16->17(39)
[2020-06-28T15:00:40.396+0530][23.562s] GC(8) Old regions: 13->13
[2020-06-28T15:00:40.396+0530][23.562s] GC(8) Archive regions: 0->0
[2020-06-28T15:00:40.396+0530][23.562s] GC(8) Humongous regions: 4->4
[2020-06-28T15:00:40.397+0530][23.563s] GC(8) Metaspace: 40707K(41756K)->40707K(41756K) NonClass: 35977K(36688K)->35977K(36688K) Class: 4730K(5068K)->4730K(5068K)
[2020-06-28T15:00:40.397+0530][23.563s] GC(8) Pause Young (Normal) (G1 Evacuation Pause) 323M->33M(512M) 20.352ms
[2020-06-28T15:00:40.397+0530][23.563s] GC(8) User=0.13s Sys=0.00s Real=0.02s
[2020-06-28T15:00:50.159+0530][33.326s] GC(9) Pause Young (Normal) (G1 Evacuation Pause)
[2020-06-28T15:00:50.160+0530][33.326s] GC(9) Using 4 workers of 4 for evacuation
[2020-06-28T15:00:50.194+0530][33.360s] GC(9)   Pre Evacuate Collection Set: 0.1ms
[2020-06-28T15:00:50.194+0530][33.360s] GC(9)   Merge Heap Roots: 0.1ms
[2020-06-28T15:00:50.194+0530][33.360s] GC(9)   Evacuate Collection Set: 32.1ms
[2020-06-28T15:00:50.194+0530][33.360s] GC(9)   Post Evacuate Collection Set: 1.4ms
[2020-06-28T15:00:50.194+0530][33.360s] GC(9)   Other: 0.3ms
[2020-06-28T15:00:50.194+0530][33.360s] GC(9) Eden regions: 290->0(283)
[2020-06-28T15:00:50.194+0530][33.360s] GC(9) Survivor regions: 17->24(39)
[2020-06-28T15:00:50.194+0530][33.360s] GC(9) Old regions: 13->13
[2020-06-28T15:00:50.194+0530][33.360s] GC(9) Archive regions: 0->0
[2020-06-28T15:00:50.194+0530][33.360s] GC(9) Humongous regions: 4->4
[2020-06-28T15:00:50.194+0530][33.360s] GC(9) Metaspace: 48472K(49820K)->48472K(49820K) NonClass: 42712K(43600K)->42712K(43600K) Class: 5760K(6220K)->5760K(6220K)
[2020-06-28T15:00:50.194+0530][33.360s] GC(9) Pause Young (Normal) (G1 Evacuation Pause) 323M->40M(512M) 34.549ms
[2020-06-28T15:00:50.194+0530][33.360s] GC(9) User=0.13s Sys=0.00s Real=0.04s
[2020-06-28T15:02:07.819+0530][110.985s] Heap
[2020-06-28T15:02:07.819+0530][110.985s]  garbage-first heap   total 524288K, used 88773K [0x00000000e0000000, 0x0000000100000000)
[2020-06-28T15:02:07.819+0530][110.985s]   region size 1024K, 68 young (69632K), 24 survivors (24576K)
[2020-06-28T15:02:07.819+0530][110.985s]  Metaspace       used 51833K, capacity 52966K, committed 53148K, reserved 1095680K
[2020-06-28T15:02:07.819+0530][110.985s]   class space    used 6191K, capacity 6637K, committed 6732K, reserved 1048576K
