[2020-06-20T20:14:32.641+0530][0.039s] Heap region size: 1M
[2020-06-20T20:14:32.642+0530][0.040s] Heap address: 0x00000000e0000000, size: 512 MB, Compressed Oops mode: 32-bit
[2020-06-20T20:14:33.029+0530][0.427s] Using G1
[2020-06-20T20:14:33.069+0530][0.467s] Periodic GC disabled
[2020-06-20T20:14:34.543+0530][1.942s] GC(0) Pause Young (Normal) (G1 Evacuation Pause)
[2020-06-20T20:14:34.544+0530][1.942s] GC(0) Using 4 workers of 4 for evacuation
[2020-06-20T20:14:34.555+0530][1.954s] GC(0)   Pre Evacuate Collection Set: 0.1ms
[2020-06-20T20:14:34.555+0530][1.954s] GC(0)   Merge Heap Roots: 0.0ms
[2020-06-20T20:14:34.556+0530][1.954s] GC(0)   Evacuate Collection Set: 10.6ms
[2020-06-20T20:14:34.556+0530][1.954s] GC(0)   Post Evacuate Collection Set: 0.5ms
[2020-06-20T20:14:34.556+0530][1.954s] GC(0)   Other: 0.8ms
[2020-06-20T20:14:34.556+0530][1.954s] GC(0) Eden regions: 25->0(30)
[2020-06-20T20:14:34.556+0530][1.955s] GC(0) Survivor regions: 0->3(4)
[2020-06-20T20:14:34.556+0530][1.955s] GC(0) Old regions: 0->0
[2020-06-20T20:14:34.556+0530][1.955s] GC(0) Archive regions: 0->0
[2020-06-20T20:14:34.556+0530][1.955s] GC(0) Humongous regions: 0->0
[2020-06-20T20:14:34.556+0530][1.955s] GC(0) Metaspace: 5678K(7552K)->5678K(7552K) NonClass: 4993K(6656K)->4993K(6656K) Class: 684K(896K)->684K(896K)
[2020-06-20T20:14:34.556+0530][1.955s] GC(0) Pause Young (Normal) (G1 Evacuation Pause) 25M->2M(512M) 13.062ms
[2020-06-20T20:14:34.557+0530][1.955s] GC(0) User=0.03s Sys=0.00s Real=0.01s
[2020-06-20T20:14:36.010+0530][3.409s] GC(1) Pause Young (Normal) (G1 Evacuation Pause)
[2020-06-20T20:14:36.010+0530][3.409s] GC(1) Using 4 workers of 4 for evacuation
[2020-06-20T20:14:36.035+0530][3.434s] GC(1)   Pre Evacuate Collection Set: 0.1ms
[2020-06-20T20:14:36.036+0530][3.434s] GC(1)   Merge Heap Roots: 0.1ms
[2020-06-20T20:14:36.036+0530][3.434s] GC(1)   Evacuate Collection Set: 23.9ms
[2020-06-20T20:14:36.036+0530][3.434s] GC(1)   Post Evacuate Collection Set: 0.9ms
[2020-06-20T20:14:36.036+0530][3.434s] GC(1)   Other: 0.2ms
[2020-06-20T20:14:36.036+0530][3.434s] GC(1) Eden regions: 30->0(60)
[2020-06-20T20:14:36.036+0530][3.434s] GC(1) Survivor regions: 3->5(5)
[2020-06-20T20:14:36.036+0530][3.434s] GC(1) Old regions: 0->7
[2020-06-20T20:14:36.036+0530][3.434s] GC(1) Archive regions: 0->0
[2020-06-20T20:14:36.036+0530][3.434s] GC(1) Humongous regions: 4->4
[2020-06-20T20:14:36.036+0530][3.434s] GC(1) Metaspace: 13771K(14336K)->13771K(14336K) NonClass: 12148K(12544K)->12148K(12544K) Class: 1622K(1792K)->1622K(1792K)
[2020-06-20T20:14:36.036+0530][3.434s] GC(1) Pause Young (Normal) (G1 Evacuation Pause) 36M->15M(512M) 25.706ms
[2020-06-20T20:14:36.036+0530][3.434s] GC(1) User=0.06s Sys=0.05s Real=0.03s
[2020-06-20T20:14:38.311+0530][5.709s] GC(2) Pause Young (Normal) (G1 Evacuation Pause)
[2020-06-20T20:14:38.311+0530][5.709s] GC(2) Using 4 workers of 4 for evacuation
[2020-06-20T20:14:38.331+0530][5.729s] GC(2)   Pre Evacuate Collection Set: 0.1ms
[2020-06-20T20:14:38.331+0530][5.729s] GC(2)   Merge Heap Roots: 0.1ms
[2020-06-20T20:14:38.331+0530][5.729s] GC(2)   Evacuate Collection Set: 17.6ms
[2020-06-20T20:14:38.331+0530][5.729s] GC(2)   Post Evacuate Collection Set: 1.6ms
[2020-06-20T20:14:38.331+0530][5.729s] GC(2)   Other: 0.2ms
[2020-06-20T20:14:38.331+0530][5.729s] GC(2) Eden regions: 59->0(95)
[2020-06-20T20:14:38.331+0530][5.729s] GC(2) Survivor regions: 5->8(8)
[2020-06-20T20:14:38.331+0530][5.729s] GC(2) Old regions: 7->12
[2020-06-20T20:14:38.331+0530][5.729s] GC(2) Archive regions: 0->0
[2020-06-20T20:14:38.331+0530][5.729s] GC(2) Humongous regions: 4->4
[2020-06-20T20:14:38.331+0530][5.729s] GC(2) Metaspace: 19681K(20480K)->19681K(20480K) NonClass: 17371K(17920K)->17371K(17920K) Class: 2310K(2560K)->2310K(2560K)
[2020-06-20T20:14:38.331+0530][5.729s] GC(2) Pause Young (Normal) (G1 Evacuation Pause) 74M->23M(512M) 19.898ms
[2020-06-20T20:14:38.331+0530][5.729s] GC(2) User=0.06s Sys=0.00s Real=0.02s
[2020-06-20T20:14:38.479+0530][5.877s] GC(3) Pause Young (Concurrent Start) (Metadata GC Threshold)
[2020-06-20T20:14:38.480+0530][5.878s] GC(3) Using 4 workers of 4 for evacuation
[2020-06-20T20:14:38.488+0530][5.886s] GC(3)   Pre Evacuate Collection Set: 0.1ms
[2020-06-20T20:14:38.488+0530][5.886s] GC(3)   Merge Heap Roots: 0.1ms
[2020-06-20T20:14:38.488+0530][5.886s] GC(3)   Evacuate Collection Set: 7.3ms
[2020-06-20T20:14:38.488+0530][5.886s] GC(3)   Post Evacuate Collection Set: 0.4ms
[2020-06-20T20:14:38.488+0530][5.886s] GC(3)   Other: 0.4ms
[2020-06-20T20:14:38.488+0530][5.886s] GC(3) Eden regions: 12->0(306)
[2020-06-20T20:14:38.488+0530][5.886s] GC(3) Survivor regions: 8->1(13)
[2020-06-20T20:14:38.488+0530][5.886s] GC(3) Old regions: 12->19
[2020-06-20T20:14:38.488+0530][5.886s] GC(3) Archive regions: 0->0
[2020-06-20T20:14:38.488+0530][5.886s] GC(3) Humongous regions: 4->4
[2020-06-20T20:14:38.488+0530][5.886s] GC(3) Metaspace: 20569K(21296K)->20569K(21296K) NonClass: 18181K(18608K)->18181K(18608K) Class: 2387K(2688K)->2387K(2688K)
[2020-06-20T20:14:38.488+0530][5.886s] GC(3) Pause Young (Concurrent Start) (Metadata GC Threshold) 35M->23M(512M) 8.479ms
[2020-06-20T20:14:38.488+0530][5.886s] GC(3) User=0.00s Sys=0.02s Real=0.01s
[2020-06-20T20:14:38.488+0530][5.886s] GC(4) Concurrent Cycle
[2020-06-20T20:14:38.488+0530][5.886s] GC(4) Concurrent Clear Claimed Marks
[2020-06-20T20:14:38.488+0530][5.886s] GC(4) Concurrent Clear Claimed Marks 0.046ms
[2020-06-20T20:14:38.488+0530][5.886s] GC(4) Concurrent Scan Root Regions
[2020-06-20T20:14:38.491+0530][5.889s] GC(4) Concurrent Scan Root Regions 2.957ms
[2020-06-20T20:14:38.491+0530][5.889s] GC(4) Concurrent Mark (5.889s)
[2020-06-20T20:14:38.491+0530][5.889s] GC(4) Concurrent Mark From Roots
[2020-06-20T20:14:38.491+0530][5.889s] GC(4) Using 1 workers of 1 for marking
[2020-06-20T20:14:38.566+0530][5.964s] GC(4) Concurrent Mark From Roots 74.465ms
[2020-06-20T20:14:38.566+0530][5.964s] GC(4) Concurrent Preclean
[2020-06-20T20:14:38.566+0530][5.964s] GC(4) Concurrent Preclean 0.203ms
[2020-06-20T20:14:38.566+0530][5.964s] GC(4) Concurrent Mark (5.889s, 5.964s) 74.852ms
[2020-06-20T20:14:38.566+0530][5.964s] GC(4) Pause Remark
[2020-06-20T20:14:38.569+0530][5.967s] GC(4) Pause Remark 24M->24M(512M) 2.431ms
[2020-06-20T20:14:38.569+0530][5.967s] GC(4) User=0.00s Sys=0.00s Real=0.00s
[2020-06-20T20:14:38.571+0530][5.969s] GC(4) Concurrent Rebuild Remembered Sets
[2020-06-20T20:14:38.611+0530][6.009s] GC(4) Concurrent Rebuild Remembered Sets 39.975ms
[2020-06-20T20:14:38.612+0530][6.009s] GC(4) Pause Cleanup
[2020-06-20T20:14:38.612+0530][6.010s] GC(4) Pause Cleanup 24M->24M(512M) 0.174ms
[2020-06-20T20:14:38.612+0530][6.010s] GC(4) User=0.00s Sys=0.00s Real=0.00s
[2020-06-20T20:14:38.612+0530][6.010s] GC(4) Concurrent Cleanup for Next Mark
[2020-06-20T20:14:38.613+0530][6.011s] GC(4) Concurrent Cleanup for Next Mark 0.909ms
[2020-06-20T20:14:38.613+0530][6.011s] GC(4) Concurrent Cycle 124.787ms
[2020-06-20T20:14:42.034+0530][9.432s] GC(5) Pause Young (Concurrent Start) (Metadata GC Threshold)
[2020-06-20T20:14:42.034+0530][9.432s] GC(5) Using 4 workers of 4 for evacuation
[2020-06-20T20:14:42.050+0530][9.449s] GC(5)   Pre Evacuate Collection Set: 0.1ms
[2020-06-20T20:14:42.050+0530][9.449s] GC(5)   Merge Heap Roots: 0.1ms
[2020-06-20T20:14:42.050+0530][9.449s] GC(5)   Evacuate Collection Set: 15.3ms
[2020-06-20T20:14:42.051+0530][9.449s] GC(5)   Post Evacuate Collection Set: 0.9ms
[2020-06-20T20:14:42.051+0530][9.449s] GC(5)   Other: 0.4ms
[2020-06-20T20:14:42.051+0530][9.449s] GC(5) Eden regions: 212->0(299)
[2020-06-20T20:14:42.051+0530][9.449s] GC(5) Survivor regions: 1->8(39)
[2020-06-20T20:14:42.051+0530][9.449s] GC(5) Old regions: 19->19
[2020-06-20T20:14:42.051+0530][9.449s] GC(5) Archive regions: 0->0
[2020-06-20T20:14:42.051+0530][9.449s] GC(5) Humongous regions: 4->4
[2020-06-20T20:14:42.051+0530][9.449s] GC(5) Metaspace: 35026K(35920K)->35026K(35920K) NonClass: 30989K(31568K)->30989K(31568K) Class: 4036K(4352K)->4036K(4352K)
[2020-06-20T20:14:42.051+0530][9.449s] GC(5) Pause Young (Concurrent Start) (Metadata GC Threshold) 235M->30M(512M) 17.119ms
[2020-06-20T20:14:42.051+0530][9.449s] GC(5) User=0.09s Sys=0.02s Real=0.02s
[2020-06-20T20:14:42.051+0530][9.449s] GC(6) Concurrent Cycle
[2020-06-20T20:14:42.051+0530][9.449s] GC(6) Concurrent Clear Claimed Marks
[2020-06-20T20:14:42.051+0530][9.449s] GC(6) Concurrent Clear Claimed Marks 0.082ms
[2020-06-20T20:14:42.051+0530][9.450s] GC(6) Concurrent Scan Root Regions
[2020-06-20T20:14:42.064+0530][9.462s] GC(6) Concurrent Scan Root Regions 12.627ms
[2020-06-20T20:14:42.064+0530][9.462s] GC(6) Concurrent Mark (9.462s)
[2020-06-20T20:14:42.064+0530][9.462s] GC(6) Concurrent Mark From Roots
[2020-06-20T20:14:42.064+0530][9.462s] GC(6) Using 1 workers of 1 for marking
[2020-06-20T20:14:42.148+0530][9.546s] GC(6) Concurrent Mark From Roots 84.154ms
[2020-06-20T20:14:42.148+0530][9.547s] GC(6) Concurrent Preclean
[2020-06-20T20:14:42.148+0530][9.547s] GC(6) Concurrent Preclean 0.257ms
[2020-06-20T20:14:42.148+0530][9.547s] GC(6) Concurrent Mark (9.462s, 9.547s) 84.594ms
[2020-06-20T20:14:42.149+0530][9.547s] GC(6) Pause Remark
[2020-06-20T20:14:42.152+0530][9.551s] GC(6) Pause Remark 35M->35M(512M) 3.682ms
[2020-06-20T20:14:42.152+0530][9.551s] GC(6) User=0.00s Sys=0.00s Real=0.00s
[2020-06-20T20:14:42.153+0530][9.551s] GC(6) Concurrent Rebuild Remembered Sets
[2020-06-20T20:14:42.193+0530][9.592s] GC(6) Concurrent Rebuild Remembered Sets 40.835ms
[2020-06-20T20:14:42.194+0530][9.592s] GC(6) Pause Cleanup
[2020-06-20T20:14:42.194+0530][9.592s] GC(6) Pause Cleanup 40M->40M(512M) 0.221ms
[2020-06-20T20:14:42.194+0530][9.593s] GC(6) User=0.00s Sys=0.00s Real=0.00s
[2020-06-20T20:14:42.194+0530][9.593s] GC(6) Concurrent Cleanup for Next Mark
[2020-06-20T20:14:42.195+0530][9.594s] GC(6) Concurrent Cleanup for Next Mark 1.057ms
[2020-06-20T20:14:42.195+0530][9.594s] GC(6) Concurrent Cycle 144.424ms
[2020-06-20T20:14:43.795+0530][11.193s] GC(7) Pause Young (Concurrent Start) (G1 Evacuation Pause)
[2020-06-20T20:14:43.795+0530][11.193s] GC(7) Using 4 workers of 4 for evacuation
[2020-06-20T20:14:43.812+0530][11.211s] GC(7)   Pre Evacuate Collection Set: 0.1ms
[2020-06-20T20:14:43.812+0530][11.211s] GC(7)   Merge Heap Roots: 0.1ms
[2020-06-20T20:14:43.812+0530][11.211s] GC(7)   Evacuate Collection Set: 15.7ms
[2020-06-20T20:14:43.812+0530][11.211s] GC(7)   Post Evacuate Collection Set: 1.0ms
[2020-06-20T20:14:43.813+0530][11.211s] GC(7)   Other: 0.4ms
[2020-06-20T20:14:43.813+0530][11.211s] GC(7) Eden regions: 299->0(297)
[2020-06-20T20:14:43.813+0530][11.211s] GC(7) Survivor regions: 8->10(39)
[2020-06-20T20:14:43.813+0530][11.211s] GC(7) Old regions: 19->19
[2020-06-20T20:14:43.813+0530][11.211s] GC(7) Archive regions: 0->0
[2020-06-20T20:14:43.813+0530][11.211s] GC(7) Humongous regions: 5->4
[2020-06-20T20:14:43.813+0530][11.211s] GC(7) Metaspace: 38946K(40092K)->38946K(40092K) NonClass: 34437K(35152K)->34437K(35152K) Class: 4508K(4940K)->4508K(4940K)
[2020-06-20T20:14:43.813+0530][11.211s] GC(7) Pause Young (Concurrent Start) (G1 Evacuation Pause) 330M->32M(512M) 17.887ms
[2020-06-20T20:14:43.813+0530][11.211s] GC(7) User=0.06s Sys=0.00s Real=0.02s
[2020-06-20T20:14:43.813+0530][11.211s] GC(8) Concurrent Cycle
[2020-06-20T20:14:43.813+0530][11.211s] GC(8) Concurrent Clear Claimed Marks
[2020-06-20T20:14:43.813+0530][11.212s] GC(8) Concurrent Clear Claimed Marks 0.089ms
[2020-06-20T20:14:43.813+0530][11.212s] GC(8) Concurrent Scan Root Regions
[2020-06-20T20:14:43.829+0530][11.227s] GC(8) Concurrent Scan Root Regions 15.686ms
[2020-06-20T20:14:43.829+0530][11.227s] GC(8) Concurrent Mark (11.227s)
[2020-06-20T20:14:43.829+0530][11.227s] GC(8) Concurrent Mark From Roots
[2020-06-20T20:14:43.829+0530][11.227s] GC(8) Using 1 workers of 1 for marking
[2020-06-20T20:14:43.913+0530][11.311s] GC(8) Concurrent Mark From Roots 83.761ms
[2020-06-20T20:14:43.913+0530][11.311s] GC(8) Concurrent Preclean
[2020-06-20T20:14:43.913+0530][11.311s] GC(8) Concurrent Preclean 0.261ms
[2020-06-20T20:14:43.913+0530][11.312s] GC(8) Concurrent Mark (11.227s, 11.312s) 84.209ms
[2020-06-20T20:14:43.913+0530][11.312s] GC(8) Pause Remark
[2020-06-20T20:14:43.918+0530][11.316s] GC(8) Pause Remark 36M->36M(512M) 4.423ms
[2020-06-20T20:14:43.918+0530][11.316s] GC(8) User=0.00s Sys=0.00s Real=0.00s
[2020-06-20T20:14:43.918+0530][11.317s] GC(8) Concurrent Rebuild Remembered Sets
[2020-06-20T20:14:43.959+0530][11.357s] GC(8) Concurrent Rebuild Remembered Sets 40.524ms
[2020-06-20T20:14:43.959+0530][11.357s] GC(8) Pause Cleanup
[2020-06-20T20:14:43.959+0530][11.358s] GC(8) Pause Cleanup 36M->36M(512M) 0.227ms
[2020-06-20T20:14:43.959+0530][11.358s] GC(8) User=0.00s Sys=0.00s Real=0.00s
[2020-06-20T20:14:43.960+0530][11.358s] GC(8) Concurrent Cleanup for Next Mark
[2020-06-20T20:14:43.961+0530][11.359s] GC(8) Concurrent Cleanup for Next Mark 0.975ms
[2020-06-20T20:14:43.961+0530][11.359s] GC(8) Concurrent Cycle 147.749ms
[2020-06-20T20:14:44.939+0530][12.337s] GC(9) Pause Young (Normal) (G1 Evacuation Pause)
[2020-06-20T20:14:44.939+0530][12.337s] GC(9) Using 4 workers of 4 for evacuation
[2020-06-20T20:14:44.955+0530][12.353s] GC(9)   Pre Evacuate Collection Set: 0.1ms
[2020-06-20T20:14:44.955+0530][12.353s] GC(9)   Merge Heap Roots: 0.1ms
[2020-06-20T20:14:44.955+0530][12.353s] GC(9)   Evacuate Collection Set: 14.9ms
[2020-06-20T20:14:44.955+0530][12.353s] GC(9)   Post Evacuate Collection Set: 1.0ms
[2020-06-20T20:14:44.956+0530][12.353s] GC(9)   Other: 0.3ms
[2020-06-20T20:14:44.956+0530][12.353s] GC(9) Eden regions: 297->0(297)
[2020-06-20T20:14:44.956+0530][12.353s] GC(9) Survivor regions: 10->10(39)
[2020-06-20T20:14:44.956+0530][12.353s] GC(9) Old regions: 19->19
[2020-06-20T20:14:44.956+0530][12.353s] GC(9) Archive regions: 0->0
[2020-06-20T20:14:44.956+0530][12.353s] GC(9) Humongous regions: 4->4
[2020-06-20T20:14:44.956+0530][12.354s] GC(9) Metaspace: 40145K(41244K)->40145K(41244K) NonClass: 35482K(36176K)->35482K(36176K) Class: 4663K(5068K)->4663K(5068K)
[2020-06-20T20:14:44.956+0530][12.354s] GC(9) Pause Young (Normal) (G1 Evacuation Pause) 329M->32M(512M) 16.972ms
[2020-06-20T20:14:44.956+0530][12.354s] GC(9) User=0.06s Sys=0.00s Real=0.02s
[2020-06-20T20:15:48.906+0530][76.304s] GC(10) Pause Young (Normal) (G1 Evacuation Pause)
[2020-06-20T20:15:48.906+0530][76.304s] GC(10) Using 4 workers of 4 for evacuation
[2020-06-20T20:15:48.937+0530][76.335s] GC(10)   Pre Evacuate Collection Set: 0.1ms
[2020-06-20T20:15:48.937+0530][76.335s] GC(10)   Merge Heap Roots: 0.1ms
[2020-06-20T20:15:48.937+0530][76.335s] GC(10)   Evacuate Collection Set: 29.5ms
[2020-06-20T20:15:48.937+0530][76.335s] GC(10)   Post Evacuate Collection Set: 1.3ms
[2020-06-20T20:15:48.937+0530][76.335s] GC(10)   Other: 0.3ms
[2020-06-20T20:15:48.937+0530][76.336s] GC(10) Eden regions: 297->0(289)
[2020-06-20T20:15:48.937+0530][76.336s] GC(10) Survivor regions: 10->18(39)
[2020-06-20T20:15:48.937+0530][76.336s] GC(10) Old regions: 19->19
[2020-06-20T20:15:48.937+0530][76.336s] GC(10) Archive regions: 0->0
[2020-06-20T20:15:48.937+0530][76.336s] GC(10) Humongous regions: 4->4
[2020-06-20T20:15:48.938+0530][76.336s] GC(10) Metaspace: 49674K(50972K)->49674K(50972K) NonClass: 43765K(44624K)->43765K(44624K) Class: 5908K(6348K)->5908K(6348K)
[2020-06-20T20:15:48.938+0530][76.336s] GC(10) Pause Young (Normal) (G1 Evacuation Pause) 329M->40M(512M) 31.897ms
[2020-06-20T20:15:48.938+0530][76.336s] GC(10) User=0.13s Sys=0.00s Real=0.03s
