[2020-06-29T09:19:57.203+0530][0.045s] Heap region size: 1M
[2020-06-29T09:19:57.203+0530][0.045s] Heap address: 0x00000000e0000000, size: 512 MB, Compressed Oops mode: 32-bit
[2020-06-29T09:19:57.567+0530][0.408s] Using G1
[2020-06-29T09:19:57.610+0530][0.451s] Periodic GC disabled
[2020-06-29T09:19:59.137+0530][1.979s] GC(0) Pause Young (Normal) (G1 Evacuation Pause)
[2020-06-29T09:19:59.138+0530][1.980s] GC(0) Using 4 workers of 4 for evacuation
[2020-06-29T09:19:59.146+0530][1.988s] GC(0)   Pre Evacuate Collection Set: 0.1ms
[2020-06-29T09:19:59.146+0530][1.988s] GC(0)   Merge Heap Roots: 0.0ms
[2020-06-29T09:19:59.146+0530][1.988s] GC(0)   Evacuate Collection Set: 7.3ms
[2020-06-29T09:19:59.146+0530][1.988s] GC(0)   Post Evacuate Collection Set: 0.6ms
[2020-06-29T09:19:59.150+0530][1.992s] GC(0)   Other: 0.8ms
[2020-06-29T09:19:59.150+0530][1.992s] GC(0) Eden regions: 25->0(30)
[2020-06-29T09:19:59.150+0530][1.992s] GC(0) Survivor regions: 0->3(4)
[2020-06-29T09:19:59.150+0530][1.992s] GC(0) Old regions: 0->0
[2020-06-29T09:19:59.150+0530][1.992s] GC(0) Archive regions: 0->0
[2020-06-29T09:19:59.150+0530][1.992s] GC(0) Humongous regions: 0->0
[2020-06-29T09:19:59.150+0530][1.992s] GC(0) Metaspace: 5775K(7552K)->5775K(7552K) NonClass: 5083K(6656K)->5083K(6656K) Class: 691K(896K)->691K(896K)
[2020-06-29T09:19:59.150+0530][1.992s] GC(0) Pause Young (Normal) (G1 Evacuation Pause) 25M->2M(512M) 13.402ms
[2020-06-29T09:19:59.150+0530][1.992s] GC(0) User=0.05s Sys=0.00s Real=0.01s
[2020-06-29T09:20:00.666+0530][3.508s] GC(1) Pause Young (Normal) (G1 Evacuation Pause)
[2020-06-29T09:20:00.666+0530][3.509s] GC(1) Using 4 workers of 4 for evacuation
[2020-06-29T09:20:00.692+0530][3.533s] GC(1)   Pre Evacuate Collection Set: 0.1ms
[2020-06-29T09:20:00.692+0530][3.533s] GC(1)   Merge Heap Roots: 0.1ms
[2020-06-29T09:20:00.692+0530][3.533s] GC(1)   Evacuate Collection Set: 23.6ms
[2020-06-29T09:20:00.692+0530][3.533s] GC(1)   Post Evacuate Collection Set: 0.7ms
[2020-06-29T09:20:00.692+0530][3.533s] GC(1)   Other: 0.2ms
[2020-06-29T09:20:00.692+0530][3.533s] GC(1) Eden regions: 30->0(60)
[2020-06-29T09:20:00.692+0530][3.533s] GC(1) Survivor regions: 3->5(5)
[2020-06-29T09:20:00.692+0530][3.533s] GC(1) Old regions: 0->7
[2020-06-29T09:20:00.692+0530][3.533s] GC(1) Archive regions: 0->0
[2020-06-29T09:20:00.692+0530][3.533s] GC(1) Humongous regions: 4->4
[2020-06-29T09:20:00.692+0530][3.534s] GC(1) Metaspace: 13777K(14336K)->13777K(14336K) NonClass: 12155K(12544K)->12155K(12544K) Class: 1622K(1792K)->1622K(1792K)
[2020-06-29T09:20:00.692+0530][3.534s] GC(1) Pause Young (Normal) (G1 Evacuation Pause) 36M->15M(512M) 25.101ms
[2020-06-29T09:20:00.692+0530][3.534s] GC(1) User=0.13s Sys=0.00s Real=0.03s
[2020-06-29T09:20:14.192+0530][17.033s] GC(2) Pause Young (Normal) (G1 Evacuation Pause)
[2020-06-29T09:20:14.192+0530][17.033s] GC(2) Using 4 workers of 4 for evacuation
[2020-06-29T09:20:14.208+0530][17.050s] GC(2)   Pre Evacuate Collection Set: 0.1ms
[2020-06-29T09:20:14.208+0530][17.050s] GC(2)   Merge Heap Roots: 0.1ms
[2020-06-29T09:20:14.208+0530][17.050s] GC(2)   Evacuate Collection Set: 14.6ms
[2020-06-29T09:20:14.208+0530][17.050s] GC(2)   Post Evacuate Collection Set: 1.2ms
[2020-06-29T09:20:14.208+0530][17.050s] GC(2)   Other: 0.2ms
[2020-06-29T09:20:14.208+0530][17.050s] GC(2) Eden regions: 58->0(97)
[2020-06-29T09:20:14.208+0530][17.050s] GC(2) Survivor regions: 5->7(8)
[2020-06-29T09:20:14.208+0530][17.050s] GC(2) Old regions: 7->12
[2020-06-29T09:20:14.208+0530][17.050s] GC(2) Archive regions: 0->0
[2020-06-29T09:20:14.208+0530][17.050s] GC(2) Humongous regions: 4->4
[2020-06-29T09:20:14.208+0530][17.050s] GC(2) Metaspace: 19639K(20480K)->19639K(20480K) NonClass: 17333K(17920K)->17333K(17920K) Class: 2305K(2560K)->2305K(2560K)
[2020-06-29T09:20:14.209+0530][17.050s] GC(2) Pause Young (Normal) (G1 Evacuation Pause) 73M->23M(512M) 16.627ms
[2020-06-29T09:20:14.209+0530][17.050s] GC(2) User=0.06s Sys=0.00s Real=0.02s
[2020-06-29T09:20:14.420+0530][17.262s] GC(3) Pause Young (Concurrent Start) (Metadata GC Threshold)
[2020-06-29T09:20:14.420+0530][17.262s] GC(3) Using 4 workers of 4 for evacuation
[2020-06-29T09:20:14.426+0530][17.268s] GC(3)   Pre Evacuate Collection Set: 0.1ms
[2020-06-29T09:20:14.427+0530][17.268s] GC(3)   Merge Heap Roots: 0.1ms
[2020-06-29T09:20:14.427+0530][17.268s] GC(3)   Evacuate Collection Set: 5.4ms
[2020-06-29T09:20:14.427+0530][17.268s] GC(3)   Post Evacuate Collection Set: 0.4ms
[2020-06-29T09:20:14.427+0530][17.268s] GC(3)   Other: 0.4ms
[2020-06-29T09:20:14.427+0530][17.268s] GC(3) Eden regions: 13->0(306)
[2020-06-29T09:20:14.427+0530][17.268s] GC(3) Survivor regions: 7->1(13)
[2020-06-29T09:20:14.427+0530][17.268s] GC(3) Old regions: 12->19
[2020-06-29T09:20:14.427+0530][17.268s] GC(3) Archive regions: 0->0
[2020-06-29T09:20:14.427+0530][17.268s] GC(3) Humongous regions: 4->4
[2020-06-29T09:20:14.427+0530][17.268s] GC(3) Metaspace: 20571K(21296K)->20571K(21296K) NonClass: 18183K(18608K)->18183K(18608K) Class: 2387K(2688K)->2387K(2688K)
[2020-06-29T09:20:14.427+0530][17.268s] GC(3) Pause Young (Concurrent Start) (Metadata GC Threshold) 36M->23M(512M) 6.685ms
[2020-06-29T09:20:14.427+0530][17.268s] GC(3) User=0.06s Sys=0.00s Real=0.01s
[2020-06-29T09:20:14.427+0530][17.268s] GC(4) Concurrent Cycle
[2020-06-29T09:20:14.427+0530][17.268s] GC(4) Concurrent Clear Claimed Marks
[2020-06-29T09:20:14.427+0530][17.269s] GC(4) Concurrent Clear Claimed Marks 0.062ms
[2020-06-29T09:20:14.427+0530][17.269s] GC(4) Concurrent Scan Root Regions
[2020-06-29T09:20:14.431+0530][17.273s] GC(4) Concurrent Scan Root Regions 4.049ms
[2020-06-29T09:20:14.431+0530][17.273s] GC(4) Concurrent Mark (17.273s)
[2020-06-29T09:20:14.431+0530][17.273s] GC(4) Concurrent Mark From Roots
[2020-06-29T09:20:14.431+0530][17.273s] GC(4) Using 1 workers of 1 for marking
[2020-06-29T09:20:14.505+0530][17.347s] GC(4) Concurrent Mark From Roots 74.609ms
[2020-06-29T09:20:14.505+0530][17.347s] GC(4) Concurrent Preclean
[2020-06-29T09:20:14.505+0530][17.348s] GC(4) Concurrent Preclean 0.192ms
[2020-06-29T09:20:14.505+0530][17.348s] GC(4) Concurrent Mark (17.273s, 17.348s) 74.984ms
[2020-06-29T09:20:14.508+0530][17.350s] GC(4) Pause Remark
[2020-06-29T09:20:14.511+0530][17.353s] GC(4) Pause Remark 25M->25M(512M) 3.083ms
[2020-06-29T09:20:14.511+0530][17.353s] GC(4) User=0.00s Sys=0.00s Real=0.00s
[2020-06-29T09:20:14.514+0530][17.357s] GC(4) Concurrent Rebuild Remembered Sets
[2020-06-29T09:20:14.551+0530][17.394s] GC(4) Concurrent Rebuild Remembered Sets 36.763ms
[2020-06-29T09:20:14.552+0530][17.394s] GC(4) Pause Cleanup
[2020-06-29T09:20:14.552+0530][17.394s] GC(4) Pause Cleanup 27M->27M(512M) 0.171ms
[2020-06-29T09:20:14.552+0530][17.394s] GC(4) User=0.00s Sys=0.00s Real=0.00s
[2020-06-29T09:20:14.552+0530][17.394s] GC(4) Concurrent Cleanup for Next Mark
[2020-06-29T09:20:14.554+0530][17.396s] GC(4) Concurrent Cleanup for Next Mark 1.802ms
[2020-06-29T09:20:14.554+0530][17.396s] GC(4) Concurrent Cycle 127.891ms
[2020-06-29T09:20:34.383+0530][37.224s] GC(5) Pause Young (Concurrent Start) (Metadata GC Threshold)
[2020-06-29T09:20:34.383+0530][37.224s] GC(5) Using 4 workers of 4 for evacuation
[2020-06-29T09:20:34.398+0530][37.240s] GC(5)   Pre Evacuate Collection Set: 0.1ms
[2020-06-29T09:20:34.398+0530][37.240s] GC(5)   Merge Heap Roots: 0.1ms
[2020-06-29T09:20:34.399+0530][37.240s] GC(5)   Evacuate Collection Set: 14.3ms
[2020-06-29T09:20:34.399+0530][37.240s] GC(5)   Post Evacuate Collection Set: 0.9ms
[2020-06-29T09:20:34.399+0530][37.240s] GC(5)   Other: 0.4ms
[2020-06-29T09:20:34.399+0530][37.240s] GC(5) Eden regions: 212->0(299)
[2020-06-29T09:20:34.399+0530][37.240s] GC(5) Survivor regions: 1->8(39)
[2020-06-29T09:20:34.399+0530][37.240s] GC(5) Old regions: 19->19
[2020-06-29T09:20:34.399+0530][37.240s] GC(5) Archive regions: 0->0
[2020-06-29T09:20:34.399+0530][37.240s] GC(5) Humongous regions: 4->4
[2020-06-29T09:20:34.399+0530][37.240s] GC(5) Metaspace: 35083K(35920K)->35083K(35920K) NonClass: 31042K(31568K)->31042K(31568K) Class: 4040K(4352K)->4040K(4352K)
[2020-06-29T09:20:34.399+0530][37.241s] GC(5) Pause Young (Concurrent Start) (Metadata GC Threshold) 235M->30M(512M) 16.366ms
[2020-06-29T09:20:34.399+0530][37.241s] GC(5) User=0.06s Sys=0.00s Real=0.02s
[2020-06-29T09:20:34.399+0530][37.241s] GC(6) Concurrent Cycle
[2020-06-29T09:20:34.399+0530][37.241s] GC(6) Concurrent Clear Claimed Marks
[2020-06-29T09:20:34.399+0530][37.241s] GC(6) Concurrent Clear Claimed Marks 0.085ms
[2020-06-29T09:20:34.399+0530][37.241s] GC(6) Concurrent Scan Root Regions
[2020-06-29T09:20:34.412+0530][37.253s] GC(6) Concurrent Scan Root Regions 12.200ms
[2020-06-29T09:20:34.412+0530][37.253s] GC(6) Concurrent Mark (37.253s)
[2020-06-29T09:20:34.412+0530][37.253s] GC(6) Concurrent Mark From Roots
[2020-06-29T09:20:34.412+0530][37.253s] GC(6) Using 1 workers of 1 for marking
[2020-06-29T09:20:34.495+0530][37.337s] GC(6) Concurrent Mark From Roots 83.570ms
[2020-06-29T09:20:34.495+0530][37.337s] GC(6) Concurrent Preclean
[2020-06-29T09:20:34.496+0530][37.337s] GC(6) Concurrent Preclean 0.247ms
[2020-06-29T09:20:34.496+0530][37.337s] GC(6) Concurrent Mark (37.253s, 37.337s) 83.992ms
[2020-06-29T09:20:34.496+0530][37.337s] GC(6) Pause Remark
[2020-06-29T09:20:34.500+0530][37.341s] GC(6) Pause Remark 36M->36M(512M) 3.732ms
[2020-06-29T09:20:34.500+0530][37.341s] GC(6) User=0.00s Sys=0.00s Real=0.00s
[2020-06-29T09:20:34.500+0530][37.341s] GC(6) Concurrent Rebuild Remembered Sets
[2020-06-29T09:20:34.539+0530][37.381s] GC(6) Concurrent Rebuild Remembered Sets 39.457ms
[2020-06-29T09:20:34.540+0530][37.381s] GC(6) Pause Cleanup
[2020-06-29T09:20:34.540+0530][37.381s] GC(6) Pause Cleanup 48M->48M(512M) 0.200ms
[2020-06-29T09:20:34.540+0530][37.382s] GC(6) User=0.00s Sys=0.00s Real=0.00s
[2020-06-29T09:20:34.542+0530][37.383s] GC(6) Concurrent Cleanup for Next Mark
[2020-06-29T09:20:34.544+0530][37.385s] GC(6) Concurrent Cleanup for Next Mark 2.017ms
[2020-06-29T09:20:34.544+0530][37.385s] GC(6) Concurrent Cycle 144.627ms
[2020-06-29T09:20:35.730+0530][38.572s] GC(7) Pause Young (Concurrent Start) (G1 Evacuation Pause)
[2020-06-29T09:20:35.730+0530][38.572s] GC(7) Using 4 workers of 4 for evacuation
[2020-06-29T09:20:35.747+0530][38.589s] GC(7)   Pre Evacuate Collection Set: 0.1ms
[2020-06-29T09:20:35.747+0530][38.589s] GC(7)   Merge Heap Roots: 0.1ms
[2020-06-29T09:20:35.747+0530][38.589s] GC(7)   Evacuate Collection Set: 15.6ms
[2020-06-29T09:20:35.747+0530][38.589s] GC(7)   Post Evacuate Collection Set: 0.9ms
[2020-06-29T09:20:35.747+0530][38.589s] GC(7)   Other: 0.4ms
[2020-06-29T09:20:35.747+0530][38.589s] GC(7) Eden regions: 299->0(297)
[2020-06-29T09:20:35.747+0530][38.589s] GC(7) Survivor regions: 8->10(39)
[2020-06-29T09:20:35.747+0530][38.589s] GC(7) Old regions: 19->19
[2020-06-29T09:20:35.747+0530][38.589s] GC(7) Archive regions: 0->0
[2020-06-29T09:20:35.747+0530][38.589s] GC(7) Humongous regions: 5->4
[2020-06-29T09:20:35.747+0530][38.589s] GC(7) Metaspace: 38890K(40092K)->38890K(40092K) NonClass: 34389K(35152K)->34389K(35152K) Class: 4501K(4940K)->4501K(4940K)
[2020-06-29T09:20:35.747+0530][38.589s] GC(7) Pause Young (Concurrent Start) (G1 Evacuation Pause) 330M->32M(512M) 17.701ms
[2020-06-29T09:20:35.748+0530][38.589s] GC(7) User=0.06s Sys=0.00s Real=0.02s
[2020-06-29T09:20:35.748+0530][38.589s] GC(8) Concurrent Cycle
[2020-06-29T09:20:35.748+0530][38.589s] GC(8) Concurrent Clear Claimed Marks
[2020-06-29T09:20:35.748+0530][38.590s] GC(8) Concurrent Clear Claimed Marks 0.086ms
[2020-06-29T09:20:35.748+0530][38.590s] GC(8) Concurrent Scan Root Regions
[2020-06-29T09:20:35.763+0530][38.605s] GC(8) Concurrent Scan Root Regions 14.884ms
[2020-06-29T09:20:35.763+0530][38.605s] GC(8) Concurrent Mark (38.605s)
[2020-06-29T09:20:35.763+0530][38.605s] GC(8) Concurrent Mark From Roots
[2020-06-29T09:20:35.763+0530][38.605s] GC(8) Using 1 workers of 1 for marking
[2020-06-29T09:20:35.846+0530][38.688s] GC(8) Concurrent Mark From Roots 83.066ms
[2020-06-29T09:20:35.846+0530][38.688s] GC(8) Concurrent Preclean
[2020-06-29T09:20:35.846+0530][38.688s] GC(8) Concurrent Preclean 0.243ms
[2020-06-29T09:20:35.846+0530][38.688s] GC(8) Concurrent Mark (38.605s, 38.688s) 83.504ms
[2020-06-29T09:20:35.846+0530][38.688s] GC(8) Pause Remark
[2020-06-29T09:20:35.851+0530][38.693s] GC(8) Pause Remark 34M->34M(512M) 4.330ms
[2020-06-29T09:20:35.851+0530][38.693s] GC(8) User=0.05s Sys=0.00s Real=0.01s
[2020-06-29T09:20:35.855+0530][38.697s] GC(8) Concurrent Rebuild Remembered Sets
[2020-06-29T09:20:35.895+0530][38.736s] GC(8) Concurrent Rebuild Remembered Sets 39.582ms
[2020-06-29T09:20:35.895+0530][38.737s] GC(8) Pause Cleanup
[2020-06-29T09:20:35.895+0530][38.737s] GC(8) Pause Cleanup 35M->35M(512M) 0.173ms
[2020-06-29T09:20:35.895+0530][38.737s] GC(8) User=0.00s Sys=0.00s Real=0.00s
[2020-06-29T09:20:35.897+0530][38.738s] GC(8) Concurrent Cleanup for Next Mark
[2020-06-29T09:20:35.898+0530][38.739s] GC(8) Concurrent Cleanup for Next Mark 0.956ms
[2020-06-29T09:20:35.898+0530][38.739s] GC(8) Concurrent Cycle 150.021ms
[2020-06-29T09:20:36.846+0530][39.688s] GC(9) Pause Young (Normal) (G1 Evacuation Pause)
[2020-06-29T09:20:36.846+0530][39.688s] GC(9) Using 4 workers of 4 for evacuation
[2020-06-29T09:20:36.861+0530][39.703s] GC(9)   Pre Evacuate Collection Set: 0.1ms
[2020-06-29T09:20:36.861+0530][39.703s] GC(9)   Merge Heap Roots: 0.1ms
[2020-06-29T09:20:36.861+0530][39.703s] GC(9)   Evacuate Collection Set: 14.0ms
[2020-06-29T09:20:36.861+0530][39.703s] GC(9)   Post Evacuate Collection Set: 1.0ms
[2020-06-29T09:20:36.861+0530][39.703s] GC(9)   Other: 0.3ms
[2020-06-29T09:20:36.861+0530][39.703s] GC(9) Eden regions: 297->0(297)
[2020-06-29T09:20:36.861+0530][39.704s] GC(9) Survivor regions: 10->10(39)
[2020-06-29T09:20:36.861+0530][39.704s] GC(9) Old regions: 19->19
[2020-06-29T09:20:36.861+0530][39.704s] GC(9) Archive regions: 0->0
[2020-06-29T09:20:36.861+0530][39.704s] GC(9) Humongous regions: 4->4
[2020-06-29T09:20:36.862+0530][39.704s] GC(9) Metaspace: 39334K(40348K)->39334K(40348K) NonClass: 34801K(35408K)->34801K(35408K) Class: 4532K(4940K)->4532K(4940K)
[2020-06-29T09:20:36.862+0530][39.704s] GC(9) Pause Young (Normal) (G1 Evacuation Pause) 329M->32M(512M) 16.040ms
[2020-06-29T09:20:36.862+0530][39.704s] GC(9) User=0.02s Sys=0.02s Real=0.02s
[2020-06-29T09:22:37.399+0530][160.241s] GC(10) Pause Young (Normal) (G1 Evacuation Pause)
[2020-06-29T09:22:37.399+0530][160.241s] GC(10) Using 4 workers of 4 for evacuation
[2020-06-29T09:22:37.428+0530][160.271s] GC(10)   Pre Evacuate Collection Set: 0.1ms
[2020-06-29T09:22:37.428+0530][160.271s] GC(10)   Merge Heap Roots: 0.1ms
[2020-06-29T09:22:37.428+0530][160.271s] GC(10)   Evacuate Collection Set: 15.9ms
[2020-06-29T09:22:37.429+0530][160.271s] GC(10)   Post Evacuate Collection Set: 13.3ms
[2020-06-29T09:22:37.429+0530][160.271s] GC(10)   Other: 0.3ms
[2020-06-29T09:22:37.429+0530][160.271s] GC(10) Eden regions: 297->0(290)
[2020-06-29T09:22:37.429+0530][160.271s] GC(10) Survivor regions: 10->17(39)
[2020-06-29T09:22:37.429+0530][160.271s] GC(10) Old regions: 19->19
[2020-06-29T09:22:37.429+0530][160.271s] GC(10) Archive regions: 0->0
[2020-06-29T09:22:37.429+0530][160.271s] GC(10) Humongous regions: 4->4
[2020-06-29T09:22:37.429+0530][160.271s] GC(10) Metaspace: 49990K(51356K)->49990K(51356K) NonClass: 44037K(44880K)->44037K(44880K) Class: 5952K(6476K)->5952K(6476K)
[2020-06-29T09:22:37.429+0530][160.271s] GC(10) Pause Young (Normal) (G1 Evacuation Pause) 329M->39M(512M) 30.277ms
[2020-06-29T09:22:37.429+0530][160.271s] GC(10) User=0.13s Sys=0.00s Real=0.03s
[2020-06-29T09:22:37.600+0530][160.442s] Heap
[2020-06-29T09:22:37.600+0530][160.442s]  garbage-first heap   total 524288K, used 46867K [0x00000000e0000000, 0x0000000100000000)
[2020-06-29T09:22:37.600+0530][160.442s]   region size 1024K, 24 young (24576K), 17 survivors (17408K)
[2020-06-29T09:22:37.600+0530][160.442s]  Metaspace       used 50004K, capacity 51095K, committed 51356K, reserved 1093632K
[2020-06-29T09:22:37.600+0530][160.442s]   class space    used 5954K, capacity 6356K, committed 6476K, reserved 1048576K
