[2020-06-19T13:00:17.183+0530][0.058s] Heap region size: 1M
[2020-06-19T13:00:17.184+0530][0.059s] Heap address: 0x00000000e0000000, size: 512 MB, Compressed Oops mode: 32-bit
[2020-06-19T13:00:17.610+0530][0.487s] Using G1
[2020-06-19T13:00:17.648+0530][0.525s] Periodic GC disabled
[2020-06-19T13:00:20.059+0530][2.935s] GC(0) Pause Young (Normal) (G1 Evacuation Pause)
[2020-06-19T13:00:20.060+0530][2.936s] GC(0) Using 4 workers of 4 for evacuation
[2020-06-19T13:00:20.138+0530][3.013s] GC(0)   Pre Evacuate Collection Set: 0.1ms
[2020-06-19T13:00:20.138+0530][3.014s] GC(0)   Merge Heap Roots: 0.1ms
[2020-06-19T13:00:20.138+0530][3.014s] GC(0)   Evacuate Collection Set: 76.7ms
[2020-06-19T13:00:20.138+0530][3.014s] GC(0)   Post Evacuate Collection Set: 0.6ms
[2020-06-19T13:00:20.142+0530][3.018s] GC(0)   Other: 0.8ms
[2020-06-19T13:00:20.142+0530][3.018s] GC(0) Eden regions: 25->0(30)
[2020-06-19T13:00:20.142+0530][3.018s] GC(0) Survivor regions: 0->3(4)
[2020-06-19T13:00:20.142+0530][3.018s] GC(0) Old regions: 0->0
[2020-06-19T13:00:20.142+0530][3.018s] GC(0) Archive regions: 0->0
[2020-06-19T13:00:20.142+0530][3.018s] GC(0) Humongous regions: 0->0
[2020-06-19T13:00:20.142+0530][3.018s] GC(0) Metaspace: 5567K(7552K)->5567K(7552K) NonClass: 4901K(6656K)->4901K(6656K) Class: 665K(896K)->665K(896K)
[2020-06-19T13:00:20.142+0530][3.018s] GC(0) Pause Young (Normal) (G1 Evacuation Pause) 25M->2M(512M) 82.921ms
[2020-06-19T13:00:20.142+0530][3.018s] GC(0) User=0.06s Sys=0.00s Real=0.08s
[2020-06-19T13:00:22.201+0530][5.076s] GC(1) Pause Young (Normal) (G1 Evacuation Pause)
[2020-06-19T13:00:22.201+0530][5.076s] GC(1) Using 4 workers of 4 for evacuation
[2020-06-19T13:00:22.226+0530][5.102s] GC(1)   Pre Evacuate Collection Set: 0.1ms
[2020-06-19T13:00:22.226+0530][5.102s] GC(1)   Merge Heap Roots: 0.1ms
[2020-06-19T13:00:22.226+0530][5.102s] GC(1)   Evacuate Collection Set: 24.2ms
[2020-06-19T13:00:22.226+0530][5.102s] GC(1)   Post Evacuate Collection Set: 0.8ms
[2020-06-19T13:00:22.227+0530][5.102s] GC(1)   Other: 0.3ms
[2020-06-19T13:00:22.227+0530][5.102s] GC(1) Eden regions: 30->0(46)
[2020-06-19T13:00:22.227+0530][5.102s] GC(1) Survivor regions: 3->5(5)
[2020-06-19T13:00:22.227+0530][5.102s] GC(1) Old regions: 0->7
[2020-06-19T13:00:22.227+0530][5.102s] GC(1) Archive regions: 0->0
[2020-06-19T13:00:22.227+0530][5.102s] GC(1) Humongous regions: 4->4
[2020-06-19T13:00:22.227+0530][5.102s] GC(1) Metaspace: 13804K(14336K)->13804K(14336K) NonClass: 12175K(12544K)->12175K(12544K) Class: 1629K(1792K)->1629K(1792K)
[2020-06-19T13:00:22.227+0530][5.102s] GC(1) Pause Young (Normal) (G1 Evacuation Pause) 36M->15M(512M) 26.074ms
[2020-06-19T13:00:22.227+0530][5.102s] GC(1) User=0.13s Sys=0.00s Real=0.03s
[2020-06-19T13:00:34.315+0530][17.190s] GC(2) Pause Young (Normal) (G1 Evacuation Pause)
[2020-06-19T13:00:34.315+0530][17.190s] GC(2) Using 4 workers of 4 for evacuation
[2020-06-19T13:00:34.329+0530][17.205s] GC(2)   Pre Evacuate Collection Set: 0.1ms
[2020-06-19T13:00:34.329+0530][17.205s] GC(2)   Merge Heap Roots: 0.1ms
[2020-06-19T13:00:34.329+0530][17.205s] GC(2)   Evacuate Collection Set: 13.0ms
[2020-06-19T13:00:34.329+0530][17.205s] GC(2)   Post Evacuate Collection Set: 1.1ms
[2020-06-19T13:00:34.330+0530][17.205s] GC(2)   Other: 0.2ms
[2020-06-19T13:00:34.330+0530][17.205s] GC(2) Eden regions: 45->0(300)
[2020-06-19T13:00:34.330+0530][17.205s] GC(2) Survivor regions: 5->7(7)
[2020-06-19T13:00:34.330+0530][17.205s] GC(2) Old regions: 7->12
[2020-06-19T13:00:34.330+0530][17.205s] GC(2) Archive regions: 0->0
[2020-06-19T13:00:34.330+0530][17.205s] GC(2) Humongous regions: 4->4
[2020-06-19T13:00:34.330+0530][17.205s] GC(2) Metaspace: 17245K(17792K)->17245K(17792K) NonClass: 15237K(15616K)->15237K(15616K) Class: 2007K(2176K)->2007K(2176K)
[2020-06-19T13:00:34.330+0530][17.205s] GC(2) Pause Young (Normal) (G1 Evacuation Pause) 60M->22M(512M) 14.840ms
[2020-06-19T13:00:34.330+0530][17.205s] GC(2) User=0.06s Sys=0.00s Real=0.01s
