[2020-06-29T09:11:32.854+0530][0.231s] Heap region size: 1M
[2020-06-29T09:11:32.854+0530][0.231s] Heap address: 0x00000000e0000000, size: 512 MB, Compressed Oops mode: 32-bit
[2020-06-29T09:11:33.276+0530][0.643s] Using G1
[2020-06-29T09:11:33.307+0530][0.684s] Periodic GC disabled
[2020-06-29T09:11:34.760+0530][2.139s] GC(0) Pause Young (Normal) (G1 Evacuation Pause)
[2020-06-29T09:11:34.760+0530][2.139s] GC(0) Using 4 workers of 4 for evacuation
[2020-06-29T09:11:34.776+0530][2.149s] GC(0)   Pre Evacuate Collection Set: 0.1ms
[2020-06-29T09:11:34.776+0530][2.149s] GC(0)   Merge Heap Roots: 0.1ms
[2020-06-29T09:11:34.776+0530][2.149s] GC(0)   Evacuate Collection Set: 8.4ms
[2020-06-29T09:11:34.776+0530][2.149s] GC(0)   Post Evacuate Collection Set: 0.5ms
[2020-06-29T09:11:34.776+0530][2.150s] GC(0)   Other: 0.9ms
[2020-06-29T09:11:34.776+0530][2.150s] GC(0) Eden regions: 25->0(30)
[2020-06-29T09:11:34.776+0530][2.150s] GC(0) Survivor regions: 0->3(4)
[2020-06-29T09:11:34.776+0530][2.150s] GC(0) Old regions: 0->0
[2020-06-29T09:11:34.776+0530][2.150s] GC(0) Archive regions: 0->0
[2020-06-29T09:11:34.776+0530][2.150s] GC(0) Humongous regions: 0->0
[2020-06-29T09:11:34.776+0530][2.150s] GC(0) Metaspace: 5590K(7552K)->5590K(7552K) NonClass: 4921K(6656K)->4921K(6656K) Class: 668K(896K)->668K(896K)
[2020-06-29T09:11:34.776+0530][2.150s] GC(0) Pause Young (Normal) (G1 Evacuation Pause) 25M->2M(512M) 11.159ms
[2020-06-29T09:11:34.776+0530][2.150s] GC(0) User=0.05s Sys=0.00s Real=0.02s
[2020-06-29T09:11:36.300+0530][3.679s] GC(1) Pause Young (Normal) (G1 Evacuation Pause)
[2020-06-29T09:11:36.300+0530][3.679s] GC(1) Using 4 workers of 4 for evacuation
[2020-06-29T09:11:36.331+0530][3.704s] GC(1)   Pre Evacuate Collection Set: 0.1ms
[2020-06-29T09:11:36.331+0530][3.704s] GC(1)   Merge Heap Roots: 0.1ms
[2020-06-29T09:11:36.331+0530][3.704s] GC(1)   Evacuate Collection Set: 24.3ms
[2020-06-29T09:11:36.331+0530][3.704s] GC(1)   Post Evacuate Collection Set: 0.8ms
[2020-06-29T09:11:36.331+0530][3.704s] GC(1)   Other: 0.2ms
[2020-06-29T09:11:36.331+0530][3.704s] GC(1) Eden regions: 30->0(60)
[2020-06-29T09:11:36.331+0530][3.704s] GC(1) Survivor regions: 3->5(5)
[2020-06-29T09:11:36.331+0530][3.704s] GC(1) Old regions: 0->7
[2020-06-29T09:11:36.331+0530][3.704s] GC(1) Archive regions: 0->0
[2020-06-29T09:11:36.331+0530][3.704s] GC(1) Humongous regions: 4->4
[2020-06-29T09:11:36.331+0530][3.704s] GC(1) Metaspace: 13774K(14336K)->13774K(14336K) NonClass: 12152K(12544K)->12152K(12544K) Class: 1622K(1792K)->1622K(1792K)
[2020-06-29T09:11:36.331+0530][3.705s] GC(1) Pause Young (Normal) (G1 Evacuation Pause) 36M->15M(512M) 25.769ms
[2020-06-29T09:11:36.331+0530][3.705s] GC(1) User=0.13s Sys=0.00s Real=0.03s
[2020-06-29T09:11:37.628+0530][5.003s] GC(2) Pause Young (Normal) (G1 Evacuation Pause)
[2020-06-29T09:11:37.628+0530][5.003s] GC(2) Using 4 workers of 4 for evacuation
[2020-06-29T09:11:37.644+0530][5.018s] GC(2)   Pre Evacuate Collection Set: 0.1ms
[2020-06-29T09:11:37.644+0530][5.018s] GC(2)   Merge Heap Roots: 0.1ms
[2020-06-29T09:11:37.644+0530][5.018s] GC(2)   Evacuate Collection Set: 13.3ms
[2020-06-29T09:11:37.644+0530][5.018s] GC(2)   Post Evacuate Collection Set: 1.1ms
[2020-06-29T09:11:37.644+0530][5.018s] GC(2)   Other: 0.2ms
[2020-06-29T09:11:37.644+0530][5.018s] GC(2) Eden regions: 58->0(94)
[2020-06-29T09:11:37.644+0530][5.018s] GC(2) Survivor regions: 5->7(8)
[2020-06-29T09:11:37.644+0530][5.018s] GC(2) Old regions: 7->12
[2020-06-29T09:11:37.644+0530][5.018s] GC(2) Archive regions: 0->0
[2020-06-29T09:11:37.644+0530][5.018s] GC(2) Humongous regions: 4->4
[2020-06-29T09:11:37.644+0530][5.018s] GC(2) Metaspace: 19113K(19840K)->19113K(19840K) NonClass: 16885K(17408K)->16885K(17408K) Class: 2228K(2432K)->2228K(2432K)
[2020-06-29T09:11:37.644+0530][5.018s] GC(2) Pause Young (Normal) (G1 Evacuation Pause) 73M->23M(512M) 15.188ms
[2020-06-29T09:11:37.644+0530][5.018s] GC(2) User=0.06s Sys=0.00s Real=0.02s
[2020-06-29T09:11:38.565+0530][5.940s] GC(3) Pause Young (Concurrent Start) (Metadata GC Threshold)
[2020-06-29T09:11:38.565+0530][5.941s] GC(3) Using 4 workers of 4 for evacuation
[2020-06-29T09:11:38.581+0530][5.947s] GC(3)   Pre Evacuate Collection Set: 0.1ms
[2020-06-29T09:11:38.581+0530][5.948s] GC(3)   Merge Heap Roots: 0.1ms
[2020-06-29T09:11:38.581+0530][5.948s] GC(3)   Evacuate Collection Set: 5.9ms
[2020-06-29T09:11:38.581+0530][5.948s] GC(3)   Post Evacuate Collection Set: 0.5ms
[2020-06-29T09:11:38.581+0530][5.948s] GC(3)   Other: 0.5ms
[2020-06-29T09:11:38.581+0530][5.948s] GC(3) Eden regions: 20->0(306)
[2020-06-29T09:11:38.581+0530][5.948s] GC(3) Survivor regions: 7->1(13)
[2020-06-29T09:11:38.581+0530][5.948s] GC(3) Old regions: 12->19
[2020-06-29T09:11:38.581+0530][5.948s] GC(3) Archive regions: 0->0
[2020-06-29T09:11:38.581+0530][5.948s] GC(3) Humongous regions: 4->4
[2020-06-29T09:11:38.581+0530][5.948s] GC(3) Metaspace: 20651K(21248K)->20651K(21248K) NonClass: 18300K(18688K)->18300K(18688K) Class: 2351K(2560K)->2351K(2560K)
[2020-06-29T09:11:38.581+0530][5.948s] GC(3) Pause Young (Concurrent Start) (Metadata GC Threshold) 43M->23M(512M) 7.559ms
[2020-06-29T09:11:38.581+0530][5.948s] GC(3) User=0.06s Sys=0.00s Real=0.02s
[2020-06-29T09:11:38.581+0530][5.948s] GC(4) Concurrent Cycle
[2020-06-29T09:11:38.581+0530][5.948s] GC(4) Concurrent Clear Claimed Marks
[2020-06-29T09:11:38.581+0530][5.948s] GC(4) Concurrent Clear Claimed Marks 0.062ms
[2020-06-29T09:11:38.581+0530][5.948s] GC(4) Concurrent Scan Root Regions
[2020-06-29T09:11:38.581+0530][5.952s] GC(4) Concurrent Scan Root Regions 3.924ms
[2020-06-29T09:11:38.581+0530][5.952s] GC(4) Concurrent Mark (5.952s)
[2020-06-29T09:11:38.581+0530][5.952s] GC(4) Concurrent Mark From Roots
[2020-06-29T09:11:38.581+0530][5.952s] GC(4) Using 1 workers of 1 for marking
[2020-06-29T09:11:38.659+0530][6.032s] GC(4) Concurrent Mark From Roots 79.329ms
[2020-06-29T09:11:38.659+0530][6.032s] GC(4) Concurrent Preclean
[2020-06-29T09:11:38.659+0530][6.032s] GC(4) Concurrent Preclean 0.190ms
[2020-06-29T09:11:38.659+0530][6.032s] GC(4) Concurrent Mark (5.952s, 6.032s) 79.699ms
[2020-06-29T09:11:38.659+0530][6.032s] GC(4) Pause Remark
[2020-06-29T09:11:38.659+0530][6.035s] GC(4) Pause Remark 27M->27M(512M) 2.535ms
[2020-06-29T09:11:38.659+0530][6.035s] GC(4) User=0.00s Sys=0.00s Real=0.00s
[2020-06-29T09:11:38.659+0530][6.035s] GC(4) Concurrent Rebuild Remembered Sets
[2020-06-29T09:11:38.706+0530][6.076s] GC(4) Concurrent Rebuild Remembered Sets 40.858ms
[2020-06-29T09:11:38.706+0530][6.077s] GC(4) Pause Cleanup
[2020-06-29T09:11:38.706+0530][6.077s] GC(4) Pause Cleanup 29M->29M(512M) 0.210ms
[2020-06-29T09:11:38.706+0530][6.077s] GC(4) User=0.00s Sys=0.00s Real=0.00s
[2020-06-29T09:11:38.706+0530][6.078s] GC(4) Concurrent Cleanup for Next Mark
[2020-06-29T09:11:38.706+0530][6.079s] GC(4) Concurrent Cleanup for Next Mark 1.001ms
[2020-06-29T09:11:38.706+0530][6.079s] GC(4) Concurrent Cycle 130.699ms
[2020-06-29T09:11:53.423+0530][20.789s] GC(5) Pause Young (Concurrent Start) (Metadata GC Threshold)
[2020-06-29T09:11:53.423+0530][20.789s] GC(5) Using 4 workers of 4 for evacuation
[2020-06-29T09:11:53.439+0530][20.806s] GC(5)   Pre Evacuate Collection Set: 0.3ms
[2020-06-29T09:11:53.440+0530][20.806s] GC(5)   Merge Heap Roots: 0.1ms
[2020-06-29T09:11:53.440+0530][20.806s] GC(5)   Evacuate Collection Set: 15.3ms
[2020-06-29T09:11:53.440+0530][20.806s] GC(5)   Post Evacuate Collection Set: 0.9ms
[2020-06-29T09:11:53.440+0530][20.806s] GC(5)   Other: 0.3ms
[2020-06-29T09:11:53.440+0530][20.806s] GC(5) Eden regions: 224->0(299)
[2020-06-29T09:11:53.440+0530][20.806s] GC(5) Survivor regions: 1->8(39)
[2020-06-29T09:11:53.440+0530][20.806s] GC(5) Old regions: 19->19
[2020-06-29T09:11:53.440+0530][20.806s] GC(5) Archive regions: 0->0
[2020-06-29T09:11:53.440+0530][20.806s] GC(5) Humongous regions: 4->4
[2020-06-29T09:11:53.440+0530][20.806s] GC(5) Metaspace: 36046K(36908K)->36046K(36908K) NonClass: 31917K(32428K)->31917K(32428K) Class: 4129K(4480K)->4129K(4480K)
[2020-06-29T09:11:53.440+0530][20.806s] GC(5) Pause Young (Concurrent Start) (Metadata GC Threshold) 246M->30M(512M) 17.199ms
[2020-06-29T09:11:53.440+0530][20.806s] GC(5) User=0.08s Sys=0.02s Real=0.02s
[2020-06-29T09:11:53.440+0530][20.806s] GC(6) Concurrent Cycle
[2020-06-29T09:11:53.440+0530][20.806s] GC(6) Concurrent Clear Claimed Marks
[2020-06-29T09:11:53.440+0530][20.807s] GC(6) Concurrent Clear Claimed Marks 0.089ms
[2020-06-29T09:11:53.440+0530][20.807s] GC(6) Concurrent Scan Root Regions
[2020-06-29T09:11:53.453+0530][20.819s] GC(6) Concurrent Scan Root Regions 12.853ms
[2020-06-29T09:11:53.453+0530][20.819s] GC(6) Concurrent Mark (20.819s)
[2020-06-29T09:11:53.453+0530][20.820s] GC(6) Concurrent Mark From Roots
[2020-06-29T09:11:53.453+0530][20.820s] GC(6) Using 1 workers of 1 for marking
[2020-06-29T09:11:53.532+0530][20.898s] GC(6) Concurrent Mark From Roots 78.316ms
[2020-06-29T09:11:53.532+0530][20.898s] GC(6) Concurrent Preclean
[2020-06-29T09:11:53.532+0530][20.898s] GC(6) Concurrent Preclean 0.243ms
[2020-06-29T09:11:53.532+0530][20.898s] GC(6) Concurrent Mark (20.819s, 20.898s) 78.733ms
[2020-06-29T09:11:53.532+0530][20.898s] GC(6) Pause Remark
[2020-06-29T09:11:53.537+0530][20.903s] GC(6) Pause Remark 36M->36M(512M) 4.587ms
[2020-06-29T09:11:53.537+0530][20.903s] GC(6) User=0.06s Sys=0.00s Real=0.00s
[2020-06-29T09:11:53.537+0530][20.903s] GC(6) Concurrent Rebuild Remembered Sets
[2020-06-29T09:11:53.576+0530][20.942s] GC(6) Concurrent Rebuild Remembered Sets 38.610ms
[2020-06-29T09:11:53.579+0530][20.945s] GC(6) Pause Cleanup
[2020-06-29T09:11:53.579+0530][20.945s] GC(6) Pause Cleanup 42M->42M(512M) 0.238ms
[2020-06-29T09:11:53.579+0530][20.945s] GC(6) User=0.00s Sys=0.00s Real=0.00s
[2020-06-29T09:11:53.580+0530][20.946s] GC(6) Concurrent Cleanup for Next Mark
[2020-06-29T09:11:53.581+0530][20.948s] GC(6) Concurrent Cleanup for Next Mark 1.118ms
[2020-06-29T09:11:53.581+0530][20.948s] GC(6) Concurrent Cycle 141.321ms
[2020-06-29T09:11:54.466+0530][21.832s] GC(7) Pause Young (Concurrent Start) (G1 Evacuation Pause)
[2020-06-29T09:11:54.466+0530][21.832s] GC(7) Using 4 workers of 4 for evacuation
[2020-06-29T09:11:54.484+0530][21.850s] GC(7)   Pre Evacuate Collection Set: 0.1ms
[2020-06-29T09:11:54.484+0530][21.850s] GC(7)   Merge Heap Roots: 0.1ms
[2020-06-29T09:11:54.484+0530][21.850s] GC(7)   Evacuate Collection Set: 17.1ms
[2020-06-29T09:11:54.484+0530][21.850s] GC(7)   Post Evacuate Collection Set: 0.9ms
[2020-06-29T09:11:54.485+0530][21.850s] GC(7)   Other: 0.3ms
[2020-06-29T09:11:54.485+0530][21.850s] GC(7) Eden regions: 299->0(297)
[2020-06-29T09:11:54.485+0530][21.850s] GC(7) Survivor regions: 8->10(39)
[2020-06-29T09:11:54.485+0530][21.850s] GC(7) Old regions: 19->19
[2020-06-29T09:11:54.485+0530][21.850s] GC(7) Archive regions: 0->0
[2020-06-29T09:11:54.485+0530][21.850s] GC(7) Humongous regions: 5->4
[2020-06-29T09:11:54.485+0530][21.850s] GC(7) Metaspace: 40323K(41388K)->40323K(41388K) NonClass: 35610K(36268K)->35610K(36268K) Class: 4713K(5120K)->4713K(5120K)
[2020-06-29T09:11:54.485+0530][21.851s] GC(7) Pause Young (Concurrent Start) (G1 Evacuation Pause) 330M->32M(512M) 18.865ms
[2020-06-29T09:11:54.485+0530][21.851s] GC(7) User=0.06s Sys=0.00s Real=0.02s
[2020-06-29T09:11:54.485+0530][21.851s] GC(8) Concurrent Cycle
[2020-06-29T09:11:54.485+0530][21.851s] GC(8) Concurrent Clear Claimed Marks
[2020-06-29T09:11:54.485+0530][21.851s] GC(8) Concurrent Clear Claimed Marks 0.079ms
[2020-06-29T09:11:54.485+0530][21.851s] GC(8) Concurrent Scan Root Regions
[2020-06-29T09:11:54.500+0530][21.866s] GC(8) Concurrent Scan Root Regions 15.312ms
[2020-06-29T09:11:54.500+0530][21.866s] GC(8) Concurrent Mark (21.866s)
[2020-06-29T09:11:54.500+0530][21.866s] GC(8) Concurrent Mark From Roots
[2020-06-29T09:11:54.501+0530][21.866s] GC(8) Using 1 workers of 1 for marking
[2020-06-29T09:11:54.582+0530][21.947s] GC(8) Concurrent Mark From Roots 81.099ms
[2020-06-29T09:11:54.582+0530][21.947s] GC(8) Concurrent Preclean
[2020-06-29T09:11:54.582+0530][21.948s] GC(8) Concurrent Preclean 0.255ms
[2020-06-29T09:11:54.582+0530][21.948s] GC(8) Concurrent Mark (21.866s, 21.948s) 81.543ms
[2020-06-29T09:11:54.582+0530][21.948s] GC(8) Pause Remark
[2020-06-29T09:11:54.587+0530][21.952s] GC(8) Pause Remark 37M->37M(512M) 4.371ms
[2020-06-29T09:11:54.587+0530][21.952s] GC(8) User=0.00s Sys=0.00s Real=0.00s
[2020-06-29T09:11:54.587+0530][21.953s] GC(8) Concurrent Rebuild Remembered Sets
[2020-06-29T09:11:54.626+0530][21.991s] GC(8) Concurrent Rebuild Remembered Sets 38.717ms
[2020-06-29T09:11:54.626+0530][21.992s] GC(8) Pause Cleanup
[2020-06-29T09:11:54.627+0530][21.992s] GC(8) Pause Cleanup 38M->38M(512M) 0.225ms
[2020-06-29T09:11:54.627+0530][21.992s] GC(8) User=0.00s Sys=0.00s Real=0.00s
[2020-06-29T09:11:54.627+0530][21.993s] GC(8) Concurrent Cleanup for Next Mark
[2020-06-29T09:11:54.628+0530][21.994s] GC(8) Concurrent Cleanup for Next Mark 1.126ms
[2020-06-29T09:11:54.628+0530][21.994s] GC(8) Concurrent Cycle 143.211ms
[2020-06-29T09:12:01.955+0530][29.320s] GC(9) Pause Young (Normal) (G1 Evacuation Pause)
[2020-06-29T09:12:01.955+0530][29.320s] GC(9) Using 4 workers of 4 for evacuation
[2020-06-29T09:12:01.973+0530][29.338s] GC(9)   Pre Evacuate Collection Set: 0.1ms
[2020-06-29T09:12:01.973+0530][29.338s] GC(9)   Merge Heap Roots: 0.1ms
[2020-06-29T09:12:01.973+0530][29.338s] GC(9)   Evacuate Collection Set: 16.4ms
[2020-06-29T09:12:01.973+0530][29.338s] GC(9)   Post Evacuate Collection Set: 1.1ms
[2020-06-29T09:12:01.973+0530][29.339s] GC(9)   Other: 0.4ms
[2020-06-29T09:12:01.973+0530][29.339s] GC(9) Eden regions: 297->0(296)
[2020-06-29T09:12:01.973+0530][29.339s] GC(9) Survivor regions: 10->11(39)
[2020-06-29T09:12:01.973+0530][29.339s] GC(9) Old regions: 19->19
[2020-06-29T09:12:01.973+0530][29.339s] GC(9) Archive regions: 0->0
[2020-06-29T09:12:01.973+0530][29.339s] GC(9) Humongous regions: 4->4
[2020-06-29T09:12:01.973+0530][29.339s] GC(9) Metaspace: 42903K(44204K)->42903K(44204K) NonClass: 37992K(38828K)->37992K(38828K) Class: 4910K(5376K)->4910K(5376K)
[2020-06-29T09:12:01.973+0530][29.339s] GC(9) Pause Young (Normal) (G1 Evacuation Pause) 329M->33M(512M) 18.647ms
[2020-06-29T09:12:01.973+0530][29.339s] GC(9) User=0.11s Sys=0.00s Real=0.02s
[2020-06-29T09:12:10.460+0530][37.827s] GC(10) Pause Young (Normal) (G1 Evacuation Pause)
[2020-06-29T09:12:10.460+0530][37.827s] GC(10) Using 4 workers of 4 for evacuation
[2020-06-29T09:12:10.491+0530][37.858s] GC(10)   Pre Evacuate Collection Set: 0.1ms
[2020-06-29T09:12:10.491+0530][37.858s] GC(10)   Merge Heap Roots: 0.1ms
[2020-06-29T09:12:10.492+0530][37.858s] GC(10)   Evacuate Collection Set: 29.4ms
[2020-06-29T09:12:10.492+0530][37.858s] GC(10)   Post Evacuate Collection Set: 1.1ms
[2020-06-29T09:12:10.492+0530][37.858s] GC(10)   Other: 0.3ms
[2020-06-29T09:12:10.492+0530][37.858s] GC(10) Eden regions: 296->0(289)
[2020-06-29T09:12:10.492+0530][37.858s] GC(10) Survivor regions: 11->18(39)
[2020-06-29T09:12:10.492+0530][37.858s] GC(10) Old regions: 19->19
[2020-06-29T09:12:10.492+0530][37.858s] GC(10) Archive regions: 0->0
[2020-06-29T09:12:10.492+0530][37.858s] GC(10) Humongous regions: 4->4
[2020-06-29T09:12:10.492+0530][37.858s] GC(10) Metaspace: 50157K(51500K)->50157K(51500K) NonClass: 44303K(45228K)->44303K(45228K) Class: 5854K(6272K)->5854K(6272K)
[2020-06-29T09:12:10.492+0530][37.858s] GC(10) Pause Young (Normal) (G1 Evacuation Pause) 329M->40M(512M) 31.530ms
[2020-06-29T09:12:10.492+0530][37.858s] GC(10) User=0.13s Sys=0.00s Real=0.03s
[2020-06-29T09:18:39.357+0530][426.723s] Heap
[2020-06-29T09:18:39.357+0530][426.723s]  garbage-first heap   total 524288K, used 135853K [0x00000000e0000000, 0x0000000100000000)
[2020-06-29T09:18:39.358+0530][426.723s]   region size 1024K, 109 young (111616K), 18 survivors (18432K)
[2020-06-29T09:18:39.358+0530][426.724s]  Metaspace       used 56811K, capacity 58153K, committed 58284K, reserved 1099776K
[2020-06-29T09:18:39.358+0530][426.724s]   class space    used 6678K, capacity 7166K, committed 7168K, reserved 1048576K
