[2020-06-28T14:35:33.238+0530][0.047s] Heap region size: 1M
[2020-06-28T14:35:33.239+0530][0.048s] Heap address: 0x00000000e0000000, size: 512 MB, Compressed Oops mode: 32-bit
[2020-06-28T14:35:33.658+0530][0.466s] Using G1
[2020-06-28T14:35:33.713+0530][0.522s] Periodic GC disabled
[2020-06-28T14:35:35.655+0530][2.464s] GC(0) Pause Young (Normal) (G1 Evacuation Pause)
[2020-06-28T14:35:35.655+0530][2.464s] GC(0) Using 4 workers of 4 for evacuation
[2020-06-28T14:35:35.666+0530][2.475s] GC(0)   Pre Evacuate Collection Set: 0.1ms
[2020-06-28T14:35:35.666+0530][2.475s] GC(0)   Merge Heap Roots: 0.1ms
[2020-06-28T14:35:35.666+0530][2.475s] GC(0)   Evacuate Collection Set: 9.4ms
[2020-06-28T14:35:35.666+0530][2.475s] GC(0)   Post Evacuate Collection Set: 0.6ms
[2020-06-28T14:35:35.670+0530][2.479s] GC(0)   Other: 0.9ms
[2020-06-28T14:35:35.670+0530][2.479s] GC(0) Eden regions: 25->0(30)
[2020-06-28T14:35:35.670+0530][2.479s] GC(0) Survivor regions: 0->3(4)
[2020-06-28T14:35:35.670+0530][2.479s] GC(0) Old regions: 0->0
[2020-06-28T14:35:35.670+0530][2.479s] GC(0) Archive regions: 0->0
[2020-06-28T14:35:35.670+0530][2.479s] GC(0) Humongous regions: 0->0
[2020-06-28T14:35:35.670+0530][2.479s] GC(0) Metaspace: 5547K(7552K)->5547K(7552K) NonClass: 4887K(6656K)->4887K(6656K) Class: 660K(896K)->660K(896K)
[2020-06-28T14:35:35.670+0530][2.479s] GC(0) Pause Young (Normal) (G1 Evacuation Pause) 25M->2M(512M) 15.526ms
[2020-06-28T14:35:35.670+0530][2.479s] GC(0) User=0.03s Sys=0.00s Real=0.02s
[2020-06-28T14:35:38.070+0530][4.879s] GC(1) Pause Young (Normal) (G1 Evacuation Pause)
[2020-06-28T14:35:38.070+0530][4.879s] GC(1) Using 4 workers of 4 for evacuation
[2020-06-28T14:35:38.107+0530][4.916s] GC(1)   Pre Evacuate Collection Set: 0.1ms
[2020-06-28T14:35:38.108+0530][4.916s] GC(1)   Merge Heap Roots: 0.1ms
[2020-06-28T14:35:38.108+0530][4.916s] GC(1)   Evacuate Collection Set: 36.4ms
[2020-06-28T14:35:38.108+0530][4.917s] GC(1)   Post Evacuate Collection Set: 0.9ms
[2020-06-28T14:35:38.108+0530][4.917s] GC(1)   Other: 0.3ms
[2020-06-28T14:35:38.108+0530][4.917s] GC(1) Eden regions: 30->0(38)
[2020-06-28T14:35:38.108+0530][4.917s] GC(1) Survivor regions: 3->5(5)
[2020-06-28T14:35:38.108+0530][4.917s] GC(1) Old regions: 0->8
[2020-06-28T14:35:38.108+0530][4.917s] GC(1) Archive regions: 0->0
[2020-06-28T14:35:38.108+0530][4.917s] GC(1) Humongous regions: 4->4
[2020-06-28T14:35:38.108+0530][4.917s] GC(1) Metaspace: 13909K(14464K)->13909K(14464K) NonClass: 12261K(12544K)->12261K(12544K) Class: 1647K(1920K)->1647K(1920K)
[2020-06-28T14:35:38.108+0530][4.917s] GC(1) Pause Young (Normal) (G1 Evacuation Pause) 36M->16M(512M) 38.414ms
[2020-06-28T14:35:38.108+0530][4.917s] GC(1) User=0.09s Sys=0.00s Real=0.04s
[2020-06-28T14:35:39.791+0530][6.599s] GC(2) Pause Young (Normal) (G1 Evacuation Pause)
[2020-06-28T14:35:39.791+0530][6.599s] GC(2) Using 4 workers of 4 for evacuation
[2020-06-28T14:35:39.812+0530][6.620s] GC(2)   Pre Evacuate Collection Set: 0.1ms
[2020-06-28T14:35:39.812+0530][6.620s] GC(2)   Merge Heap Roots: 0.1ms
[2020-06-28T14:35:39.812+0530][6.621s] GC(2)   Evacuate Collection Set: 19.6ms
[2020-06-28T14:35:39.812+0530][6.621s] GC(2)   Post Evacuate Collection Set: 1.1ms
[2020-06-28T14:35:39.812+0530][6.621s] GC(2)   Other: 0.2ms
[2020-06-28T14:35:39.812+0530][6.621s] GC(2) Eden regions: 37->0(301)
[2020-06-28T14:35:39.812+0530][6.621s] GC(2) Survivor regions: 5->6(6)
[2020-06-28T14:35:39.812+0530][6.621s] GC(2) Old regions: 8->13
[2020-06-28T14:35:39.812+0530][6.621s] GC(2) Archive regions: 0->0
[2020-06-28T14:35:39.812+0530][6.621s] GC(2) Humongous regions: 4->4
[2020-06-28T14:35:39.812+0530][6.621s] GC(2) Metaspace: 16538K(17280K)->16538K(17280K) NonClass: 14602K(15104K)->14602K(15104K) Class: 1936K(2176K)->1936K(2176K)
[2020-06-28T14:35:39.812+0530][6.621s] GC(2) Pause Young (Normal) (G1 Evacuation Pause) 53M->22M(512M) 21.811ms
[2020-06-28T14:35:39.813+0530][6.621s] GC(2) User=0.05s Sys=0.00s Real=0.02s
[2020-06-28T14:35:41.900+0530][8.709s] GC(3) Pause Young (Concurrent Start) (Metadata GC Threshold)
[2020-06-28T14:35:41.949+0530][8.758s] GC(3) Using 4 workers of 4 for evacuation
[2020-06-28T14:35:41.958+0530][8.767s] GC(3)   Pre Evacuate Collection Set: 0.1ms
[2020-06-28T14:35:41.958+0530][8.767s] GC(3)   Merge Heap Roots: 0.1ms
[2020-06-28T14:35:41.958+0530][8.767s] GC(3)   Evacuate Collection Set: 7.9ms
[2020-06-28T14:35:41.959+0530][8.767s] GC(3)   Post Evacuate Collection Set: 0.6ms
[2020-06-28T14:35:41.959+0530][8.767s] GC(3)   Other: 49.6ms
[2020-06-28T14:35:41.959+0530][8.768s] GC(3) Eden regions: 43->0(300)
[2020-06-28T14:35:41.959+0530][8.768s] GC(3) Survivor regions: 6->7(39)
[2020-06-28T14:35:41.959+0530][8.768s] GC(3) Old regions: 13->13
[2020-06-28T14:35:41.959+0530][8.768s] GC(3) Archive regions: 0->0
[2020-06-28T14:35:41.959+0530][8.768s] GC(3) Humongous regions: 4->4
[2020-06-28T14:35:41.959+0530][8.768s] GC(3) Metaspace: 20656K(21248K)->20656K(21248K) NonClass: 18310K(18688K)->18310K(18688K) Class: 2346K(2560K)->2346K(2560K)
[2020-06-28T14:35:41.959+0530][8.768s] GC(3) Pause Young (Concurrent Start) (Metadata GC Threshold) 65M->23M(512M) 58.824ms
[2020-06-28T14:35:41.959+0530][8.768s] GC(3) User=0.05s Sys=0.00s Real=0.06s
[2020-06-28T14:35:41.959+0530][8.768s] GC(4) Concurrent Cycle
[2020-06-28T14:35:41.959+0530][8.768s] GC(4) Concurrent Clear Claimed Marks
[2020-06-28T14:35:41.959+0530][8.768s] GC(4) Concurrent Clear Claimed Marks 0.065ms
[2020-06-28T14:35:41.959+0530][8.768s] GC(4) Concurrent Scan Root Regions
[2020-06-28T14:35:41.965+0530][8.773s] GC(4) Concurrent Scan Root Regions 5.323ms
[2020-06-28T14:35:41.965+0530][8.774s] GC(4) Concurrent Mark (8.774s)
[2020-06-28T14:35:41.965+0530][8.774s] GC(4) Concurrent Mark From Roots
[2020-06-28T14:35:41.965+0530][8.774s] GC(4) Using 1 workers of 1 for marking
[2020-06-28T14:35:42.040+0530][8.848s] GC(4) Concurrent Mark From Roots 74.914ms
[2020-06-28T14:35:42.040+0530][8.849s] GC(4) Concurrent Preclean
[2020-06-28T14:35:42.040+0530][8.849s] GC(4) Concurrent Preclean 0.240ms
[2020-06-28T14:35:42.040+0530][8.849s] GC(4) Concurrent Mark (8.774s, 8.849s) 75.335ms
[2020-06-28T14:35:42.040+0530][8.849s] GC(4) Pause Remark
[2020-06-28T14:35:42.044+0530][8.853s] GC(4) Pause Remark 27M->27M(512M) 3.526ms
[2020-06-28T14:35:42.044+0530][8.853s] GC(4) User=0.00s Sys=0.00s Real=0.00s
[2020-06-28T14:35:42.044+0530][8.853s] GC(4) Concurrent Rebuild Remembered Sets
[2020-06-28T14:35:42.079+0530][8.887s] GC(4) Concurrent Rebuild Remembered Sets 34.590ms
[2020-06-28T14:35:42.079+0530][8.888s] GC(4) Pause Cleanup
[2020-06-28T14:35:42.079+0530][8.888s] GC(4) Pause Cleanup 29M->29M(512M) 0.175ms
[2020-06-28T14:35:42.079+0530][8.888s] GC(4) User=0.00s Sys=0.00s Real=0.00s
[2020-06-28T14:35:42.079+0530][8.888s] GC(4) Concurrent Cleanup for Next Mark
[2020-06-28T14:35:42.080+0530][8.889s] GC(4) Concurrent Cleanup for Next Mark 0.942ms
[2020-06-28T14:35:42.080+0530][8.889s] GC(4) Concurrent Cycle 121.238ms
[2020-06-28T14:36:17.667+0530][44.476s] GC(5) Pause Young (Concurrent Start) (Metadata GC Threshold)
[2020-06-28T14:36:17.667+0530][44.476s] GC(5) Using 4 workers of 4 for evacuation
[2020-06-28T14:36:17.691+0530][44.500s] GC(5)   Pre Evacuate Collection Set: 0.1ms
[2020-06-28T14:36:17.691+0530][44.500s] GC(5)   Merge Heap Roots: 0.1ms
[2020-06-28T14:36:17.691+0530][44.500s] GC(5)   Evacuate Collection Set: 21.9ms
[2020-06-28T14:36:17.691+0530][44.500s] GC(5)   Post Evacuate Collection Set: 1.4ms
[2020-06-28T14:36:17.692+0530][44.501s] GC(5)   Other: 0.4ms
[2020-06-28T14:36:17.692+0530][44.501s] GC(5) Eden regions: 179->0(294)
[2020-06-28T14:36:17.692+0530][44.501s] GC(5) Survivor regions: 7->13(39)
[2020-06-28T14:36:17.692+0530][44.501s] GC(5) Old regions: 13->13
[2020-06-28T14:36:17.692+0530][44.501s] GC(5) Archive regions: 0->0
[2020-06-28T14:36:17.692+0530][44.501s] GC(5) Humongous regions: 4->4
[2020-06-28T14:36:17.692+0530][44.501s] GC(5) Metaspace: 36033K(36864K)->36033K(36864K) NonClass: 31979K(32512K)->31979K(32512K) Class: 4054K(4352K)->4054K(4352K)
[2020-06-28T14:36:17.692+0530][44.501s] GC(5) Pause Young (Concurrent Start) (Metadata GC Threshold) 202M->29M(512M) 24.565ms
[2020-06-28T14:36:17.692+0530][44.501s] GC(5) User=0.09s Sys=0.00s Real=0.02s
[2020-06-28T14:36:17.692+0530][44.501s] GC(6) Concurrent Cycle
[2020-06-28T14:36:17.692+0530][44.501s] GC(6) Concurrent Clear Claimed Marks
[2020-06-28T14:36:17.692+0530][44.501s] GC(6) Concurrent Clear Claimed Marks 0.079ms
[2020-06-28T14:36:17.692+0530][44.501s] GC(6) Concurrent Scan Root Regions
[2020-06-28T14:36:17.706+0530][44.515s] GC(6) Concurrent Scan Root Regions 13.673ms
[2020-06-28T14:36:17.706+0530][44.515s] GC(6) Concurrent Mark (44.515s)
[2020-06-28T14:36:17.706+0530][44.515s] GC(6) Concurrent Mark From Roots
[2020-06-28T14:36:17.706+0530][44.515s] GC(6) Using 1 workers of 1 for marking
[2020-06-28T14:36:17.784+0530][44.593s] GC(6) Concurrent Mark From Roots 78.324ms
[2020-06-28T14:36:17.785+0530][44.594s] GC(6) Concurrent Preclean
[2020-06-28T14:36:17.785+0530][44.594s] GC(6) Concurrent Preclean 0.217ms
[2020-06-28T14:36:17.785+0530][44.594s] GC(6) Concurrent Mark (44.515s, 44.594s) 78.765ms
[2020-06-28T14:36:17.785+0530][44.594s] GC(6) Pause Remark
[2020-06-28T14:36:17.796+0530][44.604s] GC(6) Pause Remark 38M->38M(512M) 10.416ms
[2020-06-28T14:36:17.796+0530][44.605s] GC(6) User=0.00s Sys=0.00s Real=0.01s
[2020-06-28T14:36:17.808+0530][44.617s] GC(6) Concurrent Rebuild Remembered Sets
[2020-06-28T14:36:17.847+0530][44.656s] GC(6) Concurrent Rebuild Remembered Sets 39.191ms
[2020-06-28T14:36:17.848+0530][44.657s] GC(6) Pause Cleanup
[2020-06-28T14:36:17.848+0530][44.657s] GC(6) Pause Cleanup 48M->48M(512M) 0.185ms
[2020-06-28T14:36:17.848+0530][44.657s] GC(6) User=0.00s Sys=0.00s Real=0.00s
[2020-06-28T14:36:17.849+0530][44.658s] GC(6) Concurrent Cleanup for Next Mark
[2020-06-28T14:36:17.850+0530][44.659s] GC(6) Concurrent Cleanup for Next Mark 1.051ms
[2020-06-28T14:36:17.850+0530][44.659s] GC(6) Concurrent Cycle 157.726ms
[2020-06-28T14:36:19.917+0530][46.726s] GC(7) Pause Young (Normal) (G1 Evacuation Pause)
[2020-06-28T14:36:19.917+0530][46.726s] GC(7) Using 4 workers of 4 for evacuation
[2020-06-28T14:36:19.943+0530][46.752s] GC(7)   Pre Evacuate Collection Set: 0.2ms
[2020-06-28T14:36:19.943+0530][46.752s] GC(7)   Merge Heap Roots: 0.1ms
[2020-06-28T14:36:19.943+0530][46.752s] GC(7)   Evacuate Collection Set: 23.9ms
[2020-06-28T14:36:19.943+0530][46.752s] GC(7)   Post Evacuate Collection Set: 1.4ms
[2020-06-28T14:36:19.944+0530][46.752s] GC(7)   Other: 0.5ms
[2020-06-28T14:36:19.944+0530][46.752s] GC(7) Eden regions: 294->0(290)
[2020-06-28T14:36:19.944+0530][46.752s] GC(7) Survivor regions: 13->17(39)
[2020-06-28T14:36:19.944+0530][46.752s] GC(7) Old regions: 13->13
[2020-06-28T14:36:19.944+0530][46.753s] GC(7) Archive regions: 0->0
[2020-06-28T14:36:19.944+0530][46.753s] GC(7) Humongous regions: 5->4
[2020-06-28T14:36:19.944+0530][46.753s] GC(7) Metaspace: 39082K(40192K)->39082K(40192K) NonClass: 34616K(35328K)->34616K(35328K) Class: 4466K(4864K)->4466K(4864K)
[2020-06-28T14:36:19.944+0530][46.753s] GC(7) Pause Young (Normal) (G1 Evacuation Pause) 324M->33M(512M) 26.644ms
[2020-06-28T14:36:19.944+0530][46.753s] GC(7) User=0.09s Sys=0.00s Real=0.03s
[2020-06-28T14:36:22.710+0530][49.518s] GC(8) Pause Young (Normal) (G1 Evacuation Pause)
[2020-06-28T14:36:22.710+0530][49.518s] GC(8) Using 4 workers of 4 for evacuation
[2020-06-28T14:36:22.737+0530][49.545s] GC(8)   Pre Evacuate Collection Set: 0.1ms
[2020-06-28T14:36:22.737+0530][49.545s] GC(8)   Merge Heap Roots: 0.1ms
[2020-06-28T14:36:22.737+0530][49.545s] GC(8)   Evacuate Collection Set: 25.4ms
[2020-06-28T14:36:22.737+0530][49.546s] GC(8)   Post Evacuate Collection Set: 1.7ms
[2020-06-28T14:36:22.737+0530][49.546s] GC(8)   Other: 0.4ms
[2020-06-28T14:36:22.737+0530][49.546s] GC(8) Eden regions: 290->0(290)
[2020-06-28T14:36:22.737+0530][49.546s] GC(8) Survivor regions: 17->17(39)
[2020-06-28T14:36:22.737+0530][49.546s] GC(8) Old regions: 13->13
[2020-06-28T14:36:22.737+0530][49.546s] GC(8) Archive regions: 0->0
[2020-06-28T14:36:22.737+0530][49.546s] GC(8) Humongous regions: 4->4
[2020-06-28T14:36:22.737+0530][49.546s] GC(8) Metaspace: 41666K(42752K)->41666K(42752K) NonClass: 36951K(37632K)->36951K(37632K) Class: 4714K(5120K)->4714K(5120K)
[2020-06-28T14:36:22.737+0530][49.546s] GC(8) Pause Young (Normal) (G1 Evacuation Pause) 323M->33M(512M) 28.212ms
[2020-06-28T14:36:22.737+0530][49.546s] GC(8) User=0.06s Sys=0.00s Real=0.03s
[2020-06-28T14:36:31.943+0530][58.752s] GC(9) Pause Young (Normal) (G1 Evacuation Pause)
[2020-06-28T14:36:31.943+0530][58.752s] GC(9) Using 4 workers of 4 for evacuation
[2020-06-28T14:36:31.980+0530][58.788s] GC(9)   Pre Evacuate Collection Set: 0.1ms
[2020-06-28T14:36:31.980+0530][58.788s] GC(9)   Merge Heap Roots: 0.1ms
[2020-06-28T14:36:31.980+0530][58.788s] GC(9)   Evacuate Collection Set: 34.5ms
[2020-06-28T14:36:31.980+0530][58.788s] GC(9)   Post Evacuate Collection Set: 1.6ms
[2020-06-28T14:36:31.980+0530][58.788s] GC(9)   Other: 0.3ms
[2020-06-28T14:36:31.980+0530][58.788s] GC(9) Eden regions: 290->0(287)
[2020-06-28T14:36:31.980+0530][58.788s] GC(9) Survivor regions: 17->20(39)
[2020-06-28T14:36:31.980+0530][58.788s] GC(9) Old regions: 13->13
[2020-06-28T14:36:31.980+0530][58.788s] GC(9) Archive regions: 0->0
[2020-06-28T14:36:31.980+0530][58.789s] GC(9) Humongous regions: 4->4
[2020-06-28T14:36:31.980+0530][58.789s] GC(9) Metaspace: 45589K(46848K)->45589K(46848K) NonClass: 40392K(41216K)->40392K(41216K) Class: 5197K(5632K)->5197K(5632K)
[2020-06-28T14:36:31.980+0530][58.789s] GC(9) Pause Young (Normal) (G1 Evacuation Pause) 323M->36M(512M) 37.130ms
[2020-06-28T14:36:31.980+0530][58.789s] GC(9) User=0.09s Sys=0.00s Real=0.04s
