[2020-06-27T10:16:27.138+0530][0.041s] Heap region size: 1M
[2020-06-27T10:16:27.139+0530][0.042s] Heap address: 0x00000000e0000000, size: 512 MB, Compressed Oops mode: 32-bit
[2020-06-27T10:16:27.502+0530][0.406s] Using G1
[2020-06-27T10:16:27.539+0530][0.443s] Periodic GC disabled
[2020-06-27T10:16:29.063+0530][1.975s] GC(0) Pause Young (Normal) (G1 Evacuation Pause)
[2020-06-27T10:16:29.063+0530][1.976s] GC(0) Using 4 workers of 4 for evacuation
[2020-06-27T10:16:29.078+0530][1.984s] GC(0)   Pre Evacuate Collection Set: 0.1ms
[2020-06-27T10:16:29.078+0530][1.984s] GC(0)   Merge Heap Roots: 0.0ms
[2020-06-27T10:16:29.078+0530][1.984s] GC(0)   Evacuate Collection Set: 7.1ms
[2020-06-27T10:16:29.078+0530][1.984s] GC(0)   Post Evacuate Collection Set: 0.6ms
[2020-06-27T10:16:29.078+0530][1.988s] GC(0)   Other: 0.7ms
[2020-06-27T10:16:29.078+0530][1.988s] GC(0) Eden regions: 25->0(30)
[2020-06-27T10:16:29.078+0530][1.988s] GC(0) Survivor regions: 0->3(4)
[2020-06-27T10:16:29.078+0530][1.988s] GC(0) Old regions: 0->0
[2020-06-27T10:16:29.078+0530][1.988s] GC(0) Archive regions: 0->0
[2020-06-27T10:16:29.078+0530][1.988s] GC(0) Humongous regions: 0->0
[2020-06-27T10:16:29.078+0530][1.988s] GC(0) Metaspace: 5580K(7552K)->5580K(7552K) NonClass: 4912K(6656K)->4912K(6656K) Class: 667K(896K)->667K(896K)
[2020-06-27T10:16:29.078+0530][1.988s] GC(0) Pause Young (Normal) (G1 Evacuation Pause) 25M->2M(512M) 13.124ms
[2020-06-27T10:16:29.078+0530][1.988s] GC(0) User=0.05s Sys=0.00s Real=0.02s
[2020-06-27T10:16:30.611+0530][3.514s] GC(1) Pause Young (Normal) (G1 Evacuation Pause)
[2020-06-27T10:16:30.611+0530][3.514s] GC(1) Using 4 workers of 4 for evacuation
[2020-06-27T10:16:30.634+0530][3.538s] GC(1)   Pre Evacuate Collection Set: 0.1ms
[2020-06-27T10:16:30.634+0530][3.538s] GC(1)   Merge Heap Roots: 0.1ms
[2020-06-27T10:16:30.634+0530][3.539s] GC(1)   Evacuate Collection Set: 23.0ms
[2020-06-27T10:16:30.635+0530][3.539s] GC(1)   Post Evacuate Collection Set: 0.8ms
[2020-06-27T10:16:30.635+0530][3.539s] GC(1)   Other: 0.2ms
[2020-06-27T10:16:30.635+0530][3.539s] GC(1) Eden regions: 30->0(53)
[2020-06-27T10:16:30.635+0530][3.539s] GC(1) Survivor regions: 3->5(5)
[2020-06-27T10:16:30.635+0530][3.539s] GC(1) Old regions: 0->7
[2020-06-27T10:16:30.635+0530][3.539s] GC(1) Archive regions: 0->0
[2020-06-27T10:16:30.635+0530][3.539s] GC(1) Humongous regions: 4->4
[2020-06-27T10:16:30.635+0530][3.539s] GC(1) Metaspace: 13767K(14336K)->13767K(14336K) NonClass: 12144K(12544K)->12144K(12544K) Class: 1622K(1792K)->1622K(1792K)
[2020-06-27T10:16:30.635+0530][3.539s] GC(1) Pause Young (Normal) (G1 Evacuation Pause) 36M->15M(512M) 24.674ms
[2020-06-27T10:16:30.635+0530][3.539s] GC(1) User=0.13s Sys=0.00s Real=0.02s
[2020-06-27T10:16:32.464+0530][5.372s] GC(2) Pause Young (Normal) (G1 Evacuation Pause)
[2020-06-27T10:16:32.464+0530][5.372s] GC(2) Using 4 workers of 4 for evacuation
[2020-06-27T10:16:32.480+0530][5.386s] GC(2)   Pre Evacuate Collection Set: 0.1ms
[2020-06-27T10:16:32.480+0530][5.387s] GC(2)   Merge Heap Roots: 0.1ms
[2020-06-27T10:16:32.480+0530][5.387s] GC(2)   Evacuate Collection Set: 13.3ms
[2020-06-27T10:16:32.480+0530][5.387s] GC(2)   Post Evacuate Collection Set: 1.1ms
[2020-06-27T10:16:32.480+0530][5.387s] GC(2)   Other: 0.2ms
[2020-06-27T10:16:32.480+0530][5.387s] GC(2) Eden regions: 52->0(219)
[2020-06-27T10:16:32.480+0530][5.387s] GC(2) Survivor regions: 5->8(8)
[2020-06-27T10:16:32.480+0530][5.387s] GC(2) Old regions: 7->12
[2020-06-27T10:16:32.480+0530][5.387s] GC(2) Archive regions: 0->0
[2020-06-27T10:16:32.480+0530][5.387s] GC(2) Humongous regions: 4->4
[2020-06-27T10:16:32.480+0530][5.387s] GC(2) Metaspace: 18556K(19328K)->18556K(19328K) NonClass: 16379K(16896K)->16379K(16896K) Class: 2177K(2432K)->2177K(2432K)
[2020-06-27T10:16:32.480+0530][5.387s] GC(2) Pause Young (Normal) (G1 Evacuation Pause) 67M->23M(512M) 15.127ms
[2020-06-27T10:16:32.480+0530][5.387s] GC(2) User=0.06s Sys=0.00s Real=0.02s
[2020-06-27T10:16:33.480+0530][6.384s] GC(3) Pause Young (Concurrent Start) (Metadata GC Threshold)
[2020-06-27T10:16:33.480+0530][6.384s] GC(3) Using 4 workers of 4 for evacuation
[2020-06-27T10:16:33.480+0530][6.391s] GC(3)   Pre Evacuate Collection Set: 0.1ms
[2020-06-27T10:16:33.480+0530][6.391s] GC(3)   Merge Heap Roots: 0.1ms
[2020-06-27T10:16:33.480+0530][6.391s] GC(3)   Evacuate Collection Set: 6.0ms
[2020-06-27T10:16:33.480+0530][6.391s] GC(3)   Post Evacuate Collection Set: 0.6ms
[2020-06-27T10:16:33.480+0530][6.391s] GC(3)   Other: 0.4ms
[2020-06-27T10:16:33.480+0530][6.391s] GC(3) Eden regions: 28->0(299)
[2020-06-27T10:16:33.480+0530][6.391s] GC(3) Survivor regions: 8->8(29)
[2020-06-27T10:16:33.480+0530][6.391s] GC(3) Old regions: 12->12
[2020-06-27T10:16:33.480+0530][6.391s] GC(3) Archive regions: 0->0
[2020-06-27T10:16:33.480+0530][6.391s] GC(3) Humongous regions: 4->4
[2020-06-27T10:16:33.480+0530][6.391s] GC(3) Metaspace: 20655K(21248K)->20655K(21248K) NonClass: 18304K(18688K)->18304K(18688K) Class: 2351K(2560K)->2351K(2560K)
[2020-06-27T10:16:33.480+0530][6.391s] GC(3) Pause Young (Concurrent Start) (Metadata GC Threshold) 50M->23M(512M) 7.426ms
[2020-06-27T10:16:33.480+0530][6.391s] GC(3) User=0.00s Sys=0.00s Real=0.00s
[2020-06-27T10:16:33.480+0530][6.392s] GC(4) Concurrent Cycle
[2020-06-27T10:16:33.480+0530][6.392s] GC(4) Concurrent Clear Claimed Marks
[2020-06-27T10:16:33.480+0530][6.392s] GC(4) Concurrent Clear Claimed Marks 0.060ms
[2020-06-27T10:16:33.480+0530][6.392s] GC(4) Concurrent Scan Root Regions
[2020-06-27T10:16:33.480+0530][6.396s] GC(4) Concurrent Scan Root Regions 3.943ms
[2020-06-27T10:16:33.480+0530][6.396s] GC(4) Concurrent Mark (6.396s)
[2020-06-27T10:16:33.480+0530][6.396s] GC(4) Concurrent Mark From Roots
[2020-06-27T10:16:33.480+0530][6.396s] GC(4) Using 1 workers of 1 for marking
[2020-06-27T10:16:33.542+0530][6.449s] GC(4) Concurrent Mark From Roots 53.301ms
[2020-06-27T10:16:33.542+0530][6.449s] GC(4) Concurrent Preclean
[2020-06-27T10:16:33.542+0530][6.449s] GC(4) Concurrent Preclean 0.212ms
[2020-06-27T10:16:33.542+0530][6.449s] GC(4) Concurrent Mark (6.396s, 6.449s) 53.685ms
[2020-06-27T10:16:33.542+0530][6.450s] GC(4) Pause Remark
[2020-06-27T10:16:33.542+0530][6.452s] GC(4) Pause Remark 28M->28M(512M) 2.551ms
[2020-06-27T10:16:33.542+0530][6.452s] GC(4) User=0.00s Sys=0.00s Real=0.00s
[2020-06-27T10:16:33.542+0530][6.452s] GC(4) Concurrent Rebuild Remembered Sets
[2020-06-27T10:16:33.558+0530][6.474s] GC(4) Concurrent Rebuild Remembered Sets 22.204ms
[2020-06-27T10:16:33.558+0530][6.475s] GC(4) Pause Cleanup
[2020-06-27T10:16:33.558+0530][6.475s] GC(4) Pause Cleanup 29M->29M(512M) 0.132ms
[2020-06-27T10:16:33.558+0530][6.475s] GC(4) User=0.00s Sys=0.00s Real=0.00s
[2020-06-27T10:16:33.558+0530][6.475s] GC(4) Concurrent Cleanup for Next Mark
[2020-06-27T10:16:33.558+0530][6.476s] GC(4) Concurrent Cleanup for Next Mark 0.963ms
[2020-06-27T10:16:33.558+0530][6.476s] GC(4) Concurrent Cycle 84.726ms
[2020-06-27T10:17:02.670+0530][35.573s] GC(5) Pause Young (Concurrent Start) (Metadata GC Threshold)
[2020-06-27T10:17:02.670+0530][35.574s] GC(5) Using 4 workers of 4 for evacuation
[2020-06-27T10:17:02.688+0530][35.592s] GC(5)   Pre Evacuate Collection Set: 0.1ms
[2020-06-27T10:17:02.688+0530][35.592s] GC(5)   Merge Heap Roots: 0.1ms
[2020-06-27T10:17:02.689+0530][35.592s] GC(5)   Evacuate Collection Set: 16.5ms
[2020-06-27T10:17:02.689+0530][35.592s] GC(5)   Post Evacuate Collection Set: 1.1ms
[2020-06-27T10:17:02.689+0530][35.592s] GC(5)   Other: 0.4ms
[2020-06-27T10:17:02.689+0530][35.592s] GC(5) Eden regions: 183->0(294)
[2020-06-27T10:17:02.689+0530][35.592s] GC(5) Survivor regions: 8->13(39)
[2020-06-27T10:17:02.689+0530][35.592s] GC(5) Old regions: 12->12
[2020-06-27T10:17:02.689+0530][35.592s] GC(5) Archive regions: 0->0
[2020-06-27T10:17:02.689+0530][35.592s] GC(5) Humongous regions: 4->4
[2020-06-27T10:17:02.689+0530][35.592s] GC(5) Metaspace: 36072K(36864K)->36072K(36864K) NonClass: 32003K(32512K)->32003K(32512K) Class: 4069K(4352K)->4069K(4352K)
[2020-06-27T10:17:02.689+0530][35.592s] GC(5) Pause Young (Concurrent Start) (Metadata GC Threshold) 206M->28M(512M) 18.753ms
[2020-06-27T10:17:02.689+0530][35.592s] GC(5) User=0.06s Sys=0.00s Real=0.02s
[2020-06-27T10:17:02.689+0530][35.592s] GC(6) Concurrent Cycle
[2020-06-27T10:17:02.689+0530][35.592s] GC(6) Concurrent Clear Claimed Marks
[2020-06-27T10:17:02.689+0530][35.593s] GC(6) Concurrent Clear Claimed Marks 0.084ms
[2020-06-27T10:17:02.689+0530][35.593s] GC(6) Concurrent Scan Root Regions
[2020-06-27T10:17:02.703+0530][35.606s] GC(6) Concurrent Scan Root Regions 13.593ms
[2020-06-27T10:17:02.703+0530][35.606s] GC(6) Concurrent Mark (35.606s)
[2020-06-27T10:17:02.703+0530][35.606s] GC(6) Concurrent Mark From Roots
[2020-06-27T10:17:02.703+0530][35.606s] GC(6) Using 1 workers of 1 for marking
[2020-06-27T10:17:02.776+0530][35.679s] GC(6) Concurrent Mark From Roots 73.007ms
[2020-06-27T10:17:02.776+0530][35.679s] GC(6) Concurrent Preclean
[2020-06-27T10:17:02.776+0530][35.680s] GC(6) Concurrent Preclean 0.201ms
[2020-06-27T10:17:02.777+0530][35.680s] GC(6) Concurrent Mark (35.606s, 35.680s) 73.415ms
[2020-06-27T10:17:02.777+0530][35.680s] GC(6) Pause Remark
[2020-06-27T10:17:02.781+0530][35.684s] GC(6) Pause Remark 38M->38M(512M) 3.828ms
[2020-06-27T10:17:02.781+0530][35.684s] GC(6) User=0.00s Sys=0.00s Real=0.00s
[2020-06-27T10:17:02.781+0530][35.684s] GC(6) Concurrent Rebuild Remembered Sets
[2020-06-27T10:17:02.815+0530][35.718s] GC(6) Concurrent Rebuild Remembered Sets 33.941ms
[2020-06-27T10:17:02.815+0530][35.719s] GC(6) Pause Cleanup
[2020-06-27T10:17:02.816+0530][35.719s] GC(6) Pause Cleanup 45M->45M(512M) 0.203ms
[2020-06-27T10:17:02.816+0530][35.719s] GC(6) User=0.06s Sys=0.00s Real=0.00s
[2020-06-27T10:17:02.820+0530][35.723s] GC(6) Concurrent Cleanup for Next Mark
[2020-06-27T10:17:02.821+0530][35.724s] GC(6) Concurrent Cleanup for Next Mark 0.957ms
[2020-06-27T10:17:02.821+0530][35.724s] GC(6) Concurrent Cycle 131.603ms
[2020-06-27T10:17:03.929+0530][36.833s] GC(7) Pause Young (Normal) (G1 Evacuation Pause)
[2020-06-27T10:17:03.929+0530][36.833s] GC(7) Using 4 workers of 4 for evacuation
[2020-06-27T10:17:03.948+0530][36.852s] GC(7)   Pre Evacuate Collection Set: 0.1ms
[2020-06-27T10:17:03.949+0530][36.852s] GC(7)   Merge Heap Roots: 0.1ms
[2020-06-27T10:17:03.949+0530][36.852s] GC(7)   Evacuate Collection Set: 17.8ms
[2020-06-27T10:17:03.949+0530][36.852s] GC(7)   Post Evacuate Collection Set: 1.1ms
[2020-06-27T10:17:03.949+0530][36.852s] GC(7)   Other: 0.4ms
[2020-06-27T10:17:03.949+0530][36.852s] GC(7) Eden regions: 294->0(291)
[2020-06-27T10:17:03.949+0530][36.852s] GC(7) Survivor regions: 13->16(39)
[2020-06-27T10:17:03.949+0530][36.852s] GC(7) Old regions: 12->12
[2020-06-27T10:17:03.949+0530][36.852s] GC(7) Archive regions: 0->0
[2020-06-27T10:17:03.949+0530][36.853s] GC(7) Humongous regions: 5->4
[2020-06-27T10:17:03.949+0530][36.853s] GC(7) Metaspace: 39520K(40448K)->39520K(40448K) NonClass: 34984K(35584K)->34984K(35584K) Class: 4535K(4864K)->4535K(4864K)
[2020-06-27T10:17:03.949+0530][36.853s] GC(7) Pause Young (Normal) (G1 Evacuation Pause) 323M->31M(512M) 20.066ms
[2020-06-27T10:17:03.949+0530][36.853s] GC(7) User=0.06s Sys=0.00s Real=0.02s
[2020-06-27T10:17:05.186+0530][38.090s] GC(8) Pause Young (Normal) (G1 Evacuation Pause)
[2020-06-27T10:17:05.186+0530][38.090s] GC(8) Using 4 workers of 4 for evacuation
[2020-06-27T10:17:05.206+0530][38.110s] GC(8)   Pre Evacuate Collection Set: 0.1ms
[2020-06-27T10:17:05.206+0530][38.110s] GC(8)   Merge Heap Roots: 0.1ms
[2020-06-27T10:17:05.206+0530][38.110s] GC(8)   Evacuate Collection Set: 18.0ms
[2020-06-27T10:17:05.206+0530][38.110s] GC(8)   Post Evacuate Collection Set: 1.4ms
[2020-06-27T10:17:05.206+0530][38.110s] GC(8)   Other: 0.3ms
[2020-06-27T10:17:05.206+0530][38.110s] GC(8) Eden regions: 291->0(290)
[2020-06-27T10:17:05.206+0530][38.110s] GC(8) Survivor regions: 16->17(39)
[2020-06-27T10:17:05.206+0530][38.110s] GC(8) Old regions: 12->12
[2020-06-27T10:17:05.206+0530][38.110s] GC(8) Archive regions: 0->0
[2020-06-27T10:17:05.206+0530][38.110s] GC(8) Humongous regions: 4->4
[2020-06-27T10:17:05.207+0530][38.110s] GC(8) Metaspace: 41642K(42752K)->41642K(42752K) NonClass: 36920K(37632K)->36920K(37632K) Class: 4721K(5120K)->4721K(5120K)
[2020-06-27T10:17:05.207+0530][38.110s] GC(8) Pause Young (Normal) (G1 Evacuation Pause) 322M->32M(512M) 20.449ms
[2020-06-27T10:17:05.207+0530][38.110s] GC(8) User=0.13s Sys=0.00s Real=0.02s
[2020-06-27T10:17:12.734+0530][45.638s] GC(9) Pause Young (Normal) (G1 Evacuation Pause)
[2020-06-27T10:17:12.734+0530][45.638s] GC(9) Using 4 workers of 4 for evacuation
[2020-06-27T10:17:12.761+0530][45.664s] GC(9)   Pre Evacuate Collection Set: 0.1ms
[2020-06-27T10:17:12.761+0530][45.664s] GC(9)   Merge Heap Roots: 0.1ms
[2020-06-27T10:17:12.761+0530][45.664s] GC(9)   Evacuate Collection Set: 25.0ms
[2020-06-27T10:17:12.761+0530][45.665s] GC(9)   Post Evacuate Collection Set: 1.3ms
[2020-06-27T10:17:12.761+0530][45.665s] GC(9)   Other: 0.3ms
[2020-06-27T10:17:12.761+0530][45.665s] GC(9) Eden regions: 290->0(287)
[2020-06-27T10:17:12.761+0530][45.665s] GC(9) Survivor regions: 17->20(39)
[2020-06-27T10:17:12.761+0530][45.665s] GC(9) Old regions: 12->12
[2020-06-27T10:17:12.761+0530][45.665s] GC(9) Archive regions: 0->0
[2020-06-27T10:17:12.761+0530][45.665s] GC(9) Humongous regions: 4->4
[2020-06-27T10:17:12.761+0530][45.665s] GC(9) Metaspace: 46012K(47104K)->46012K(47104K) NonClass: 40759K(41472K)->40759K(41472K) Class: 5253K(5632K)->5253K(5632K)
[2020-06-27T10:17:12.761+0530][45.665s] GC(9) Pause Young (Normal) (G1 Evacuation Pause) 322M->35M(512M) 27.395ms
[2020-06-27T10:17:12.762+0530][45.665s] GC(9) User=0.13s Sys=0.00s Real=0.03s
[2020-06-27T10:19:58.138+0530][211.041s] Heap
[2020-06-27T10:19:58.138+0530][211.041s]  garbage-first heap   total 524288K, used 154001K [0x00000000e0000000, 0x0000000100000000)
[2020-06-27T10:19:58.138+0530][211.041s]   region size 1024K, 136 young (139264K), 20 survivors (20480K)
[2020-06-27T10:19:58.138+0530][211.041s]  Metaspace       used 53244K, capacity 54477K, committed 54656K, reserved 1097728K
[2020-06-27T10:19:58.138+0530][211.041s]   class space    used 6262K, capacity 6753K, committed 6784K, reserved 1048576K
