[2020-06-30T10:03:32.551+0530][0.043s] Heap region size: 1M
[2020-06-30T10:03:32.552+0530][0.044s] Heap address: 0x00000000e0000000, size: 512 MB, Compressed Oops mode: 32-bit
[2020-06-30T10:03:32.966+0530][0.459s] Using G1
[2020-06-30T10:03:33.007+0530][0.500s] Periodic GC disabled
[2020-06-30T10:03:38.849+0530][6.343s] GC(0) Pause Young (Normal) (G1 Evacuation Pause)
[2020-06-30T10:03:38.850+0530][6.343s] GC(0) Using 4 workers of 4 for evacuation
[2020-06-30T10:03:38.856+0530][6.350s] GC(0)   Pre Evacuate Collection Set: 0.1ms
[2020-06-30T10:03:38.856+0530][6.350s] GC(0)   Merge Heap Roots: 0.0ms
[2020-06-30T10:03:38.856+0530][6.350s] GC(0)   Evacuate Collection Set: 5.5ms
[2020-06-30T10:03:38.857+0530][6.350s] GC(0)   Post Evacuate Collection Set: 0.5ms
[2020-06-30T10:03:38.857+0530][6.351s] GC(0)   Other: 0.8ms
[2020-06-30T10:03:38.857+0530][6.351s] GC(0) Eden regions: 25->0(30)
[2020-06-30T10:03:38.857+0530][6.351s] GC(0) Survivor regions: 0->3(4)
[2020-06-30T10:03:38.857+0530][6.351s] GC(0) Old regions: 0->0
[2020-06-30T10:03:38.857+0530][6.351s] GC(0) Archive regions: 0->0
[2020-06-30T10:03:38.857+0530][6.351s] GC(0) Humongous regions: 0->0
[2020-06-30T10:03:38.858+0530][6.351s] GC(0) Metaspace: 5550K(7552K)->5550K(7552K) NonClass: 4886K(6656K)->4886K(6656K) Class: 664K(896K)->664K(896K)
[2020-06-30T10:03:38.858+0530][6.351s] GC(0) Pause Young (Normal) (G1 Evacuation Pause) 25M->2M(512M) 8.387ms
[2020-06-30T10:03:38.858+0530][6.351s] GC(0) User=0.00s Sys=0.00s Real=0.01s
[2020-06-30T10:03:40.610+0530][8.103s] GC(1) Pause Young (Normal) (G1 Evacuation Pause)
[2020-06-30T10:03:40.610+0530][8.103s] GC(1) Using 4 workers of 4 for evacuation
[2020-06-30T10:03:40.636+0530][8.130s] GC(1)   Pre Evacuate Collection Set: 0.1ms
[2020-06-30T10:03:40.637+0530][8.130s] GC(1)   Merge Heap Roots: 0.1ms
[2020-06-30T10:03:40.637+0530][8.130s] GC(1)   Evacuate Collection Set: 25.0ms
[2020-06-30T10:03:40.637+0530][8.130s] GC(1)   Post Evacuate Collection Set: 1.1ms
[2020-06-30T10:03:40.637+0530][8.130s] GC(1)   Other: 0.3ms
[2020-06-30T10:03:40.637+0530][8.130s] GC(1) Eden regions: 30->0(45)
[2020-06-30T10:03:40.637+0530][8.130s] GC(1) Survivor regions: 3->5(5)
[2020-06-30T10:03:40.637+0530][8.130s] GC(1) Old regions: 0->7
[2020-06-30T10:03:40.637+0530][8.130s] GC(1) Archive regions: 0->0
[2020-06-30T10:03:40.637+0530][8.130s] GC(1) Humongous regions: 4->4
[2020-06-30T10:03:40.637+0530][8.130s] GC(1) Metaspace: 13791K(14336K)->13791K(14336K) NonClass: 12164K(12544K)->12164K(12544K) Class: 1627K(1792K)->1627K(1792K)
[2020-06-30T10:03:40.637+0530][8.130s] GC(1) Pause Young (Normal) (G1 Evacuation Pause) 36M->15M(512M) 27.005ms
[2020-06-30T10:03:40.637+0530][8.130s] GC(1) User=0.13s Sys=0.00s Real=0.03s
[2020-06-30T10:03:43.956+0530][11.449s] GC(2) Pause Young (Normal) (G1 Evacuation Pause)
[2020-06-30T10:03:43.956+0530][11.450s] GC(2) Using 4 workers of 4 for evacuation
[2020-06-30T10:03:43.971+0530][11.465s] GC(2)   Pre Evacuate Collection Set: 0.1ms
[2020-06-30T10:03:43.971+0530][11.465s] GC(2)   Merge Heap Roots: 0.1ms
[2020-06-30T10:03:43.972+0530][11.465s] GC(2)   Evacuate Collection Set: 13.7ms
[2020-06-30T10:03:43.972+0530][11.465s] GC(2)   Post Evacuate Collection Set: 1.2ms
[2020-06-30T10:03:43.972+0530][11.465s] GC(2)   Other: 0.3ms
[2020-06-30T10:03:43.972+0530][11.465s] GC(2) Eden regions: 44->0(150)
[2020-06-30T10:03:43.972+0530][11.465s] GC(2) Survivor regions: 5->7(7)
[2020-06-30T10:03:43.972+0530][11.465s] GC(2) Old regions: 7->12
[2020-06-30T10:03:43.972+0530][11.465s] GC(2) Archive regions: 0->0
[2020-06-30T10:03:43.972+0530][11.465s] GC(2) Humongous regions: 4->4
[2020-06-30T10:03:43.972+0530][11.465s] GC(2) Metaspace: 18377K(19072K)->18377K(19072K) NonClass: 16224K(16640K)->16224K(16640K) Class: 2153K(2432K)->2153K(2432K)
[2020-06-30T10:03:43.972+0530][11.465s] GC(2) Pause Young (Normal) (G1 Evacuation Pause) 59M->22M(512M) 15.814ms
[2020-06-30T10:03:43.972+0530][11.465s] GC(2) User=0.06s Sys=0.00s Real=0.02s
[2020-06-30T10:03:45.930+0530][13.423s] GC(3) Pause Young (Concurrent Start) (Metadata GC Threshold)
[2020-06-30T10:03:45.931+0530][13.423s] GC(3) Using 4 workers of 4 for evacuation
[2020-06-30T10:03:45.940+0530][13.433s] GC(3)   Pre Evacuate Collection Set: 0.1ms
[2020-06-30T10:03:45.940+0530][13.433s] GC(3)   Merge Heap Roots: 0.1ms
[2020-06-30T10:03:45.940+0530][13.433s] GC(3)   Evacuate Collection Set: 8.8ms
[2020-06-30T10:03:45.941+0530][13.433s] GC(3)   Post Evacuate Collection Set: 0.6ms
[2020-06-30T10:03:45.941+0530][13.433s] GC(3)   Other: 0.5ms
[2020-06-30T10:03:45.941+0530][13.433s] GC(3) Eden regions: 41->0(299)
[2020-06-30T10:03:45.941+0530][13.433s] GC(3) Survivor regions: 7->8(20)
[2020-06-30T10:03:45.941+0530][13.434s] GC(3) Old regions: 12->12
[2020-06-30T10:03:45.941+0530][13.434s] GC(3) Archive regions: 0->0
[2020-06-30T10:03:45.941+0530][13.434s] GC(3) Humongous regions: 4->4
[2020-06-30T10:03:45.941+0530][13.434s] GC(3) Metaspace: 20682K(21248K)->20682K(21248K) NonClass: 18332K(18688K)->18332K(18688K) Class: 2350K(2560K)->2350K(2560K)
[2020-06-30T10:03:45.941+0530][13.434s] GC(3) Pause Young (Concurrent Start) (Metadata GC Threshold) 63M->23M(512M) 10.527ms
[2020-06-30T10:03:45.941+0530][13.434s] GC(3) User=0.03s Sys=0.00s Real=0.01s
[2020-06-30T10:03:45.941+0530][13.434s] GC(4) Concurrent Cycle
[2020-06-30T10:03:45.941+0530][13.434s] GC(4) Concurrent Clear Claimed Marks
[2020-06-30T10:03:45.941+0530][13.434s] GC(4) Concurrent Clear Claimed Marks 0.044ms
[2020-06-30T10:03:45.941+0530][13.434s] GC(4) Concurrent Scan Root Regions
[2020-06-30T10:03:45.945+0530][13.437s] GC(4) Concurrent Scan Root Regions 3.501ms
[2020-06-30T10:03:45.945+0530][13.438s] GC(4) Concurrent Mark (13.438s)
[2020-06-30T10:03:45.945+0530][13.438s] GC(4) Concurrent Mark From Roots
[2020-06-30T10:03:45.945+0530][13.438s] GC(4) Using 1 workers of 1 for marking
[2020-06-30T10:03:46.009+0530][13.502s] GC(4) Concurrent Mark From Roots 64.472ms
[2020-06-30T10:03:46.009+0530][13.502s] GC(4) Concurrent Preclean
[2020-06-30T10:03:46.009+0530][13.502s] GC(4) Concurrent Preclean 0.142ms
[2020-06-30T10:03:46.010+0530][13.502s] GC(4) Concurrent Mark (13.438s, 13.502s) 64.763ms
[2020-06-30T10:03:46.010+0530][13.502s] GC(4) Pause Remark
[2020-06-30T10:03:46.012+0530][13.505s] GC(4) Pause Remark 26M->26M(512M) 2.615ms
[2020-06-30T10:03:46.012+0530][13.505s] GC(4) User=0.00s Sys=0.00s Real=0.00s
[2020-06-30T10:03:46.012+0530][13.505s] GC(4) Concurrent Rebuild Remembered Sets
[2020-06-30T10:03:46.040+0530][13.533s] GC(4) Concurrent Rebuild Remembered Sets 27.990ms
[2020-06-30T10:03:46.041+0530][13.534s] GC(4) Pause Cleanup
[2020-06-30T10:03:46.041+0530][13.534s] GC(4) Pause Cleanup 28M->28M(512M) 0.146ms
[2020-06-30T10:03:46.041+0530][13.534s] GC(4) User=0.00s Sys=0.00s Real=0.00s
[2020-06-30T10:03:46.041+0530][13.534s] GC(4) Concurrent Cleanup for Next Mark
[2020-06-30T10:03:46.042+0530][13.535s] GC(4) Concurrent Cleanup for Next Mark 0.854ms
[2020-06-30T10:03:46.042+0530][13.535s] GC(4) Concurrent Cycle 100.986ms
[2020-06-30T10:04:20.072+0530][47.565s] GC(5) Pause Young (Concurrent Start) (Metadata GC Threshold)
[2020-06-30T10:04:20.072+0530][47.565s] GC(5) Using 4 workers of 4 for evacuation
[2020-06-30T10:04:20.096+0530][47.589s] GC(5)   Pre Evacuate Collection Set: 0.3ms
[2020-06-30T10:04:20.096+0530][47.589s] GC(5)   Merge Heap Roots: 0.1ms
[2020-06-30T10:04:20.096+0530][47.589s] GC(5)   Evacuate Collection Set: 21.8ms
[2020-06-30T10:04:20.096+0530][47.589s] GC(5)   Post Evacuate Collection Set: 1.4ms
[2020-06-30T10:04:20.096+0530][47.589s] GC(5)   Other: 0.4ms
[2020-06-30T10:04:20.096+0530][47.589s] GC(5) Eden regions: 175->0(294)
[2020-06-30T10:04:20.096+0530][47.589s] GC(5) Survivor regions: 8->13(39)
[2020-06-30T10:04:20.096+0530][47.589s] GC(5) Old regions: 12->12
[2020-06-30T10:04:20.096+0530][47.589s] GC(5) Archive regions: 0->0
[2020-06-30T10:04:20.097+0530][47.589s] GC(5) Humongous regions: 4->4
[2020-06-30T10:04:20.097+0530][47.589s] GC(5) Metaspace: 35625K(36480K)->35625K(36480K) NonClass: 31595K(32128K)->31595K(32128K) Class: 4029K(4352K)->4029K(4352K)
[2020-06-30T10:04:20.097+0530][47.590s] GC(5) Pause Young (Concurrent Start) (Metadata GC Threshold) 197M->28M(512M) 24.676ms
[2020-06-30T10:04:20.097+0530][47.590s] GC(5) User=0.13s Sys=0.00s Real=0.02s
[2020-06-30T10:04:20.097+0530][47.590s] GC(6) Concurrent Cycle
[2020-06-30T10:04:20.097+0530][47.590s] GC(6) Concurrent Clear Claimed Marks
[2020-06-30T10:04:20.097+0530][47.590s] GC(6) Concurrent Clear Claimed Marks 0.075ms
[2020-06-30T10:04:20.097+0530][47.590s] GC(6) Concurrent Scan Root Regions
[2020-06-30T10:04:20.110+0530][47.603s] GC(6) Concurrent Scan Root Regions 13.113ms
[2020-06-30T10:04:20.110+0530][47.603s] GC(6) Concurrent Mark (47.603s)
[2020-06-30T10:04:20.110+0530][47.603s] GC(6) Concurrent Mark From Roots
[2020-06-30T10:04:20.110+0530][47.603s] GC(6) Using 1 workers of 1 for marking
[2020-06-30T10:04:20.182+0530][47.675s] GC(6) Concurrent Mark From Roots 71.295ms
[2020-06-30T10:04:20.182+0530][47.675s] GC(6) Concurrent Preclean
[2020-06-30T10:04:20.182+0530][47.675s] GC(6) Concurrent Preclean 0.189ms
[2020-06-30T10:04:20.182+0530][47.675s] GC(6) Concurrent Mark (47.603s, 47.675s) 71.655ms
[2020-06-30T10:04:20.190+0530][47.683s] GC(6) Pause Remark
[2020-06-30T10:04:20.193+0530][47.686s] GC(6) Pause Remark 36M->36M(512M) 3.587ms
[2020-06-30T10:04:20.193+0530][47.686s] GC(6) User=0.00s Sys=0.00s Real=0.00s
[2020-06-30T10:04:20.195+0530][47.688s] GC(6) Concurrent Rebuild Remembered Sets
[2020-06-30T10:04:20.230+0530][47.723s] GC(6) Concurrent Rebuild Remembered Sets 34.497ms
[2020-06-30T10:04:20.235+0530][47.728s] GC(6) Pause Cleanup
[2020-06-30T10:04:20.235+0530][47.728s] GC(6) Pause Cleanup 36M->36M(512M) 0.246ms
[2020-06-30T10:04:20.235+0530][47.728s] GC(6) User=0.00s Sys=0.00s Real=0.00s
[2020-06-30T10:04:20.240+0530][47.733s] GC(6) Concurrent Cleanup for Next Mark
[2020-06-30T10:04:20.241+0530][47.734s] GC(6) Concurrent Cleanup for Next Mark 1.046ms
[2020-06-30T10:04:20.241+0530][47.734s] GC(6) Concurrent Cycle 144.149ms
[2020-06-30T10:04:22.286+0530][49.778s] GC(7) Pause Young (Normal) (G1 Evacuation Pause)
[2020-06-30T10:04:22.286+0530][49.778s] GC(7) Using 4 workers of 4 for evacuation
[2020-06-30T10:04:22.305+0530][49.798s] GC(7)   Pre Evacuate Collection Set: 0.3ms
[2020-06-30T10:04:22.305+0530][49.798s] GC(7)   Merge Heap Roots: 0.1ms
[2020-06-30T10:04:22.305+0530][49.798s] GC(7)   Evacuate Collection Set: 17.4ms
[2020-06-30T10:04:22.305+0530][49.798s] GC(7)   Post Evacuate Collection Set: 1.1ms
[2020-06-30T10:04:22.305+0530][49.798s] GC(7)   Other: 0.4ms
[2020-06-30T10:04:22.305+0530][49.798s] GC(7) Eden regions: 294->0(290)
[2020-06-30T10:04:22.305+0530][49.798s] GC(7) Survivor regions: 13->17(39)
[2020-06-30T10:04:22.305+0530][49.798s] GC(7) Old regions: 12->12
[2020-06-30T10:04:22.305+0530][49.798s] GC(7) Archive regions: 0->0
[2020-06-30T10:04:22.305+0530][49.798s] GC(7) Humongous regions: 5->4
[2020-06-30T10:04:22.305+0530][49.798s] GC(7) Metaspace: 38993K(39936K)->38993K(39936K) NonClass: 34526K(35072K)->34526K(35072K) Class: 4467K(4864K)->4467K(4864K)
[2020-06-30T10:04:22.305+0530][49.798s] GC(7) Pause Young (Normal) (G1 Evacuation Pause) 323M->32M(512M) 19.852ms
[2020-06-30T10:04:22.306+0530][49.798s] GC(7) User=0.06s Sys=0.00s Real=0.02s
[2020-06-30T10:04:24.305+0530][51.798s] GC(8) Pause Young (Normal) (G1 Evacuation Pause)
[2020-06-30T10:04:24.305+0530][51.798s] GC(8) Using 4 workers of 4 for evacuation
[2020-06-30T10:04:24.329+0530][51.821s] GC(8)   Pre Evacuate Collection Set: 0.1ms
[2020-06-30T10:04:24.329+0530][51.821s] GC(8)   Merge Heap Roots: 0.1ms
[2020-06-30T10:04:24.329+0530][51.821s] GC(8)   Evacuate Collection Set: 21.2ms
[2020-06-30T10:04:24.329+0530][51.821s] GC(8)   Post Evacuate Collection Set: 1.6ms
[2020-06-30T10:04:24.329+0530][51.822s] GC(8)   Other: 0.4ms
[2020-06-30T10:04:24.329+0530][51.822s] GC(8) Eden regions: 290->0(290)
[2020-06-30T10:04:24.329+0530][51.822s] GC(8) Survivor regions: 17->17(39)
[2020-06-30T10:04:24.329+0530][51.822s] GC(8) Old regions: 12->12
[2020-06-30T10:04:24.329+0530][51.822s] GC(8) Archive regions: 0->0
[2020-06-30T10:04:24.329+0530][51.822s] GC(8) Humongous regions: 4->4
[2020-06-30T10:04:24.329+0530][51.822s] GC(8) Metaspace: 41595K(42752K)->41595K(42752K) NonClass: 36875K(37632K)->36875K(37632K) Class: 4719K(5120K)->4719K(5120K)
[2020-06-30T10:04:24.330+0530][51.822s] GC(8) Pause Young (Normal) (G1 Evacuation Pause) 322M->32M(512M) 24.164ms
[2020-06-30T10:04:24.330+0530][51.822s] GC(8) User=0.06s Sys=0.00s Real=0.02s
[2020-06-30T10:04:32.787+0530][60.280s] GC(9) Pause Young (Normal) (G1 Evacuation Pause)
[2020-06-30T10:04:32.787+0530][60.280s] GC(9) Using 4 workers of 4 for evacuation
[2020-06-30T10:04:32.815+0530][60.308s] GC(9)   Pre Evacuate Collection Set: 0.1ms
[2020-06-30T10:04:32.815+0530][60.308s] GC(9)   Merge Heap Roots: 0.1ms
[2020-06-30T10:04:32.815+0530][60.308s] GC(9)   Evacuate Collection Set: 26.1ms
[2020-06-30T10:04:32.815+0530][60.308s] GC(9)   Post Evacuate Collection Set: 1.7ms
[2020-06-30T10:04:32.816+0530][60.308s] GC(9)   Other: 0.3ms
[2020-06-30T10:04:32.816+0530][60.308s] GC(9) Eden regions: 290->0(287)
[2020-06-30T10:04:32.816+0530][60.308s] GC(9) Survivor regions: 17->20(39)
[2020-06-30T10:04:32.816+0530][60.308s] GC(9) Old regions: 12->12
[2020-06-30T10:04:32.816+0530][60.308s] GC(9) Archive regions: 0->0
[2020-06-30T10:04:32.816+0530][60.308s] GC(9) Humongous regions: 4->4
[2020-06-30T10:04:32.816+0530][60.309s] GC(9) Metaspace: 46169K(47232K)->46169K(47232K) NonClass: 40847K(41472K)->40847K(41472K) Class: 5322K(5760K)->5322K(5760K)
[2020-06-30T10:04:32.816+0530][60.309s] GC(9) Pause Young (Normal) (G1 Evacuation Pause) 322M->35M(512M) 28.924ms
[2020-06-30T10:04:32.816+0530][60.309s] GC(9) User=0.13s Sys=0.00s Real=0.03s
[2020-06-30T11:48:34.381+0530][6301.874s] GC(10) Pause Young (Normal) (G1 Evacuation Pause)
[2020-06-30T11:48:34.382+0530][6301.874s] GC(10) Using 4 workers of 4 for evacuation
[2020-06-30T11:48:34.601+0530][6302.094s] GC(10)   Pre Evacuate Collection Set: 2.6ms
[2020-06-30T11:48:34.601+0530][6302.094s] GC(10)   Merge Heap Roots: 0.7ms
[2020-06-30T11:48:34.601+0530][6302.094s] GC(10)   Evacuate Collection Set: 209.2ms
[2020-06-30T11:48:34.601+0530][6302.094s] GC(10)   Post Evacuate Collection Set: 4.4ms
[2020-06-30T11:48:34.601+0530][6302.094s] GC(10)   Other: 3.1ms
[2020-06-30T11:48:34.601+0530][6302.094s] GC(10) Eden regions: 287->0(279)
[2020-06-30T11:48:34.601+0530][6302.094s] GC(10) Survivor regions: 20->28(39)
[2020-06-30T11:48:34.602+0530][6302.094s] GC(10) Old regions: 12->12
[2020-06-30T11:48:34.602+0530][6302.094s] GC(10) Archive regions: 0->0
[2020-06-30T11:48:34.602+0530][6302.094s] GC(10) Humongous regions: 7->7
[2020-06-30T11:48:34.602+0530][6302.094s] GC(10) Metaspace: 57954K(59392K)->57954K(59392K) NonClass: 51287K(52224K)->51287K(52224K) Class: 6667K(7168K)->6667K(7168K)
[2020-06-30T11:48:34.602+0530][6302.094s] GC(10) Pause Young (Normal) (G1 Evacuation Pause) 325M->46M(512M) 220.232ms
[2020-06-30T11:48:34.602+0530][6302.094s] GC(10) User=0.16s Sys=0.56s Real=0.22s
[2020-06-30T12:23:24.970+0530][8392.463s] Heap
[2020-06-30T12:23:24.970+0530][8392.463s]  garbage-first heap   total 524288K, used 113054K [0x00000000e0000000, 0x0000000100000000)
[2020-06-30T12:23:24.970+0530][8392.463s]   region size 1024K, 93 young (95232K), 28 survivors (28672K)
[2020-06-30T12:23:24.970+0530][8392.463s]  Metaspace       used 58834K, capacity 60153K, committed 60288K, reserved 1101824K
[2020-06-30T12:23:24.971+0530][8392.463s]   class space    used 6728K, capacity 7220K, committed 7296K, reserved 1048576K
