[2020-06-29T09:08:12.204+0530][0.056s] Heap region size: 1M
[2020-06-29T09:08:12.204+0530][0.056s] Heap address: 0x00000000e0000000, size: 512 MB, Compressed Oops mode: 32-bit
[2020-06-29T09:08:12.611+0530][0.458s] Using G1
[2020-06-29T09:08:12.642+0530][0.501s] Periodic GC disabled
[2020-06-29T09:08:14.329+0530][2.191s] GC(0) Pause Young (Normal) (G1 Evacuation Pause)
[2020-06-29T09:08:14.329+0530][2.191s] GC(0) Using 4 workers of 4 for evacuation
[2020-06-29T09:08:14.360+0530][2.222s] GC(0)   Pre Evacuate Collection Set: 0.1ms
[2020-06-29T09:08:14.360+0530][2.222s] GC(0)   Merge Heap Roots: 0.1ms
[2020-06-29T09:08:14.360+0530][2.222s] GC(0)   Evacuate Collection Set: 29.6ms
[2020-06-29T09:08:14.360+0530][2.222s] GC(0)   Post Evacuate Collection Set: 0.7ms
[2020-06-29T09:08:14.376+0530][2.226s] GC(0)   Other: 0.8ms
[2020-06-29T09:08:14.376+0530][2.226s] GC(0) Eden regions: 25->0(30)
[2020-06-29T09:08:14.376+0530][2.226s] GC(0) Survivor regions: 0->3(4)
[2020-06-29T09:08:14.376+0530][2.226s] GC(0) Old regions: 0->0
[2020-06-29T09:08:14.376+0530][2.226s] GC(0) Archive regions: 0->0
[2020-06-29T09:08:14.376+0530][2.226s] GC(0) Humongous regions: 0->0
[2020-06-29T09:08:14.376+0530][2.226s] GC(0) Metaspace: 5553K(7552K)->5553K(7552K) NonClass: 4887K(6656K)->4887K(6656K) Class: 665K(896K)->665K(896K)
[2020-06-29T09:08:14.376+0530][2.226s] GC(0) Pause Young (Normal) (G1 Evacuation Pause) 25M->2M(512M) 35.816ms
[2020-06-29T09:08:14.376+0530][2.226s] GC(0) User=0.06s Sys=0.00s Real=0.05s
[2020-06-29T09:08:16.298+0530][4.159s] GC(1) Pause Young (Normal) (G1 Evacuation Pause)
[2020-06-29T09:08:16.298+0530][4.159s] GC(1) Using 4 workers of 4 for evacuation
[2020-06-29T09:08:16.329+0530][4.186s] GC(1)   Pre Evacuate Collection Set: 0.1ms
[2020-06-29T09:08:16.329+0530][4.186s] GC(1)   Merge Heap Roots: 0.1ms
[2020-06-29T09:08:16.329+0530][4.186s] GC(1)   Evacuate Collection Set: 25.8ms
[2020-06-29T09:08:16.329+0530][4.186s] GC(1)   Post Evacuate Collection Set: 1.0ms
[2020-06-29T09:08:16.329+0530][4.187s] GC(1)   Other: 0.3ms
[2020-06-29T09:08:16.329+0530][4.187s] GC(1) Eden regions: 30->0(46)
[2020-06-29T09:08:16.329+0530][4.187s] GC(1) Survivor regions: 3->5(5)
[2020-06-29T09:08:16.329+0530][4.187s] GC(1) Old regions: 0->7
[2020-06-29T09:08:16.329+0530][4.187s] GC(1) Archive regions: 0->0
[2020-06-29T09:08:16.329+0530][4.187s] GC(1) Humongous regions: 4->4
[2020-06-29T09:08:16.329+0530][4.187s] GC(1) Metaspace: 13769K(14336K)->13769K(14336K) NonClass: 12146K(12544K)->12146K(12544K) Class: 1622K(1792K)->1622K(1792K)
[2020-06-29T09:08:16.329+0530][4.187s] GC(1) Pause Young (Normal) (G1 Evacuation Pause) 36M->15M(512M) 28.008ms
[2020-06-29T09:08:16.329+0530][4.187s] GC(1) User=0.13s Sys=0.00s Real=0.03s
[2020-06-29T09:08:17.629+0530][5.485s] GC(2) Pause Young (Normal) (G1 Evacuation Pause)
[2020-06-29T09:08:17.629+0530][5.485s] GC(2) Using 4 workers of 4 for evacuation
[2020-06-29T09:08:17.645+0530][5.501s] GC(2)   Pre Evacuate Collection Set: 0.1ms
[2020-06-29T09:08:17.645+0530][5.501s] GC(2)   Merge Heap Roots: 0.1ms
[2020-06-29T09:08:17.645+0530][5.501s] GC(2)   Evacuate Collection Set: 14.2ms
[2020-06-29T09:08:17.645+0530][5.501s] GC(2)   Post Evacuate Collection Set: 1.1ms
[2020-06-29T09:08:17.645+0530][5.501s] GC(2)   Other: 0.2ms
[2020-06-29T09:08:17.645+0530][5.501s] GC(2) Eden regions: 45->0(140)
[2020-06-29T09:08:17.645+0530][5.501s] GC(2) Survivor regions: 5->7(7)
[2020-06-29T09:08:17.645+0530][5.501s] GC(2) Old regions: 7->13
[2020-06-29T09:08:17.645+0530][5.501s] GC(2) Archive regions: 0->0
[2020-06-29T09:08:17.645+0530][5.501s] GC(2) Humongous regions: 4->4
[2020-06-29T09:08:17.645+0530][5.501s] GC(2) Metaspace: 18374K(19072K)->18374K(19072K) NonClass: 16216K(16640K)->16216K(16640K) Class: 2157K(2432K)->2157K(2432K)
[2020-06-29T09:08:17.645+0530][5.501s] GC(2) Pause Young (Normal) (G1 Evacuation Pause) 60M->23M(512M) 16.230ms
[2020-06-29T09:08:17.645+0530][5.501s] GC(2) User=0.06s Sys=0.00s Real=0.02s
[2020-06-29T09:08:18.520+0530][6.380s] GC(3) Pause Young (Concurrent Start) (Metadata GC Threshold)
[2020-06-29T09:08:18.520+0530][6.380s] GC(3) Using 4 workers of 4 for evacuation
[2020-06-29T09:08:18.535+0530][6.387s] GC(3)   Pre Evacuate Collection Set: 0.1ms
[2020-06-29T09:08:18.535+0530][6.387s] GC(3)   Merge Heap Roots: 0.1ms
[2020-06-29T09:08:18.535+0530][6.387s] GC(3)   Evacuate Collection Set: 6.0ms
[2020-06-29T09:08:18.535+0530][6.387s] GC(3)   Post Evacuate Collection Set: 0.5ms
[2020-06-29T09:08:18.535+0530][6.387s] GC(3)   Other: 0.3ms
[2020-06-29T09:08:18.535+0530][6.387s] GC(3) Eden regions: 34->0(300)
[2020-06-29T09:08:18.535+0530][6.387s] GC(3) Survivor regions: 7->7(19)
[2020-06-29T09:08:18.535+0530][6.387s] GC(3) Old regions: 13->13
[2020-06-29T09:08:18.535+0530][6.387s] GC(3) Archive regions: 0->0
[2020-06-29T09:08:18.535+0530][6.387s] GC(3) Humongous regions: 4->4
[2020-06-29T09:08:18.535+0530][6.387s] GC(3) Metaspace: 20653K(21248K)->20653K(21248K) NonClass: 18302K(18688K)->18302K(18688K) Class: 2350K(2560K)->2350K(2560K)
[2020-06-29T09:08:18.535+0530][6.388s] GC(3) Pause Young (Concurrent Start) (Metadata GC Threshold) 57M->23M(512M) 7.360ms
[2020-06-29T09:08:18.535+0530][6.388s] GC(3) User=0.06s Sys=0.00s Real=0.02s
[2020-06-29T09:08:18.535+0530][6.388s] GC(4) Concurrent Cycle
[2020-06-29T09:08:18.535+0530][6.388s] GC(4) Concurrent Clear Claimed Marks
[2020-06-29T09:08:18.535+0530][6.388s] GC(4) Concurrent Clear Claimed Marks 0.045ms
[2020-06-29T09:08:18.535+0530][6.388s] GC(4) Concurrent Scan Root Regions
[2020-06-29T09:08:18.535+0530][6.391s] GC(4) Concurrent Scan Root Regions 3.681ms
[2020-06-29T09:08:18.535+0530][6.392s] GC(4) Concurrent Mark (6.392s)
[2020-06-29T09:08:18.535+0530][6.392s] GC(4) Concurrent Mark From Roots
[2020-06-29T09:08:18.535+0530][6.392s] GC(4) Using 1 workers of 1 for marking
[2020-06-29T09:08:18.598+0530][6.448s] GC(4) Concurrent Mark From Roots 56.724ms
[2020-06-29T09:08:18.598+0530][6.448s] GC(4) Concurrent Preclean
[2020-06-29T09:08:18.598+0530][6.449s] GC(4) Concurrent Preclean 0.190ms
[2020-06-29T09:08:18.598+0530][6.449s] GC(4) Concurrent Mark (6.392s, 6.449s) 57.081ms
[2020-06-29T09:08:18.598+0530][6.449s] GC(4) Pause Remark
[2020-06-29T09:08:18.598+0530][6.452s] GC(4) Pause Remark 27M->27M(512M) 3.195ms
[2020-06-29T09:08:18.598+0530][6.452s] GC(4) User=0.00s Sys=0.00s Real=0.00s
[2020-06-29T09:08:18.598+0530][6.452s] GC(4) Concurrent Rebuild Remembered Sets
[2020-06-29T09:08:18.613+0530][6.472s] GC(4) Concurrent Rebuild Remembered Sets 19.666ms
[2020-06-29T09:08:18.613+0530][6.472s] GC(4) Pause Cleanup
[2020-06-29T09:08:18.613+0530][6.473s] GC(4) Pause Cleanup 29M->29M(512M) 0.140ms
[2020-06-29T09:08:18.613+0530][6.473s] GC(4) User=0.00s Sys=0.00s Real=0.00s
[2020-06-29T09:08:18.613+0530][6.473s] GC(4) Concurrent Cleanup for Next Mark
[2020-06-29T09:08:18.613+0530][6.474s] GC(4) Concurrent Cleanup for Next Mark 0.958ms
[2020-06-29T09:08:18.613+0530][6.474s] GC(4) Concurrent Cycle 86.069ms
[2020-06-29T09:08:47.154+0530][35.001s] GC(5) Pause Young (Concurrent Start) (Metadata GC Threshold)
[2020-06-29T09:08:47.155+0530][35.002s] GC(5) Using 4 workers of 4 for evacuation
[2020-06-29T09:08:47.172+0530][35.019s] GC(5)   Pre Evacuate Collection Set: 0.1ms
[2020-06-29T09:08:47.173+0530][35.019s] GC(5)   Merge Heap Roots: 0.1ms
[2020-06-29T09:08:47.173+0530][35.020s] GC(5)   Evacuate Collection Set: 16.3ms
[2020-06-29T09:08:47.173+0530][35.020s] GC(5)   Post Evacuate Collection Set: 1.1ms
[2020-06-29T09:08:47.173+0530][35.020s] GC(5)   Other: 0.5ms
[2020-06-29T09:08:47.173+0530][35.020s] GC(5) Eden regions: 206->0(294)
[2020-06-29T09:08:47.173+0530][35.020s] GC(5) Survivor regions: 7->13(39)
[2020-06-29T09:08:47.173+0530][35.020s] GC(5) Old regions: 13->13
[2020-06-29T09:08:47.173+0530][35.020s] GC(5) Archive regions: 0->0
[2020-06-29T09:08:47.173+0530][35.020s] GC(5) Humongous regions: 4->4
[2020-06-29T09:08:47.173+0530][35.020s] GC(5) Metaspace: 36078K(36864K)->36078K(36864K) NonClass: 32010K(32512K)->32010K(32512K) Class: 4067K(4352K)->4067K(4352K)
[2020-06-29T09:08:47.173+0530][35.020s] GC(5) Pause Young (Concurrent Start) (Metadata GC Threshold) 228M->29M(512M) 18.551ms
[2020-06-29T09:08:47.173+0530][35.020s] GC(5) User=0.06s Sys=0.00s Real=0.02s
[2020-06-29T09:08:47.173+0530][35.020s] GC(6) Concurrent Cycle
[2020-06-29T09:08:47.173+0530][35.020s] GC(6) Concurrent Clear Claimed Marks
[2020-06-29T09:08:47.173+0530][35.020s] GC(6) Concurrent Clear Claimed Marks 0.083ms
[2020-06-29T09:08:47.173+0530][35.020s] GC(6) Concurrent Scan Root Regions
[2020-06-29T09:08:47.188+0530][35.034s] GC(6) Concurrent Scan Root Regions 14.032ms
[2020-06-29T09:08:47.188+0530][35.035s] GC(6) Concurrent Mark (35.035s)
[2020-06-29T09:08:47.188+0530][35.035s] GC(6) Concurrent Mark From Roots
[2020-06-29T09:08:47.188+0530][35.035s] GC(6) Using 1 workers of 1 for marking
[2020-06-29T09:08:47.264+0530][35.111s] GC(6) Concurrent Mark From Roots 76.032ms
[2020-06-29T09:08:47.264+0530][35.111s] GC(6) Concurrent Preclean
[2020-06-29T09:08:47.264+0530][35.111s] GC(6) Concurrent Preclean 0.194ms
[2020-06-29T09:08:47.264+0530][35.111s] GC(6) Concurrent Mark (35.035s, 35.111s) 76.415ms
[2020-06-29T09:08:47.264+0530][35.111s] GC(6) Pause Remark
[2020-06-29T09:08:47.269+0530][35.116s] GC(6) Pause Remark 40M->40M(512M) 4.650ms
[2020-06-29T09:08:47.269+0530][35.116s] GC(6) User=0.06s Sys=0.00s Real=0.01s
[2020-06-29T09:08:47.276+0530][35.123s] GC(6) Concurrent Rebuild Remembered Sets
[2020-06-29T09:08:47.314+0530][35.161s] GC(6) Concurrent Rebuild Remembered Sets 37.204ms
[2020-06-29T09:08:47.314+0530][35.161s] GC(6) Pause Cleanup
[2020-06-29T09:08:47.314+0530][35.161s] GC(6) Pause Cleanup 40M->40M(512M) 0.197ms
[2020-06-29T09:08:47.315+0530][35.161s] GC(6) User=0.00s Sys=0.00s Real=0.00s
[2020-06-29T09:08:47.318+0530][35.164s] GC(6) Concurrent Cleanup for Next Mark
[2020-06-29T09:08:47.319+0530][35.165s] GC(6) Concurrent Cleanup for Next Mark 1.038ms
[2020-06-29T09:08:47.319+0530][35.166s] GC(6) Concurrent Cycle 145.296ms
[2020-06-29T09:08:48.436+0530][36.283s] GC(7) Pause Young (Normal) (G1 Evacuation Pause)
[2020-06-29T09:08:48.436+0530][36.283s] GC(7) Using 4 workers of 4 for evacuation
[2020-06-29T09:08:48.458+0530][36.305s] GC(7)   Pre Evacuate Collection Set: 0.1ms
[2020-06-29T09:08:48.458+0530][36.305s] GC(7)   Merge Heap Roots: 0.1ms
[2020-06-29T09:08:48.458+0530][36.305s] GC(7)   Evacuate Collection Set: 20.4ms
[2020-06-29T09:08:48.458+0530][36.305s] GC(7)   Post Evacuate Collection Set: 1.1ms
[2020-06-29T09:08:48.458+0530][36.305s] GC(7)   Other: 0.4ms
[2020-06-29T09:08:48.458+0530][36.305s] GC(7) Eden regions: 294->0(291)
[2020-06-29T09:08:48.458+0530][36.305s] GC(7) Survivor regions: 13->16(39)
[2020-06-29T09:08:48.458+0530][36.305s] GC(7) Old regions: 13->13
[2020-06-29T09:08:48.458+0530][36.305s] GC(7) Archive regions: 0->0
[2020-06-29T09:08:48.458+0530][36.306s] GC(7) Humongous regions: 5->4
[2020-06-29T09:08:48.458+0530][36.306s] GC(7) Metaspace: 39417K(40568K)->39417K(40568K) NonClass: 34887K(35584K)->34887K(35584K) Class: 4529K(4984K)->4529K(4984K)
[2020-06-29T09:08:48.458+0530][36.306s] GC(7) Pause Young (Normal) (G1 Evacuation Pause) 324M->32M(512M) 22.629ms
[2020-06-29T09:08:48.458+0530][36.306s] GC(7) User=0.13s Sys=0.00s Real=0.02s
[2020-06-29T09:08:51.032+0530][38.879s] GC(8) Pause Young (Normal) (G1 Evacuation Pause)
[2020-06-29T09:08:51.032+0530][38.880s] GC(8) Using 4 workers of 4 for evacuation
[2020-06-29T09:08:51.052+0530][38.899s] GC(8)   Pre Evacuate Collection Set: 0.1ms
[2020-06-29T09:08:51.052+0530][38.899s] GC(8)   Merge Heap Roots: 0.1ms
[2020-06-29T09:08:51.052+0530][38.899s] GC(8)   Evacuate Collection Set: 18.2ms
[2020-06-29T09:08:51.052+0530][38.899s] GC(8)   Post Evacuate Collection Set: 1.2ms
[2020-06-29T09:08:51.052+0530][38.899s] GC(8)   Other: 0.3ms
[2020-06-29T09:08:51.052+0530][38.900s] GC(8) Eden regions: 291->0(290)
[2020-06-29T09:08:51.052+0530][38.900s] GC(8) Survivor regions: 16->17(39)
[2020-06-29T09:08:51.052+0530][38.900s] GC(8) Old regions: 13->13
[2020-06-29T09:08:51.052+0530][38.900s] GC(8) Archive regions: 0->0
[2020-06-29T09:08:51.052+0530][38.900s] GC(8) Humongous regions: 4->4
[2020-06-29T09:08:51.052+0530][38.900s] GC(8) Metaspace: 41633K(42744K)->41633K(42744K) NonClass: 36910K(37632K)->36910K(37632K) Class: 4722K(5112K)->4722K(5112K)
[2020-06-29T09:08:51.052+0530][38.900s] GC(8) Pause Young (Normal) (G1 Evacuation Pause) 323M->32M(512M) 20.354ms
[2020-06-29T09:08:51.052+0530][38.900s] GC(8) User=0.13s Sys=0.00s Real=0.02s
[2020-06-29T09:08:57.740+0530][45.587s] GC(9) Pause Young (Normal) (G1 Evacuation Pause)
[2020-06-29T09:08:57.740+0530][45.587s] GC(9) Using 4 workers of 4 for evacuation
[2020-06-29T09:08:57.769+0530][45.616s] GC(9)   Pre Evacuate Collection Set: 0.1ms
[2020-06-29T09:08:57.769+0530][45.616s] GC(9)   Merge Heap Roots: 0.1ms
[2020-06-29T09:08:57.769+0530][45.616s] GC(9)   Evacuate Collection Set: 26.6ms
[2020-06-29T09:08:57.769+0530][45.616s] GC(9)   Post Evacuate Collection Set: 1.8ms
[2020-06-29T09:08:57.769+0530][45.616s] GC(9)   Other: 0.4ms
[2020-06-29T09:08:57.769+0530][45.616s] GC(9) Eden regions: 290->0(286)
[2020-06-29T09:08:57.770+0530][45.616s] GC(9) Survivor regions: 17->21(39)
[2020-06-29T09:08:57.770+0530][45.616s] GC(9) Old regions: 13->13
[2020-06-29T09:08:57.770+0530][45.616s] GC(9) Archive regions: 0->0
[2020-06-29T09:08:57.770+0530][45.616s] GC(9) Humongous regions: 4->4
[2020-06-29T09:08:57.770+0530][45.616s] GC(9) Metaspace: 47461K(48632K)->47461K(48632K) NonClass: 41969K(42752K)->41969K(42752K) Class: 5491K(5880K)->5491K(5880K)
[2020-06-29T09:08:57.770+0530][45.617s] GC(9) Pause Young (Normal) (G1 Evacuation Pause) 322M->37M(512M) 29.464ms
[2020-06-29T09:08:57.770+0530][45.617s] GC(9) User=0.11s Sys=0.00s Real=0.03s
[2020-06-29T09:09:23.280+0530][0.048s] Heap region size: 1M
[2020-06-29T09:09:23.281+0530][0.049s] Heap address: 0x00000000e0000000, size: 512 MB, Compressed Oops mode: 32-bit
[2020-06-29T09:09:23.655+0530][0.423s] Using G1
[2020-06-29T09:09:23.691+0530][0.459s] Periodic GC disabled
[2020-06-29T09:09:25.667+0530][2.435s] GC(0) Pause Young (Normal) (G1 Evacuation Pause)
[2020-06-29T09:09:25.667+0530][2.436s] GC(0) Using 4 workers of 4 for evacuation
[2020-06-29T09:09:25.687+0530][2.456s] GC(0)   Pre Evacuate Collection Set: 0.1ms
[2020-06-29T09:09:25.688+0530][2.456s] GC(0)   Merge Heap Roots: 0.1ms
[2020-06-29T09:09:25.688+0530][2.456s] GC(0)   Evacuate Collection Set: 19.2ms
[2020-06-29T09:09:25.688+0530][2.456s] GC(0)   Post Evacuate Collection Set: 0.6ms
[2020-06-29T09:09:25.688+0530][2.456s] GC(0)   Other: 0.7ms
[2020-06-29T09:09:25.688+0530][2.456s] GC(0) Eden regions: 25->0(30)
[2020-06-29T09:09:25.688+0530][2.456s] GC(0) Survivor regions: 0->3(4)
[2020-06-29T09:09:25.688+0530][2.456s] GC(0) Old regions: 0->0
[2020-06-29T09:09:25.688+0530][2.456s] GC(0) Archive regions: 0->0
[2020-06-29T09:09:25.688+0530][2.456s] GC(0) Humongous regions: 0->0
[2020-06-29T09:09:25.688+0530][2.456s] GC(0) Metaspace: 5519K(7296K)->5519K(7296K) NonClass: 4863K(6400K)->4863K(6400K) Class: 655K(896K)->655K(896K)
[2020-06-29T09:09:25.688+0530][2.456s] GC(0) Pause Young (Normal) (G1 Evacuation Pause) 25M->2M(512M) 21.163ms
[2020-06-29T09:09:25.688+0530][2.456s] GC(0) User=0.03s Sys=0.00s Real=0.02s
[2020-06-29T09:09:27.393+0530][4.162s] GC(1) Pause Young (Normal) (G1 Evacuation Pause)
[2020-06-29T09:09:27.393+0530][4.162s] GC(1) Using 4 workers of 4 for evacuation
[2020-06-29T09:09:27.418+0530][4.186s] GC(1)   Pre Evacuate Collection Set: 0.1ms
[2020-06-29T09:09:27.418+0530][4.186s] GC(1)   Merge Heap Roots: 0.1ms
[2020-06-29T09:09:27.418+0530][4.186s] GC(1)   Evacuate Collection Set: 23.6ms
[2020-06-29T09:09:27.418+0530][4.186s] GC(1)   Post Evacuate Collection Set: 0.7ms
[2020-06-29T09:09:27.418+0530][4.186s] GC(1)   Other: 0.2ms
[2020-06-29T09:09:27.418+0530][4.186s] GC(1) Eden regions: 30->0(39)
[2020-06-29T09:09:27.418+0530][4.186s] GC(1) Survivor regions: 3->5(5)
[2020-06-29T09:09:27.418+0530][4.186s] GC(1) Old regions: 0->7
[2020-06-29T09:09:27.418+0530][4.186s] GC(1) Archive regions: 0->0
[2020-06-29T09:09:27.418+0530][4.187s] GC(1) Humongous regions: 4->4
[2020-06-29T09:09:27.418+0530][4.187s] GC(1) Metaspace: 13831K(14336K)->13831K(14336K) NonClass: 12205K(12544K)->12205K(12544K) Class: 1625K(1792K)->1625K(1792K)
[2020-06-29T09:09:27.418+0530][4.187s] GC(1) Pause Young (Normal) (G1 Evacuation Pause) 36M->15M(512M) 25.149ms
[2020-06-29T09:09:27.418+0530][4.187s] GC(1) User=0.06s Sys=0.00s Real=0.03s
[2020-06-29T09:09:28.598+0530][5.366s] GC(2) Pause Young (Normal) (G1 Evacuation Pause)
[2020-06-29T09:09:28.598+0530][5.366s] GC(2) Using 4 workers of 4 for evacuation
[2020-06-29T09:09:28.612+0530][5.380s] GC(2)   Pre Evacuate Collection Set: 0.1ms
[2020-06-29T09:09:28.612+0530][5.380s] GC(2)   Merge Heap Roots: 0.1ms
[2020-06-29T09:09:28.612+0530][5.380s] GC(2)   Evacuate Collection Set: 12.3ms
[2020-06-29T09:09:28.612+0530][5.380s] GC(2)   Post Evacuate Collection Set: 1.2ms
[2020-06-29T09:09:28.612+0530][5.380s] GC(2)   Other: 0.2ms
[2020-06-29T09:09:28.612+0530][5.380s] GC(2) Eden regions: 39->0(172)
[2020-06-29T09:09:28.612+0530][5.380s] GC(2) Survivor regions: 5->6(6)
[2020-06-29T09:09:28.612+0530][5.380s] GC(2) Old regions: 7->13
[2020-06-29T09:09:28.612+0530][5.380s] GC(2) Archive regions: 0->0
[2020-06-29T09:09:28.612+0530][5.380s] GC(2) Humongous regions: 4->4
[2020-06-29T09:09:28.612+0530][5.380s] GC(2) Metaspace: 16656K(17280K)->16656K(17280K) NonClass: 14715K(15104K)->14715K(15104K) Class: 1941K(2176K)->1941K(2176K)
[2020-06-29T09:09:28.612+0530][5.380s] GC(2) Pause Young (Normal) (G1 Evacuation Pause) 54M->22M(512M) 14.200ms
[2020-06-29T09:09:28.612+0530][5.380s] GC(2) User=0.02s Sys=0.00s Real=0.01s
[2020-06-29T09:09:34.102+0530][10.870s] GC(3) Pause Young (Concurrent Start) (Metadata GC Threshold)
[2020-06-29T09:09:34.102+0530][10.870s] GC(3) Using 4 workers of 4 for evacuation
[2020-06-29T09:09:34.109+0530][10.877s] GC(3)   Pre Evacuate Collection Set: 0.1ms
[2020-06-29T09:09:34.110+0530][10.877s] GC(3)   Merge Heap Roots: 0.1ms
[2020-06-29T09:09:34.110+0530][10.877s] GC(3)   Evacuate Collection Set: 6.2ms
[2020-06-29T09:09:34.110+0530][10.877s] GC(3)   Post Evacuate Collection Set: 0.6ms
[2020-06-29T09:09:34.110+0530][10.877s] GC(3)   Other: 0.3ms
[2020-06-29T09:09:34.110+0530][10.877s] GC(3) Eden regions: 33->0(300)
[2020-06-29T09:09:34.110+0530][10.878s] GC(3) Survivor regions: 6->7(23)
[2020-06-29T09:09:34.110+0530][10.878s] GC(3) Old regions: 13->13
[2020-06-29T09:09:34.110+0530][10.878s] GC(3) Archive regions: 0->0
[2020-06-29T09:09:34.110+0530][10.878s] GC(3) Humongous regions: 4->4
[2020-06-29T09:09:34.110+0530][10.878s] GC(3) Metaspace: 20585K(21296K)->20585K(21296K) NonClass: 18197K(18608K)->18197K(18608K) Class: 2388K(2688K)->2388K(2688K)
[2020-06-29T09:09:34.110+0530][10.878s] GC(3) Pause Young (Concurrent Start) (Metadata GC Threshold) 54M->23M(512M) 7.762ms
[2020-06-29T09:09:34.110+0530][10.878s] GC(3) User=0.00s Sys=0.00s Real=0.01s
[2020-06-29T09:09:34.110+0530][10.878s] GC(4) Concurrent Cycle
[2020-06-29T09:09:34.110+0530][10.878s] GC(4) Concurrent Clear Claimed Marks
[2020-06-29T09:09:34.110+0530][10.878s] GC(4) Concurrent Clear Claimed Marks 0.062ms
[2020-06-29T09:09:34.110+0530][10.878s] GC(4) Concurrent Scan Root Regions
[2020-06-29T09:09:34.114+0530][10.882s] GC(4) Concurrent Scan Root Regions 3.845ms
[2020-06-29T09:09:34.114+0530][10.882s] GC(4) Concurrent Mark (10.882s)
[2020-06-29T09:09:34.114+0530][10.882s] GC(4) Concurrent Mark From Roots
[2020-06-29T09:09:34.114+0530][10.882s] GC(4) Using 1 workers of 1 for marking
[2020-06-29T09:09:34.175+0530][10.943s] GC(4) Concurrent Mark From Roots 61.064ms
[2020-06-29T09:09:34.175+0530][10.943s] GC(4) Concurrent Preclean
[2020-06-29T09:09:34.176+0530][10.943s] GC(4) Concurrent Preclean 0.189ms
[2020-06-29T09:09:34.176+0530][10.943s] GC(4) Concurrent Mark (10.882s, 10.943s) 61.421ms
[2020-06-29T09:09:34.176+0530][10.944s] GC(4) Pause Remark
[2020-06-29T09:09:34.178+0530][10.946s] GC(4) Pause Remark 24M->24M(512M) 2.350ms
[2020-06-29T09:09:34.178+0530][10.946s] GC(4) User=0.00s Sys=0.00s Real=0.00s
[2020-06-29T09:09:34.178+0530][10.946s] GC(4) Concurrent Rebuild Remembered Sets
[2020-06-29T09:09:34.208+0530][10.976s] GC(4) Concurrent Rebuild Remembered Sets 29.533ms
[2020-06-29T09:09:34.208+0530][10.976s] GC(4) Pause Cleanup
[2020-06-29T09:09:34.208+0530][10.976s] GC(4) Pause Cleanup 25M->25M(512M) 0.156ms
[2020-06-29T09:09:34.208+0530][10.976s] GC(4) User=0.00s Sys=0.00s Real=0.00s
[2020-06-29T09:09:34.209+0530][10.977s] GC(4) Concurrent Cleanup for Next Mark
[2020-06-29T09:09:34.210+0530][10.978s] GC(4) Concurrent Cleanup for Next Mark 1.024ms
[2020-06-29T09:09:34.210+0530][10.978s] GC(4) Concurrent Cycle 100.172ms
[2020-06-29T09:09:42.372+0530][19.141s] GC(5) Pause Young (Concurrent Start) (Metadata GC Threshold)
[2020-06-29T09:09:42.372+0530][19.141s] GC(5) Using 4 workers of 4 for evacuation
[2020-06-29T09:09:42.393+0530][19.161s] GC(5)   Pre Evacuate Collection Set: 0.2ms
[2020-06-29T09:09:42.393+0530][19.161s] GC(5)   Merge Heap Roots: 0.1ms
[2020-06-29T09:09:42.393+0530][19.161s] GC(5)   Evacuate Collection Set: 18.6ms
[2020-06-29T09:09:42.393+0530][19.161s] GC(5)   Post Evacuate Collection Set: 1.3ms
[2020-06-29T09:09:42.393+0530][19.161s] GC(5)   Other: 0.5ms
[2020-06-29T09:09:42.393+0530][19.161s] GC(5) Eden regions: 218->0(293)
[2020-06-29T09:09:42.393+0530][19.161s] GC(5) Survivor regions: 7->14(39)
[2020-06-29T09:09:42.393+0530][19.162s] GC(5) Old regions: 13->13
[2020-06-29T09:09:42.393+0530][19.162s] GC(5) Archive regions: 0->0
[2020-06-29T09:09:42.393+0530][19.162s] GC(5) Humongous regions: 4->4
[2020-06-29T09:09:42.394+0530][19.162s] GC(5) Metaspace: 35053K(35920K)->35053K(35920K) NonClass: 31014K(31568K)->31014K(31568K) Class: 4038K(4352K)->4038K(4352K)
[2020-06-29T09:09:42.394+0530][19.162s] GC(5) Pause Young (Concurrent Start) (Metadata GC Threshold) 240M->29M(512M) 21.203ms
[2020-06-29T09:09:42.394+0530][19.162s] GC(5) User=0.11s Sys=0.02s Real=0.02s
[2020-06-29T09:09:42.394+0530][19.162s] GC(6) Concurrent Cycle
[2020-06-29T09:09:42.394+0530][19.162s] GC(6) Concurrent Clear Claimed Marks
[2020-06-29T09:09:42.394+0530][19.162s] GC(6) Concurrent Clear Claimed Marks 0.093ms
[2020-06-29T09:09:42.394+0530][19.162s] GC(6) Concurrent Scan Root Regions
[2020-06-29T09:09:42.410+0530][19.178s] GC(6) Concurrent Scan Root Regions 16.328ms
[2020-06-29T09:09:42.410+0530][19.178s] GC(6) Concurrent Mark (19.178s)
[2020-06-29T09:09:42.410+0530][19.179s] GC(6) Concurrent Mark From Roots
[2020-06-29T09:09:42.410+0530][19.179s] GC(6) Using 1 workers of 1 for marking
[2020-06-29T09:09:42.486+0530][19.254s] GC(6) Concurrent Mark From Roots 75.763ms
[2020-06-29T09:09:42.486+0530][19.254s] GC(6) Concurrent Preclean
[2020-06-29T09:09:42.487+0530][19.255s] GC(6) Concurrent Preclean 0.213ms
[2020-06-29T09:09:42.487+0530][19.255s] GC(6) Concurrent Mark (19.178s, 19.255s) 76.165ms
[2020-06-29T09:09:42.487+0530][19.255s] GC(6) Pause Remark
[2020-06-29T09:09:42.491+0530][19.259s] GC(6) Pause Remark 34M->34M(512M) 3.695ms
[2020-06-29T09:09:42.491+0530][19.259s] GC(6) User=0.00s Sys=0.00s Real=0.00s
[2020-06-29T09:09:42.491+0530][19.259s] GC(6) Concurrent Rebuild Remembered Sets
[2020-06-29T09:09:42.526+0530][19.294s] GC(6) Concurrent Rebuild Remembered Sets 34.665ms
[2020-06-29T09:09:42.529+0530][19.297s] GC(6) Pause Cleanup
[2020-06-29T09:09:42.529+0530][19.297s] GC(6) Pause Cleanup 37M->37M(512M) 0.221ms
[2020-06-29T09:09:42.529+0530][19.297s] GC(6) User=0.00s Sys=0.00s Real=0.00s
[2020-06-29T09:09:42.530+0530][19.298s] GC(6) Concurrent Cleanup for Next Mark
[2020-06-29T09:09:42.531+0530][19.299s] GC(6) Concurrent Cleanup for Next Mark 1.046ms
[2020-06-29T09:09:42.531+0530][19.299s] GC(6) Concurrent Cycle 137.034ms
[2020-06-29T09:09:43.986+0530][20.754s] GC(7) Pause Young (Concurrent Start) (G1 Evacuation Pause)
[2020-06-29T09:09:43.986+0530][20.754s] GC(7) Using 4 workers of 4 for evacuation
[2020-06-29T09:09:44.006+0530][20.774s] GC(7)   Pre Evacuate Collection Set: 0.1ms
[2020-06-29T09:09:44.006+0530][20.774s] GC(7)   Merge Heap Roots: 0.1ms
[2020-06-29T09:09:44.006+0530][20.774s] GC(7)   Evacuate Collection Set: 18.7ms
[2020-06-29T09:09:44.006+0530][20.774s] GC(7)   Post Evacuate Collection Set: 1.1ms
[2020-06-29T09:09:44.006+0530][20.775s] GC(7)   Other: 0.4ms
[2020-06-29T09:09:44.006+0530][20.775s] GC(7) Eden regions: 293->0(291)
[2020-06-29T09:09:44.006+0530][20.775s] GC(7) Survivor regions: 14->16(39)
[2020-06-29T09:09:44.006+0530][20.775s] GC(7) Old regions: 13->13
[2020-06-29T09:09:44.007+0530][20.775s] GC(7) Archive regions: 0->0
[2020-06-29T09:09:44.007+0530][20.775s] GC(7) Humongous regions: 5->4
[2020-06-29T09:09:44.007+0530][20.775s] GC(7) Metaspace: 38913K(40092K)->38913K(40092K) NonClass: 34392K(35152K)->34392K(35152K) Class: 4521K(4940K)->4521K(4940K)
[2020-06-29T09:09:44.007+0530][20.775s] GC(7) Pause Young (Concurrent Start) (G1 Evacuation Pause) 323M->32M(512M) 21.016ms
[2020-06-29T09:09:44.007+0530][20.775s] GC(7) User=0.13s Sys=0.00s Real=0.02s
[2020-06-29T09:09:44.007+0530][20.775s] GC(8) Concurrent Cycle
[2020-06-29T09:09:44.007+0530][20.775s] GC(8) Concurrent Clear Claimed Marks
[2020-06-29T09:09:44.007+0530][20.775s] GC(8) Concurrent Clear Claimed Marks 0.080ms
[2020-06-29T09:09:44.007+0530][20.775s] GC(8) Concurrent Scan Root Regions
[2020-06-29T09:09:44.024+0530][20.792s] GC(8) Concurrent Scan Root Regions 16.737ms
[2020-06-29T09:09:44.024+0530][20.792s] GC(8) Concurrent Mark (20.792s)
[2020-06-29T09:09:44.024+0530][20.792s] GC(8) Concurrent Mark From Roots
[2020-06-29T09:09:44.024+0530][20.792s] GC(8) Using 1 workers of 1 for marking
[2020-06-29T09:09:44.102+0530][20.870s] GC(8) Concurrent Mark From Roots 77.710ms
[2020-06-29T09:09:44.102+0530][20.870s] GC(8) Concurrent Preclean
[2020-06-29T09:09:44.102+0530][20.870s] GC(8) Concurrent Preclean 0.193ms
[2020-06-29T09:09:44.102+0530][20.870s] GC(8) Concurrent Mark (20.792s, 20.870s) 78.090ms
[2020-06-29T09:09:44.107+0530][20.875s] GC(8) Pause Remark
[2020-06-29T09:09:44.111+0530][20.879s] GC(8) Pause Remark 35M->35M(512M) 4.488ms
[2020-06-29T09:09:44.111+0530][20.879s] GC(8) User=0.00s Sys=0.00s Real=0.00s
[2020-06-29T09:09:44.113+0530][20.881s] GC(8) Concurrent Rebuild Remembered Sets
[2020-06-29T09:09:44.150+0530][20.918s] GC(8) Concurrent Rebuild Remembered Sets 36.915ms
[2020-06-29T09:09:44.151+0530][20.919s] GC(8) Pause Cleanup
[2020-06-29T09:09:44.151+0530][20.919s] GC(8) Pause Cleanup 37M->37M(512M) 0.202ms
[2020-06-29T09:09:44.151+0530][20.919s] GC(8) User=0.00s Sys=0.00s Real=0.00s
[2020-06-29T09:09:44.157+0530][20.925s] GC(8) Concurrent Cleanup for Next Mark
[2020-06-29T09:09:44.158+0530][20.926s] GC(8) Concurrent Cleanup for Next Mark 1.070ms
[2020-06-29T09:09:44.158+0530][20.926s] GC(8) Concurrent Cycle 150.976ms
[2020-06-29T09:09:46.338+0530][23.106s] GC(9) Pause Young (Normal) (G1 Evacuation Pause)
[2020-06-29T09:09:46.338+0530][23.106s] GC(9) Using 4 workers of 4 for evacuation
[2020-06-29T09:09:46.357+0530][23.126s] GC(9)   Pre Evacuate Collection Set: 0.1ms
[2020-06-29T09:09:46.360+0530][23.128s] GC(9)   Merge Heap Roots: 0.1ms
[2020-06-29T09:09:46.360+0530][23.128s] GC(9)   Evacuate Collection Set: 17.9ms
[2020-06-29T09:09:46.360+0530][23.129s] GC(9)   Post Evacuate Collection Set: 1.3ms
[2020-06-29T09:09:46.360+0530][23.129s] GC(9)   Other: 0.3ms
[2020-06-29T09:09:46.360+0530][23.129s] GC(9) Eden regions: 291->0(290)
[2020-06-29T09:09:46.360+0530][23.129s] GC(9) Survivor regions: 16->17(39)
[2020-06-29T09:09:46.360+0530][23.129s] GC(9) Old regions: 13->13
[2020-06-29T09:09:46.360+0530][23.129s] GC(9) Archive regions: 0->0
[2020-06-29T09:09:46.360+0530][23.129s] GC(9) Humongous regions: 4->4
[2020-06-29T09:09:46.360+0530][23.129s] GC(9) Metaspace: 40708K(41756K)->40708K(41756K) NonClass: 35973K(36688K)->35973K(36688K) Class: 4734K(5068K)->4734K(5068K)
[2020-06-29T09:09:46.360+0530][23.129s] GC(9) Pause Young (Normal) (G1 Evacuation Pause) 323M->32M(512M) 22.891ms
[2020-06-29T09:09:46.361+0530][23.129s] GC(9) User=0.06s Sys=0.00s Real=0.02s
[2020-06-29T09:11:08.831+0530][176.678s] Heap
[2020-06-29T09:11:08.831+0530][176.678s]  garbage-first heap   total 524288K, used 141537K [0x00000000e0000000, 0x0000000100000000)
[2020-06-29T09:11:08.831+0530][176.678s]   region size 1024K, 124 young (126976K), 21 survivors (21504K)
[2020-06-29T09:11:08.831+0530][176.678s]  Metaspace       used 52834K, capacity 54038K, committed 54264K, reserved 1097728K
[2020-06-29T09:11:08.831+0530][176.679s]   class space    used 6185K, capacity 6642K, committed 6648K, reserved 1048576K
[2020-06-29T09:11:27.367+0530][124.134s] Heap
[2020-06-29T09:11:27.367+0530][124.135s]  garbage-first heap   total 524288K, used 184271K [0x00000000e0000000, 0x0000000100000000)
[2020-06-29T09:11:27.367+0530][124.135s]   region size 1024K, 165 young (168960K), 17 survivors (17408K)
[2020-06-29T09:11:27.367+0530][124.135s]  Metaspace       used 43320K, capacity 44260K, committed 44444K, reserved 1089536K
[2020-06-29T09:11:27.367+0530][124.135s]   class space    used 4998K, capacity 5350K, committed 5452K, reserved 1048576K
