[2020-06-21T10:00:39.086+0530][0.038s] Heap region size: 1M
[2020-06-21T10:00:39.086+0530][0.039s] Heap address: 0x00000000e0000000, size: 512 MB, Compressed Oops mode: 32-bit
[2020-06-21T10:00:39.458+0530][0.411s] Using G1
[2020-06-21T10:00:39.498+0530][0.449s] Periodic GC disabled
[2020-06-21T10:00:41.021+0530][1.971s] GC(0) Pause Young (Normal) (G1 Evacuation Pause)
[2020-06-21T10:00:41.021+0530][1.972s] GC(0) Using 4 workers of 4 for evacuation
[2020-06-21T10:00:41.021+0530][1.980s] GC(0)   Pre Evacuate Collection Set: 0.1ms
[2020-06-21T10:00:41.021+0530][1.980s] GC(0)   Merge Heap Roots: 0.0ms
[2020-06-21T10:00:41.021+0530][1.980s] GC(0)   Evacuate Collection Set: 7.4ms
[2020-06-21T10:00:41.021+0530][1.980s] GC(0)   Post Evacuate Collection Set: 0.5ms
[2020-06-21T10:00:41.021+0530][1.984s] GC(0)   Other: 0.8ms
[2020-06-21T10:00:41.021+0530][1.984s] GC(0) Eden regions: 25->0(30)
[2020-06-21T10:00:41.021+0530][1.984s] GC(0) Survivor regions: 0->3(4)
[2020-06-21T10:00:41.021+0530][1.985s] GC(0) Old regions: 0->0
[2020-06-21T10:00:41.021+0530][1.985s] GC(0) Archive regions: 0->0
[2020-06-21T10:00:41.021+0530][1.985s] GC(0) Humongous regions: 0->0
[2020-06-21T10:00:41.021+0530][1.985s] GC(0) Metaspace: 5791K(7552K)->5791K(7552K) NonClass: 5095K(6656K)->5095K(6656K) Class: 695K(896K)->695K(896K)
[2020-06-21T10:00:41.021+0530][1.985s] GC(0) Pause Young (Normal) (G1 Evacuation Pause) 25M->2M(512M) 13.320ms
[2020-06-21T10:00:41.021+0530][1.985s] GC(0) User=0.00s Sys=0.00s Real=0.00s
[2020-06-21T10:00:42.416+0530][3.369s] GC(1) Pause Young (Normal) (G1 Evacuation Pause)
[2020-06-21T10:00:42.416+0530][3.369s] GC(1) Using 4 workers of 4 for evacuation
[2020-06-21T10:00:42.440+0530][3.393s] GC(1)   Pre Evacuate Collection Set: 0.1ms
[2020-06-21T10:00:42.440+0530][3.393s] GC(1)   Merge Heap Roots: 0.1ms
[2020-06-21T10:00:42.440+0530][3.393s] GC(1)   Evacuate Collection Set: 23.0ms
[2020-06-21T10:00:42.440+0530][3.393s] GC(1)   Post Evacuate Collection Set: 0.8ms
[2020-06-21T10:00:42.444+0530][3.394s] GC(1)   Other: 0.2ms
[2020-06-21T10:00:42.444+0530][3.394s] GC(1) Eden regions: 30->0(50)
[2020-06-21T10:00:42.444+0530][3.394s] GC(1) Survivor regions: 3->5(5)
[2020-06-21T10:00:42.444+0530][3.394s] GC(1) Old regions: 0->7
[2020-06-21T10:00:42.444+0530][3.394s] GC(1) Archive regions: 0->0
[2020-06-21T10:00:42.444+0530][3.394s] GC(1) Humongous regions: 4->4
[2020-06-21T10:00:42.444+0530][3.394s] GC(1) Metaspace: 13795K(14336K)->13795K(14336K) NonClass: 12173K(12544K)->12173K(12544K) Class: 1622K(1792K)->1622K(1792K)
[2020-06-21T10:00:42.444+0530][3.394s] GC(1) Pause Young (Normal) (G1 Evacuation Pause) 36M->15M(512M) 24.652ms
[2020-06-21T10:00:42.444+0530][3.394s] GC(1) User=0.09s Sys=0.00s Real=0.03s
[2020-06-21T10:00:44.095+0530][5.047s] GC(2) Pause Young (Normal) (G1 Evacuation Pause)
[2020-06-21T10:00:44.095+0530][5.047s] GC(2) Using 4 workers of 4 for evacuation
[2020-06-21T10:00:44.111+0530][5.061s] GC(2)   Pre Evacuate Collection Set: 0.1ms
[2020-06-21T10:00:44.111+0530][5.061s] GC(2)   Merge Heap Roots: 0.1ms
[2020-06-21T10:00:44.111+0530][5.061s] GC(2)   Evacuate Collection Set: 12.9ms
[2020-06-21T10:00:44.111+0530][5.061s] GC(2)   Post Evacuate Collection Set: 1.2ms
[2020-06-21T10:00:44.111+0530][5.061s] GC(2)   Other: 0.3ms
[2020-06-21T10:00:44.111+0530][5.061s] GC(2) Eden regions: 50->0(121)
[2020-06-21T10:00:44.111+0530][5.062s] GC(2) Survivor regions: 5->7(7)
[2020-06-21T10:00:44.111+0530][5.062s] GC(2) Old regions: 7->12
[2020-06-21T10:00:44.111+0530][5.062s] GC(2) Archive regions: 0->0
[2020-06-21T10:00:44.111+0530][5.062s] GC(2) Humongous regions: 4->4
[2020-06-21T10:00:44.111+0530][5.062s] GC(2) Metaspace: 18563K(19328K)->18563K(19328K) NonClass: 16386K(16896K)->16386K(16896K) Class: 2177K(2432K)->2177K(2432K)
[2020-06-21T10:00:44.111+0530][5.062s] GC(2) Pause Young (Normal) (G1 Evacuation Pause) 65M->22M(512M) 14.960ms
[2020-06-21T10:00:44.111+0530][5.062s] GC(2) User=0.06s Sys=0.00s Real=0.02s
[2020-06-21T10:00:45.221+0530][6.184s] GC(3) Pause Young (Concurrent Start) (Metadata GC Threshold)
[2020-06-21T10:00:45.221+0530][6.185s] GC(3) Using 4 workers of 4 for evacuation
[2020-06-21T10:00:45.237+0530][6.191s] GC(3)   Pre Evacuate Collection Set: 0.1ms
[2020-06-21T10:00:45.237+0530][6.192s] GC(3)   Merge Heap Roots: 0.1ms
[2020-06-21T10:00:45.237+0530][6.192s] GC(3)   Evacuate Collection Set: 6.0ms
[2020-06-21T10:00:45.237+0530][6.192s] GC(3)   Post Evacuate Collection Set: 0.5ms
[2020-06-21T10:00:45.237+0530][6.192s] GC(3)   Other: 0.5ms
[2020-06-21T10:00:45.237+0530][6.192s] GC(3) Eden regions: 40->0(299)
[2020-06-21T10:00:45.237+0530][6.192s] GC(3) Survivor regions: 7->8(16)
[2020-06-21T10:00:45.237+0530][6.192s] GC(3) Old regions: 12->12
[2020-06-21T10:00:45.237+0530][6.192s] GC(3) Archive regions: 0->0
[2020-06-21T10:00:45.237+0530][6.192s] GC(3) Humongous regions: 4->4
[2020-06-21T10:00:45.237+0530][6.192s] GC(3) Metaspace: 20681K(21248K)->20681K(21248K) NonClass: 18330K(18688K)->18330K(18688K) Class: 2350K(2560K)->2350K(2560K)
[2020-06-21T10:00:45.237+0530][6.192s] GC(3) Pause Young (Concurrent Start) (Metadata GC Threshold) 62M->23M(512M) 7.604ms
[2020-06-21T10:00:45.237+0530][6.192s] GC(3) User=0.06s Sys=0.00s Real=0.02s
[2020-06-21T10:00:45.237+0530][6.192s] GC(4) Concurrent Cycle
[2020-06-21T10:00:45.237+0530][6.192s] GC(4) Concurrent Clear Claimed Marks
[2020-06-21T10:00:45.237+0530][6.192s] GC(4) Concurrent Clear Claimed Marks 0.061ms
[2020-06-21T10:00:45.237+0530][6.192s] GC(4) Concurrent Scan Root Regions
[2020-06-21T10:00:45.237+0530][6.196s] GC(4) Concurrent Scan Root Regions 3.823ms
[2020-06-21T10:00:45.237+0530][6.196s] GC(4) Concurrent Mark (6.196s)
[2020-06-21T10:00:45.237+0530][6.196s] GC(4) Concurrent Mark From Roots
[2020-06-21T10:00:45.237+0530][6.196s] GC(4) Using 1 workers of 1 for marking
[2020-06-21T10:00:45.315+0530][6.270s] GC(4) Concurrent Mark From Roots 73.977ms
[2020-06-21T10:00:45.315+0530][6.270s] GC(4) Concurrent Preclean
[2020-06-21T10:00:45.315+0530][6.270s] GC(4) Concurrent Preclean 0.194ms
[2020-06-21T10:00:45.315+0530][6.271s] GC(4) Concurrent Mark (6.196s, 6.271s) 74.336ms
[2020-06-21T10:00:45.315+0530][6.271s] GC(4) Pause Remark
[2020-06-21T10:00:45.315+0530][6.275s] GC(4) Pause Remark 26M->26M(512M) 3.930ms
[2020-06-21T10:00:45.315+0530][6.275s] GC(4) User=0.00s Sys=0.00s Real=0.00s
[2020-06-21T10:00:45.315+0530][6.275s] GC(4) Concurrent Rebuild Remembered Sets
[2020-06-21T10:00:45.346+0530][6.308s] GC(4) Concurrent Rebuild Remembered Sets 33.677ms
[2020-06-21T10:00:45.346+0530][6.309s] GC(4) Pause Cleanup
[2020-06-21T10:00:45.346+0530][6.309s] GC(4) Pause Cleanup 28M->28M(512M) 0.186ms
[2020-06-21T10:00:45.346+0530][6.309s] GC(4) User=0.00s Sys=0.00s Real=0.00s
[2020-06-21T10:00:45.346+0530][6.309s] GC(4) Concurrent Cleanup for Next Mark
[2020-06-21T10:00:45.346+0530][6.310s] GC(4) Concurrent Cleanup for Next Mark 1.012ms
[2020-06-21T10:00:45.346+0530][6.310s] GC(4) Concurrent Cycle 118.366ms
[2020-06-21T10:01:37.865+0530][58.815s] GC(5) Pause Young (Concurrent Start) (Metadata GC Threshold)
[2020-06-21T10:01:37.865+0530][58.815s] GC(5) Using 4 workers of 4 for evacuation
[2020-06-21T10:01:37.883+0530][58.833s] GC(5)   Pre Evacuate Collection Set: 0.3ms
[2020-06-21T10:01:37.883+0530][58.833s] GC(5)   Merge Heap Roots: 0.1ms
[2020-06-21T10:01:37.883+0530][58.833s] GC(5)   Evacuate Collection Set: 16.6ms
[2020-06-21T10:01:37.883+0530][58.833s] GC(5)   Post Evacuate Collection Set: 1.1ms
[2020-06-21T10:01:37.884+0530][58.833s] GC(5)   Other: 0.4ms
[2020-06-21T10:01:37.884+0530][58.833s] GC(5) Eden regions: 181->0(294)
[2020-06-21T10:01:37.884+0530][58.833s] GC(5) Survivor regions: 8->13(39)
[2020-06-21T10:01:37.884+0530][58.833s] GC(5) Old regions: 12->12
[2020-06-21T10:01:37.884+0530][58.833s] GC(5) Archive regions: 0->0
[2020-06-21T10:01:37.884+0530][58.833s] GC(5) Humongous regions: 4->4
[2020-06-21T10:01:37.884+0530][58.833s] GC(5) Metaspace: 35892K(36864K)->35892K(36864K) NonClass: 31842K(32512K)->31842K(32512K) Class: 4049K(4352K)->4049K(4352K)
[2020-06-21T10:01:37.884+0530][58.834s] GC(5) Pause Young (Concurrent Start) (Metadata GC Threshold) 203M->28M(512M) 19.057ms
[2020-06-21T10:01:37.884+0530][58.834s] GC(5) User=0.06s Sys=0.00s Real=0.02s
[2020-06-21T10:01:37.884+0530][58.834s] GC(6) Concurrent Cycle
[2020-06-21T10:01:37.884+0530][58.834s] GC(6) Concurrent Clear Claimed Marks
[2020-06-21T10:01:37.884+0530][58.834s] GC(6) Concurrent Clear Claimed Marks 0.080ms
[2020-06-21T10:01:37.884+0530][58.834s] GC(6) Concurrent Scan Root Regions
[2020-06-21T10:01:37.898+0530][58.848s] GC(6) Concurrent Scan Root Regions 13.708ms
[2020-06-21T10:01:37.898+0530][58.848s] GC(6) Concurrent Mark (58.848s)
[2020-06-21T10:01:37.898+0530][58.848s] GC(6) Concurrent Mark From Roots
[2020-06-21T10:01:37.898+0530][58.848s] GC(6) Using 1 workers of 1 for marking
[2020-06-21T10:01:37.972+0530][58.922s] GC(6) Concurrent Mark From Roots 74.111ms
[2020-06-21T10:01:37.972+0530][58.922s] GC(6) Concurrent Preclean
[2020-06-21T10:01:37.973+0530][58.922s] GC(6) Concurrent Preclean 0.203ms
[2020-06-21T10:01:37.973+0530][58.922s] GC(6) Concurrent Mark (58.848s, 58.922s) 74.495ms
[2020-06-21T10:01:37.982+0530][58.931s] GC(6) Pause Remark
[2020-06-21T10:01:37.985+0530][58.935s] GC(6) Pause Remark 34M->34M(512M) 3.644ms
[2020-06-21T10:01:37.985+0530][58.935s] GC(6) User=0.00s Sys=0.00s Real=0.00s
[2020-06-21T10:01:37.986+0530][58.935s] GC(6) Concurrent Rebuild Remembered Sets
[2020-06-21T10:01:38.020+0530][58.970s] GC(6) Concurrent Rebuild Remembered Sets 34.711ms
[2020-06-21T10:01:38.021+0530][58.970s] GC(6) Pause Cleanup
[2020-06-21T10:01:38.021+0530][58.971s] GC(6) Pause Cleanup 37M->37M(512M) 0.171ms
[2020-06-21T10:01:38.021+0530][58.971s] GC(6) User=0.00s Sys=0.00s Real=0.00s
[2020-06-21T10:01:38.022+0530][58.971s] GC(6) Concurrent Cleanup for Next Mark
[2020-06-21T10:01:38.023+0530][58.972s] GC(6) Concurrent Cleanup for Next Mark 0.978ms
[2020-06-21T10:01:38.023+0530][58.972s] GC(6) Concurrent Cycle 138.397ms
[2020-06-21T10:01:39.189+0530][60.139s] GC(7) Pause Young (Normal) (G1 Evacuation Pause)
[2020-06-21T10:01:39.189+0530][60.139s] GC(7) Using 4 workers of 4 for evacuation
[2020-06-21T10:01:39.209+0530][60.159s] GC(7)   Pre Evacuate Collection Set: 0.2ms
[2020-06-21T10:01:39.210+0530][60.159s] GC(7)   Merge Heap Roots: 0.1ms
[2020-06-21T10:01:39.210+0530][60.160s] GC(7)   Evacuate Collection Set: 18.7ms
[2020-06-21T10:01:39.210+0530][60.160s] GC(7)   Post Evacuate Collection Set: 1.1ms
[2020-06-21T10:01:39.210+0530][60.160s] GC(7)   Other: 0.4ms
[2020-06-21T10:01:39.210+0530][60.160s] GC(7) Eden regions: 294->0(290)
[2020-06-21T10:01:39.210+0530][60.160s] GC(7) Survivor regions: 13->17(39)
[2020-06-21T10:01:39.210+0530][60.160s] GC(7) Old regions: 12->12
[2020-06-21T10:01:39.210+0530][60.160s] GC(7) Archive regions: 0->0
[2020-06-21T10:01:39.210+0530][60.160s] GC(7) Humongous regions: 5->4
[2020-06-21T10:01:39.210+0530][60.160s] GC(7) Metaspace: 39161K(40184K)->39161K(40184K) NonClass: 34668K(35320K)->34668K(35320K) Class: 4493K(4864K)->4493K(4864K)
[2020-06-21T10:01:39.210+0530][60.160s] GC(7) Pause Young (Normal) (G1 Evacuation Pause) 323M->32M(512M) 20.750ms
[2020-06-21T10:01:39.210+0530][60.160s] GC(7) User=0.13s Sys=0.00s Real=0.02s
[2020-06-21T10:01:40.650+0530][61.600s] GC(8) Pause Young (Normal) (G1 Evacuation Pause)
[2020-06-21T10:01:40.650+0530][61.600s] GC(8) Using 4 workers of 4 for evacuation
[2020-06-21T10:01:40.670+0530][61.620s] GC(8)   Pre Evacuate Collection Set: 0.1ms
[2020-06-21T10:01:40.670+0530][61.620s] GC(8)   Merge Heap Roots: 0.1ms
[2020-06-21T10:01:40.670+0530][61.620s] GC(8)   Evacuate Collection Set: 18.6ms
[2020-06-21T10:01:40.670+0530][61.620s] GC(8)   Post Evacuate Collection Set: 1.5ms
[2020-06-21T10:01:40.670+0530][61.621s] GC(8)   Other: 0.3ms
[2020-06-21T10:01:40.670+0530][61.621s] GC(8) Eden regions: 290->0(290)
[2020-06-21T10:01:40.670+0530][61.621s] GC(8) Survivor regions: 17->17(39)
[2020-06-21T10:01:40.671+0530][61.621s] GC(8) Old regions: 12->12
[2020-06-21T10:01:40.671+0530][61.621s] GC(8) Archive regions: 0->0
[2020-06-21T10:01:40.671+0530][61.621s] GC(8) Humongous regions: 4->4
[2020-06-21T10:01:40.671+0530][61.621s] GC(8) Metaspace: 41655K(42744K)->41655K(42744K) NonClass: 36933K(37624K)->36933K(37624K) Class: 4722K(5120K)->4722K(5120K)
[2020-06-21T10:01:40.671+0530][61.621s] GC(8) Pause Young (Normal) (G1 Evacuation Pause) 322M->32M(512M) 21.046ms
[2020-06-21T10:01:40.671+0530][61.621s] GC(8) User=0.06s Sys=0.00s Real=0.02s
[2020-06-21T10:01:59.482+0530][80.431s] GC(9) Pause Young (Normal) (G1 Evacuation Pause)
[2020-06-21T10:01:59.482+0530][80.431s] GC(9) Using 4 workers of 4 for evacuation
[2020-06-21T10:01:59.509+0530][80.459s] GC(9)   Pre Evacuate Collection Set: 0.1ms
[2020-06-21T10:01:59.509+0530][80.459s] GC(9)   Merge Heap Roots: 0.1ms
[2020-06-21T10:01:59.509+0530][80.459s] GC(9)   Evacuate Collection Set: 25.4ms
[2020-06-21T10:01:59.509+0530][80.459s] GC(9)   Post Evacuate Collection Set: 1.4ms
[2020-06-21T10:01:59.509+0530][80.459s] GC(9)   Other: 0.4ms
[2020-06-21T10:01:59.509+0530][80.459s] GC(9) Eden regions: 290->0(287)
[2020-06-21T10:01:59.509+0530][80.459s] GC(9) Survivor regions: 17->20(39)
[2020-06-21T10:01:59.509+0530][80.459s] GC(9) Old regions: 12->12
[2020-06-21T10:01:59.509+0530][80.459s] GC(9) Archive regions: 0->0
[2020-06-21T10:01:59.510+0530][80.459s] GC(9) Humongous regions: 4->4
[2020-06-21T10:01:59.510+0530][80.459s] GC(9) Metaspace: 46202K(47224K)->46202K(47224K) NonClass: 40882K(41464K)->40882K(41464K) Class: 5320K(5760K)->5320K(5760K)
[2020-06-21T10:01:59.510+0530][80.459s] GC(9) Pause Young (Normal) (G1 Evacuation Pause) 322M->35M(512M) 27.883ms
[2020-06-21T10:01:59.510+0530][80.459s] GC(9) User=0.13s Sys=0.00s Real=0.03s
[2020-06-21T12:09:56.930+0530][7757.880s] GC(10) Pause Young (Normal) (G1 Evacuation Pause)
[2020-06-21T12:09:56.930+0530][7757.880s] GC(10) Using 4 workers of 4 for evacuation
[2020-06-21T12:09:57.078+0530][7758.028s] GC(10)   Pre Evacuate Collection Set: 0.5ms
[2020-06-21T12:09:57.078+0530][7758.028s] GC(10)   Merge Heap Roots: 0.3ms
[2020-06-21T12:09:57.078+0530][7758.028s] GC(10)   Evacuate Collection Set: 141.7ms
[2020-06-21T12:09:57.078+0530][7758.028s] GC(10)   Post Evacuate Collection Set: 4.2ms
[2020-06-21T12:09:57.078+0530][7758.028s] GC(10)   Other: 1.8ms
[2020-06-21T12:09:57.078+0530][7758.028s] GC(10) Eden regions: 287->0(280)
[2020-06-21T12:09:57.078+0530][7758.028s] GC(10) Survivor regions: 20->27(39)
[2020-06-21T12:09:57.078+0530][7758.028s] GC(10) Old regions: 12->12
[2020-06-21T12:09:57.078+0530][7758.028s] GC(10) Archive regions: 0->0
[2020-06-21T12:09:57.078+0530][7758.028s] GC(10) Humongous regions: 4->4
[2020-06-21T12:09:57.078+0530][7758.028s] GC(10) Metaspace: 55287K(56696K)->55287K(56696K) NonClass: 48982K(49912K)->48982K(49912K) Class: 6305K(6784K)->6305K(6784K)
[2020-06-21T12:09:57.078+0530][7758.028s] GC(10) Pause Young (Normal) (G1 Evacuation Pause) 322M->42M(512M) 148.644ms
[2020-06-21T12:09:57.078+0530][7758.028s] GC(10) User=0.23s Sys=0.33s Real=0.15s
[2020-06-21T16:44:09.207+0530][24210.175s] GC(11) Pause Young (Normal) (G1 Evacuation Pause)
[2020-06-21T16:44:09.207+0530][24210.175s] GC(11) Using 4 workers of 4 for evacuation
[2020-06-21T16:44:09.320+0530][24210.288s] GC(11)   Pre Evacuate Collection Set: 1.3ms
[2020-06-21T16:44:09.320+0530][24210.288s] GC(11)   Merge Heap Roots: 1.2ms
[2020-06-21T16:44:09.320+0530][24210.288s] GC(11)   Evacuate Collection Set: 105.9ms
[2020-06-21T16:44:09.320+0530][24210.288s] GC(11)   Post Evacuate Collection Set: 3.8ms
[2020-06-21T16:44:09.321+0530][24210.288s] GC(11)   Other: 1.1ms
[2020-06-21T16:44:09.321+0530][24210.288s] GC(11) Eden regions: 280->0(289)
[2020-06-21T16:44:09.321+0530][24210.288s] GC(11) Survivor regions: 27->18(39)
[2020-06-21T16:44:09.321+0530][24210.288s] GC(11) Old regions: 12->19
[2020-06-21T16:44:09.321+0530][24210.288s] GC(11) Archive regions: 0->0
[2020-06-21T16:44:09.321+0530][24210.288s] GC(11) Humongous regions: 4->4
[2020-06-21T16:44:09.321+0530][24210.288s] GC(11) Metaspace: 56048K(57592K)->56048K(57592K) NonClass: 49730K(50680K)->49730K(50680K) Class: 6318K(6912K)->6318K(6912K)
[2020-06-21T16:44:09.321+0530][24210.289s] GC(11) Pause Young (Normal) (G1 Evacuation Pause) 322M->40M(512M) 113.735ms
[2020-06-21T16:44:09.321+0530][24210.289s] GC(11) User=0.20s Sys=0.23s Real=0.11s
