[2020-06-29T14:26:25.089+0530][0.065s] Heap region size: 1M
[2020-06-29T14:26:25.089+0530][0.066s] Heap address: 0x00000000e0000000, size: 512 MB, Compressed Oops mode: 32-bit
[2020-06-29T14:26:25.324+0530][0.300s] Using G1
[2020-06-29T14:26:25.349+0530][0.326s] Periodic GC disabled
[2020-06-29T14:26:29.609+0530][4.586s] GC(0) Pause Young (Normal) (G1 Evacuation Pause)
[2020-06-29T14:26:29.609+0530][4.586s] GC(0) Using 4 workers of 4 for evacuation
[2020-06-29T14:26:29.619+0530][4.596s] GC(0)   Pre Evacuate Collection Set: 0.2ms
[2020-06-29T14:26:29.619+0530][4.596s] GC(0)   Merge Heap Roots: 0.0ms
[2020-06-29T14:26:29.619+0530][4.596s] GC(0)   Evacuate Collection Set: 8.9ms
[2020-06-29T14:26:29.619+0530][4.596s] GC(0)   Post Evacuate Collection Set: 0.5ms
[2020-06-29T14:26:29.622+0530][4.598s] GC(0)   Other: 0.7ms
[2020-06-29T14:26:29.622+0530][4.598s] GC(0) Eden regions: 25->0(30)
[2020-06-29T14:26:29.622+0530][4.598s] GC(0) Survivor regions: 0->3(4)
[2020-06-29T14:26:29.622+0530][4.598s] GC(0) Old regions: 0->0
[2020-06-29T14:26:29.622+0530][4.598s] GC(0) Archive regions: 0->0
[2020-06-29T14:26:29.622+0530][4.598s] GC(0) Humongous regions: 0->0
[2020-06-29T14:26:29.622+0530][4.598s] GC(0) Metaspace: 5575K(7552K)->5575K(7552K) NonClass: 4907K(6656K)->4907K(6656K) Class: 667K(896K)->667K(896K)
[2020-06-29T14:26:29.622+0530][4.598s] GC(0) Pause Young (Normal) (G1 Evacuation Pause) 25M->2M(512M) 12.835ms
[2020-06-29T14:26:29.622+0530][4.598s] GC(0) User=0.05s Sys=0.00s Real=0.01s
[2020-06-29T14:26:30.941+0530][5.918s] GC(1) Pause Young (Normal) (G1 Evacuation Pause)
[2020-06-29T14:26:30.941+0530][5.918s] GC(1) Using 4 workers of 4 for evacuation
[2020-06-29T14:26:30.966+0530][5.943s] GC(1)   Pre Evacuate Collection Set: 0.1ms
[2020-06-29T14:26:30.966+0530][5.943s] GC(1)   Merge Heap Roots: 0.1ms
[2020-06-29T14:26:30.966+0530][5.943s] GC(1)   Evacuate Collection Set: 24.0ms
[2020-06-29T14:26:30.966+0530][5.943s] GC(1)   Post Evacuate Collection Set: 0.6ms
[2020-06-29T14:26:30.966+0530][5.943s] GC(1)   Other: 0.3ms
[2020-06-29T14:26:30.966+0530][5.943s] GC(1) Eden regions: 30->0(56)
[2020-06-29T14:26:30.966+0530][5.943s] GC(1) Survivor regions: 3->5(5)
[2020-06-29T14:26:30.966+0530][5.943s] GC(1) Old regions: 0->7
[2020-06-29T14:26:30.966+0530][5.943s] GC(1) Archive regions: 0->0
[2020-06-29T14:26:30.966+0530][5.943s] GC(1) Humongous regions: 4->4
[2020-06-29T14:26:30.967+0530][5.943s] GC(1) Metaspace: 13770K(14336K)->13770K(14336K) NonClass: 12144K(12544K)->12144K(12544K) Class: 1626K(1792K)->1626K(1792K)
[2020-06-29T14:26:30.967+0530][5.943s] GC(1) Pause Young (Normal) (G1 Evacuation Pause) 36M->15M(512M) 25.269ms
[2020-06-29T14:26:30.967+0530][5.943s] GC(1) User=0.06s Sys=0.00s Real=0.03s
[2020-06-29T14:26:34.151+0530][9.128s] GC(2) Pause Young (Normal) (G1 Evacuation Pause)
[2020-06-29T14:26:34.151+0530][9.128s] GC(2) Using 4 workers of 4 for evacuation
[2020-06-29T14:26:34.166+0530][9.142s] GC(2)   Pre Evacuate Collection Set: 0.1ms
[2020-06-29T14:26:34.166+0530][9.142s] GC(2)   Merge Heap Roots: 0.1ms
[2020-06-29T14:26:34.166+0530][9.143s] GC(2)   Evacuate Collection Set: 12.9ms
[2020-06-29T14:26:34.166+0530][9.143s] GC(2)   Post Evacuate Collection Set: 1.5ms
[2020-06-29T14:26:34.166+0530][9.143s] GC(2)   Other: 0.2ms
[2020-06-29T14:26:34.166+0530][9.143s] GC(2) Eden regions: 55->0(113)
[2020-06-29T14:26:34.166+0530][9.143s] GC(2) Survivor regions: 5->8(8)
[2020-06-29T14:26:34.166+0530][9.143s] GC(2) Old regions: 7->12
[2020-06-29T14:26:34.166+0530][9.143s] GC(2) Archive regions: 0->0
[2020-06-29T14:26:34.166+0530][9.143s] GC(2) Humongous regions: 4->4
[2020-06-29T14:26:34.166+0530][9.143s] GC(2) Metaspace: 18817K(19584K)->18817K(19584K) NonClass: 16618K(17152K)->16618K(17152K) Class: 2198K(2432K)->2198K(2432K)
[2020-06-29T14:26:34.166+0530][9.143s] GC(2) Pause Young (Normal) (G1 Evacuation Pause) 70M->23M(512M) 14.931ms
[2020-06-29T14:26:34.166+0530][9.143s] GC(2) User=0.06s Sys=0.00s Real=0.01s
[2020-06-29T14:26:35.543+0530][10.520s] GC(3) Pause Young (Concurrent Start) (Metadata GC Threshold)
[2020-06-29T14:26:35.543+0530][10.520s] GC(3) Using 4 workers of 4 for evacuation
[2020-06-29T14:26:35.550+0530][10.527s] GC(3)   Pre Evacuate Collection Set: 0.1ms
[2020-06-29T14:26:35.551+0530][10.527s] GC(3)   Merge Heap Roots: 0.1ms
[2020-06-29T14:26:35.551+0530][10.527s] GC(3)   Evacuate Collection Set: 6.3ms
[2020-06-29T14:26:35.551+0530][10.527s] GC(3)   Post Evacuate Collection Set: 0.6ms
[2020-06-29T14:26:35.551+0530][10.527s] GC(3)   Other: 0.3ms
[2020-06-29T14:26:35.551+0530][10.527s] GC(3) Eden regions: 24->0(284)
[2020-06-29T14:26:35.551+0530][10.527s] GC(3) Survivor regions: 8->7(16)
[2020-06-29T14:26:35.551+0530][10.527s] GC(3) Old regions: 12->12
[2020-06-29T14:26:35.551+0530][10.527s] GC(3) Archive regions: 0->0
[2020-06-29T14:26:35.551+0530][10.527s] GC(3) Humongous regions: 4->4
[2020-06-29T14:26:35.551+0530][10.527s] GC(3) Metaspace: 20684K(21248K)->20684K(21248K) NonClass: 18332K(18688K)->18332K(18688K) Class: 2351K(2560K)->2351K(2560K)
[2020-06-29T14:26:35.551+0530][10.527s] GC(3) Pause Young (Concurrent Start) (Metadata GC Threshold) 47M->22M(512M) 7.740ms
[2020-06-29T14:26:35.551+0530][10.528s] GC(3) User=0.06s Sys=0.00s Real=0.01s
[2020-06-29T14:26:35.551+0530][10.528s] GC(4) Concurrent Cycle
[2020-06-29T14:26:35.551+0530][10.528s] GC(4) Concurrent Clear Claimed Marks
[2020-06-29T14:26:35.551+0530][10.528s] GC(4) Concurrent Clear Claimed Marks 0.047ms
[2020-06-29T14:26:35.551+0530][10.528s] GC(4) Concurrent Scan Root Regions
[2020-06-29T14:26:35.554+0530][10.531s] GC(4) Concurrent Scan Root Regions 3.394ms
[2020-06-29T14:26:35.555+0530][10.531s] GC(4) Concurrent Mark (10.531s)
[2020-06-29T14:26:35.555+0530][10.531s] GC(4) Concurrent Mark From Roots
[2020-06-29T14:26:35.555+0530][10.531s] GC(4) Using 1 workers of 1 for marking
[2020-06-29T14:26:35.613+0530][10.589s] GC(4) Concurrent Mark From Roots 57.983ms
[2020-06-29T14:26:35.613+0530][10.589s] GC(4) Concurrent Preclean
[2020-06-29T14:26:35.613+0530][10.589s] GC(4) Concurrent Preclean 0.138ms
[2020-06-29T14:26:35.613+0530][10.589s] GC(4) Concurrent Mark (10.531s, 10.589s) 58.265ms
[2020-06-29T14:26:35.613+0530][10.590s] GC(4) Pause Remark
[2020-06-29T14:26:35.616+0530][10.592s] GC(4) Pause Remark 26M->26M(512M) 2.483ms
[2020-06-29T14:26:35.616+0530][10.592s] GC(4) User=0.00s Sys=0.00s Real=0.00s
[2020-06-29T14:26:35.616+0530][10.592s] GC(4) Concurrent Rebuild Remembered Sets
[2020-06-29T14:26:35.637+0530][10.614s] GC(4) Concurrent Rebuild Remembered Sets 21.609ms
[2020-06-29T14:26:35.638+0530][10.614s] GC(4) Pause Cleanup
[2020-06-29T14:26:35.638+0530][10.614s] GC(4) Pause Cleanup 28M->28M(512M) 0.150ms
[2020-06-29T14:26:35.638+0530][10.614s] GC(4) User=0.00s Sys=0.00s Real=0.00s
[2020-06-29T14:26:35.638+0530][10.615s] GC(4) Concurrent Cleanup for Next Mark
[2020-06-29T14:26:35.639+0530][10.616s] GC(4) Concurrent Cleanup for Next Mark 1.186ms
[2020-06-29T14:26:35.639+0530][10.616s] GC(4) Concurrent Cycle 88.218ms
[2020-06-29T14:27:08.308+0530][43.285s] GC(5) Pause Young (Concurrent Start) (Metadata GC Threshold)
[2020-06-29T14:27:08.308+0530][43.285s] GC(5) Using 4 workers of 4 for evacuation
[2020-06-29T14:27:08.326+0530][43.303s] GC(5)   Pre Evacuate Collection Set: 0.1ms
[2020-06-29T14:27:08.326+0530][43.303s] GC(5)   Merge Heap Roots: 0.1ms
[2020-06-29T14:27:08.326+0530][43.303s] GC(5)   Evacuate Collection Set: 16.0ms
[2020-06-29T14:27:08.326+0530][43.303s] GC(5)   Post Evacuate Collection Set: 1.1ms
[2020-06-29T14:27:08.326+0530][43.303s] GC(5)   Other: 0.4ms
[2020-06-29T14:27:08.326+0530][43.303s] GC(5) Eden regions: 156->0(294)
[2020-06-29T14:27:08.326+0530][43.303s] GC(5) Survivor regions: 7->13(39)
[2020-06-29T14:27:08.326+0530][43.303s] GC(5) Old regions: 12->12
[2020-06-29T14:27:08.326+0530][43.303s] GC(5) Archive regions: 0->0
[2020-06-29T14:27:08.326+0530][43.303s] GC(5) Humongous regions: 4->4
[2020-06-29T14:27:08.326+0530][43.303s] GC(5) Metaspace: 35663K(36480K)->35663K(36480K) NonClass: 31626K(32128K)->31626K(32128K) Class: 4036K(4352K)->4036K(4352K)
[2020-06-29T14:27:08.327+0530][43.304s] GC(5) Pause Young (Concurrent Start) (Metadata GC Threshold) 178M->28M(512M) 18.305ms
[2020-06-29T14:27:08.327+0530][43.304s] GC(5) User=0.06s Sys=0.00s Real=0.02s
[2020-06-29T14:27:08.327+0530][43.304s] GC(6) Concurrent Cycle
[2020-06-29T14:27:08.327+0530][43.304s] GC(6) Concurrent Clear Claimed Marks
[2020-06-29T14:27:08.327+0530][43.304s] GC(6) Concurrent Clear Claimed Marks 0.071ms
[2020-06-29T14:27:08.327+0530][43.304s] GC(6) Concurrent Scan Root Regions
[2020-06-29T14:27:08.341+0530][43.318s] GC(6) Concurrent Scan Root Regions 14.571ms
[2020-06-29T14:27:08.342+0530][43.319s] GC(6) Concurrent Mark (43.319s)
[2020-06-29T14:27:08.342+0530][43.319s] GC(6) Concurrent Mark From Roots
[2020-06-29T14:27:08.342+0530][43.319s] GC(6) Using 1 workers of 1 for marking
[2020-06-29T14:27:08.415+0530][43.392s] GC(6) Concurrent Mark From Roots 73.133ms
[2020-06-29T14:27:08.415+0530][43.392s] GC(6) Concurrent Preclean
[2020-06-29T14:27:08.415+0530][43.392s] GC(6) Concurrent Preclean 0.144ms
[2020-06-29T14:27:08.415+0530][43.392s] GC(6) Concurrent Mark (43.319s, 43.392s) 73.455ms
[2020-06-29T14:27:08.416+0530][43.393s] GC(6) Pause Remark
[2020-06-29T14:27:08.420+0530][43.397s] GC(6) Pause Remark 40M->40M(512M) 4.592ms
[2020-06-29T14:27:08.420+0530][43.397s] GC(6) User=0.00s Sys=0.00s Real=0.00s
[2020-06-29T14:27:08.421+0530][43.398s] GC(6) Concurrent Rebuild Remembered Sets
[2020-06-29T14:27:08.455+0530][43.432s] GC(6) Concurrent Rebuild Remembered Sets 34.059ms
[2020-06-29T14:27:08.456+0530][43.433s] GC(6) Pause Cleanup
[2020-06-29T14:27:08.456+0530][43.433s] GC(6) Pause Cleanup 43M->43M(512M) 0.184ms
[2020-06-29T14:27:08.456+0530][43.433s] GC(6) User=0.00s Sys=0.00s Real=0.00s
[2020-06-29T14:27:08.457+0530][43.434s] GC(6) Concurrent Cleanup for Next Mark
[2020-06-29T14:27:08.460+0530][43.437s] GC(6) Concurrent Cleanup for Next Mark 2.284ms
[2020-06-29T14:27:08.460+0530][43.437s] GC(6) Concurrent Cycle 133.102ms
[2020-06-29T14:27:09.922+0530][44.899s] GC(7) Pause Young (Normal) (G1 Evacuation Pause)
[2020-06-29T14:27:09.922+0530][44.899s] GC(7) Using 4 workers of 4 for evacuation
[2020-06-29T14:27:09.942+0530][44.918s] GC(7)   Pre Evacuate Collection Set: 0.1ms
[2020-06-29T14:27:09.942+0530][44.918s] GC(7)   Merge Heap Roots: 0.1ms
[2020-06-29T14:27:09.942+0530][44.918s] GC(7)   Evacuate Collection Set: 17.8ms
[2020-06-29T14:27:09.942+0530][44.918s] GC(7)   Post Evacuate Collection Set: 1.1ms
[2020-06-29T14:27:09.942+0530][44.919s] GC(7)   Other: 0.4ms
[2020-06-29T14:27:09.942+0530][44.919s] GC(7) Eden regions: 294->0(290)
[2020-06-29T14:27:09.942+0530][44.919s] GC(7) Survivor regions: 13->17(39)
[2020-06-29T14:27:09.942+0530][44.919s] GC(7) Old regions: 12->12
[2020-06-29T14:27:09.942+0530][44.919s] GC(7) Archive regions: 0->0
[2020-06-29T14:27:09.942+0530][44.919s] GC(7) Humongous regions: 5->4
[2020-06-29T14:27:09.942+0530][44.919s] GC(7) Metaspace: 39446K(40448K)->39446K(40448K) NonClass: 34927K(35584K)->34927K(35584K) Class: 4518K(4864K)->4518K(4864K)
[2020-06-29T14:27:09.942+0530][44.919s] GC(7) Pause Young (Normal) (G1 Evacuation Pause) 323M->32M(512M) 19.887ms
[2020-06-29T14:27:09.942+0530][44.919s] GC(7) User=0.13s Sys=0.00s Real=0.02s
[2020-06-29T14:27:11.519+0530][46.496s] GC(8) Pause Young (Normal) (G1 Evacuation Pause)
[2020-06-29T14:27:11.519+0530][46.496s] GC(8) Using 4 workers of 4 for evacuation
[2020-06-29T14:27:11.544+0530][46.521s] GC(8)   Pre Evacuate Collection Set: 0.1ms
[2020-06-29T14:27:11.544+0530][46.521s] GC(8)   Merge Heap Roots: 0.1ms
[2020-06-29T14:27:11.544+0530][46.521s] GC(8)   Evacuate Collection Set: 23.2ms
[2020-06-29T14:27:11.544+0530][46.521s] GC(8)   Post Evacuate Collection Set: 1.2ms
[2020-06-29T14:27:11.544+0530][46.521s] GC(8)   Other: 0.3ms
[2020-06-29T14:27:11.544+0530][46.521s] GC(8) Eden regions: 290->0(290)
[2020-06-29T14:27:11.544+0530][46.522s] GC(8) Survivor regions: 17->17(39)
[2020-06-29T14:27:11.544+0530][46.522s] GC(8) Old regions: 12->12
[2020-06-29T14:27:11.544+0530][46.522s] GC(8) Archive regions: 0->0
[2020-06-29T14:27:11.544+0530][46.522s] GC(8) Humongous regions: 4->4
[2020-06-29T14:27:11.544+0530][46.522s] GC(8) Metaspace: 41674K(42752K)->41674K(42752K) NonClass: 36951K(37632K)->36951K(37632K) Class: 4723K(5120K)->4723K(5120K)
[2020-06-29T14:27:11.545+0530][46.522s] GC(8) Pause Young (Normal) (G1 Evacuation Pause) 322M->33M(512M) 25.363ms
[2020-06-29T14:27:11.545+0530][46.522s] GC(8) User=0.06s Sys=0.00s Real=0.03s
[2020-06-29T14:27:13.757+0530][48.733s] GC(9) Pause Young (Normal) (G1 Evacuation Pause)
[2020-06-29T14:27:13.757+0530][48.733s] GC(9) Using 4 workers of 4 for evacuation
[2020-06-29T14:27:13.783+0530][48.760s] GC(9)   Pre Evacuate Collection Set: 0.1ms
[2020-06-29T14:27:13.783+0530][48.760s] GC(9)   Merge Heap Roots: 0.1ms
[2020-06-29T14:27:13.783+0530][48.760s] GC(9)   Evacuate Collection Set: 24.4ms
[2020-06-29T14:27:13.783+0530][48.760s] GC(9)   Post Evacuate Collection Set: 1.3ms
[2020-06-29T14:27:13.783+0530][48.760s] GC(9)   Other: 0.3ms
[2020-06-29T14:27:13.783+0530][48.760s] GC(9) Eden regions: 290->0(287)
[2020-06-29T14:27:13.783+0530][48.760s] GC(9) Survivor regions: 17->20(39)
[2020-06-29T14:27:13.783+0530][48.760s] GC(9) Old regions: 12->12
[2020-06-29T14:27:13.783+0530][48.760s] GC(9) Archive regions: 0->0
[2020-06-29T14:27:13.783+0530][48.760s] GC(9) Humongous regions: 4->4
[2020-06-29T14:27:13.784+0530][48.760s] GC(9) Metaspace: 45127K(46208K)->45127K(46208K) NonClass: 39965K(40704K)->39965K(40704K) Class: 5162K(5504K)->5162K(5504K)
[2020-06-29T14:27:13.784+0530][48.760s] GC(9) Pause Young (Normal) (G1 Evacuation Pause) 323M->35M(512M) 26.598ms
[2020-06-29T14:27:13.784+0530][48.760s] GC(9) User=0.08s Sys=0.02s Real=0.03s
