[2020-06-20T20:13:23.501+0530][0.049s] Heap region size: 1M
[2020-06-20T20:13:23.501+0530][0.050s] Heap address: 0x00000000e0000000, size: 512 MB, Compressed Oops mode: 32-bit
[2020-06-20T20:13:23.859+0530][0.408s] Using G1
[2020-06-20T20:13:23.891+0530][0.440s] Periodic GC disabled
[2020-06-20T20:13:25.513+0530][2.075s] GC(0) Pause Young (Normal) (G1 Evacuation Pause)
[2020-06-20T20:13:25.513+0530][2.075s] GC(0) Using 4 workers of 4 for evacuation
[2020-06-20T20:13:25.529+0530][2.090s] GC(0)   Pre Evacuate Collection Set: 0.1ms
[2020-06-20T20:13:25.529+0530][2.090s] GC(0)   Merge Heap Roots: 0.1ms
[2020-06-20T20:13:25.529+0530][2.090s] GC(0)   Evacuate Collection Set: 13.8ms
[2020-06-20T20:13:25.529+0530][2.091s] GC(0)   Post Evacuate Collection Set: 0.6ms
[2020-06-20T20:13:25.529+0530][2.091s] GC(0)   Other: 0.9ms
[2020-06-20T20:13:25.529+0530][2.091s] GC(0) Eden regions: 25->0(30)
[2020-06-20T20:13:25.529+0530][2.091s] GC(0) Survivor regions: 0->3(4)
[2020-06-20T20:13:25.529+0530][2.091s] GC(0) Old regions: 0->0
[2020-06-20T20:13:25.529+0530][2.091s] GC(0) Archive regions: 0->0
[2020-06-20T20:13:25.529+0530][2.091s] GC(0) Humongous regions: 0->0
[2020-06-20T20:13:25.529+0530][2.092s] GC(0) Metaspace: 5783K(7552K)->5783K(7552K) NonClass: 5089K(6656K)->5089K(6656K) Class: 693K(896K)->693K(896K)
[2020-06-20T20:13:25.529+0530][2.092s] GC(0) Pause Young (Normal) (G1 Evacuation Pause) 25M->2M(512M) 16.716ms
[2020-06-20T20:13:25.529+0530][2.092s] GC(0) User=0.02s Sys=0.00s Real=0.02s
[2020-06-20T20:13:27.543+0530][4.092s] GC(1) Pause Young (Normal) (G1 Evacuation Pause)
[2020-06-20T20:13:27.543+0530][4.092s] GC(1) Using 4 workers of 4 for evacuation
[2020-06-20T20:13:27.567+0530][4.116s] GC(1)   Pre Evacuate Collection Set: 0.1ms
[2020-06-20T20:13:27.567+0530][4.117s] GC(1)   Merge Heap Roots: 0.1ms
[2020-06-20T20:13:27.567+0530][4.117s] GC(1)   Evacuate Collection Set: 23.3ms
[2020-06-20T20:13:27.567+0530][4.117s] GC(1)   Post Evacuate Collection Set: 0.7ms
[2020-06-20T20:13:27.567+0530][4.117s] GC(1)   Other: 0.2ms
[2020-06-20T20:13:27.568+0530][4.117s] GC(1) Eden regions: 30->0(53)
[2020-06-20T20:13:27.568+0530][4.117s] GC(1) Survivor regions: 3->5(5)
[2020-06-20T20:13:27.568+0530][4.117s] GC(1) Old regions: 0->7
[2020-06-20T20:13:27.568+0530][4.117s] GC(1) Archive regions: 0->0
[2020-06-20T20:13:27.568+0530][4.117s] GC(1) Humongous regions: 4->4
[2020-06-20T20:13:27.568+0530][4.117s] GC(1) Metaspace: 13770K(14336K)->13770K(14336K) NonClass: 12148K(12544K)->12148K(12544K) Class: 1622K(1792K)->1622K(1792K)
[2020-06-20T20:13:27.568+0530][4.117s] GC(1) Pause Young (Normal) (G1 Evacuation Pause) 36M->15M(512M) 24.856ms
[2020-06-20T20:13:27.568+0530][4.117s] GC(1) User=0.13s Sys=0.00s Real=0.03s
[2020-06-20T20:13:29.064+0530][5.621s] GC(2) Pause Young (Normal) (G1 Evacuation Pause)
[2020-06-20T20:13:29.064+0530][5.621s] GC(2) Using 4 workers of 4 for evacuation
[2020-06-20T20:13:29.080+0530][5.636s] GC(2)   Pre Evacuate Collection Set: 0.1ms
[2020-06-20T20:13:29.080+0530][5.636s] GC(2)   Merge Heap Roots: 0.1ms
[2020-06-20T20:13:29.080+0530][5.636s] GC(2)   Evacuate Collection Set: 13.4ms
[2020-06-20T20:13:29.080+0530][5.636s] GC(2)   Post Evacuate Collection Set: 1.3ms
[2020-06-20T20:13:29.080+0530][5.636s] GC(2)   Other: 0.2ms
[2020-06-20T20:13:29.080+0530][5.636s] GC(2) Eden regions: 52->0(109)
[2020-06-20T20:13:29.080+0530][5.636s] GC(2) Survivor regions: 5->7(8)
[2020-06-20T20:13:29.080+0530][5.636s] GC(2) Old regions: 7->12
[2020-06-20T20:13:29.080+0530][5.636s] GC(2) Archive regions: 0->0
[2020-06-20T20:13:29.080+0530][5.636s] GC(2) Humongous regions: 4->4
[2020-06-20T20:13:29.080+0530][5.636s] GC(2) Metaspace: 18575K(19328K)->18575K(19328K) NonClass: 16398K(16896K)->16398K(16896K) Class: 2177K(2432K)->2177K(2432K)
[2020-06-20T20:13:29.080+0530][5.636s] GC(2) Pause Young (Normal) (G1 Evacuation Pause) 67M->23M(512M) 15.350ms
[2020-06-20T20:13:29.080+0530][5.636s] GC(2) User=0.06s Sys=0.00s Real=0.02s
[2020-06-20T20:13:30.111+0530][6.660s] GC(3) Pause Young (Concurrent Start) (Metadata GC Threshold)
[2020-06-20T20:13:30.111+0530][6.661s] GC(3) Using 4 workers of 4 for evacuation
[2020-06-20T20:13:30.118+0530][6.667s] GC(3)   Pre Evacuate Collection Set: 0.1ms
[2020-06-20T20:13:30.118+0530][6.668s] GC(3)   Merge Heap Roots: 0.1ms
[2020-06-20T20:13:30.118+0530][6.668s] GC(3)   Evacuate Collection Set: 5.7ms
[2020-06-20T20:13:30.118+0530][6.668s] GC(3)   Post Evacuate Collection Set: 0.6ms
[2020-06-20T20:13:30.119+0530][6.668s] GC(3)   Other: 0.6ms
[2020-06-20T20:13:30.119+0530][6.668s] GC(3) Eden regions: 28->0(299)
[2020-06-20T20:13:30.119+0530][6.668s] GC(3) Survivor regions: 7->8(15)
[2020-06-20T20:13:30.119+0530][6.668s] GC(3) Old regions: 12->12
[2020-06-20T20:13:30.119+0530][6.668s] GC(3) Archive regions: 0->0
[2020-06-20T20:13:30.119+0530][6.668s] GC(3) Humongous regions: 4->4
[2020-06-20T20:13:30.119+0530][6.668s] GC(3) Metaspace: 20677K(21248K)->20677K(21248K) NonClass: 18326K(18688K)->18326K(18688K) Class: 2351K(2560K)->2351K(2560K)
[2020-06-20T20:13:30.119+0530][6.668s] GC(3) Pause Young (Concurrent Start) (Metadata GC Threshold) 50M->23M(512M) 7.452ms
[2020-06-20T20:13:30.119+0530][6.668s] GC(3) User=0.05s Sys=0.00s Real=0.01s
[2020-06-20T20:13:30.119+0530][6.668s] GC(4) Concurrent Cycle
[2020-06-20T20:13:30.119+0530][6.668s] GC(4) Concurrent Clear Claimed Marks
[2020-06-20T20:13:30.119+0530][6.668s] GC(4) Concurrent Clear Claimed Marks 0.044ms
[2020-06-20T20:13:30.119+0530][6.668s] GC(4) Concurrent Scan Root Regions
[2020-06-20T20:13:30.122+0530][6.671s] GC(4) Concurrent Scan Root Regions 3.135ms
[2020-06-20T20:13:30.122+0530][6.671s] GC(4) Concurrent Mark (6.671s)
[2020-06-20T20:13:30.122+0530][6.671s] GC(4) Concurrent Mark From Roots
[2020-06-20T20:13:30.122+0530][6.671s] GC(4) Using 1 workers of 1 for marking
[2020-06-20T20:13:30.172+0530][6.721s] GC(4) Concurrent Mark From Roots 49.662ms
[2020-06-20T20:13:30.172+0530][6.721s] GC(4) Concurrent Preclean
[2020-06-20T20:13:30.172+0530][6.721s] GC(4) Concurrent Preclean 0.149ms
[2020-06-20T20:13:30.172+0530][6.721s] GC(4) Concurrent Mark (6.671s, 6.721s) 49.933ms
[2020-06-20T20:13:30.172+0530][6.721s] GC(4) Pause Remark
[2020-06-20T20:13:30.175+0530][6.724s] GC(4) Pause Remark 26M->26M(512M) 3.064ms
[2020-06-20T20:13:30.175+0530][6.724s] GC(4) User=0.06s Sys=0.00s Real=0.00s
[2020-06-20T20:13:30.175+0530][6.725s] GC(4) Concurrent Rebuild Remembered Sets
[2020-06-20T20:13:30.196+0530][6.745s] GC(4) Concurrent Rebuild Remembered Sets 20.453ms
[2020-06-20T20:13:30.196+0530][6.745s] GC(4) Pause Cleanup
[2020-06-20T20:13:30.196+0530][6.746s] GC(4) Pause Cleanup 28M->28M(512M) 0.158ms
[2020-06-20T20:13:30.196+0530][6.746s] GC(4) User=0.00s Sys=0.00s Real=0.00s
[2020-06-20T20:13:30.197+0530][6.746s] GC(4) Concurrent Cleanup for Next Mark
[2020-06-20T20:13:30.197+0530][6.747s] GC(4) Concurrent Cleanup for Next Mark 0.906ms
[2020-06-20T20:13:30.198+0530][6.747s] GC(4) Concurrent Cycle 78.657ms
[2020-06-20T20:13:48.955+0530][25.504s] GC(5) Pause Young (Concurrent Start) (Metadata GC Threshold)
[2020-06-20T20:13:48.955+0530][25.504s] GC(5) Using 4 workers of 4 for evacuation
[2020-06-20T20:13:48.973+0530][25.522s] GC(5)   Pre Evacuate Collection Set: 0.1ms
[2020-06-20T20:13:48.973+0530][25.522s] GC(5)   Merge Heap Roots: 0.1ms
[2020-06-20T20:13:48.973+0530][25.522s] GC(5)   Evacuate Collection Set: 16.4ms
[2020-06-20T20:13:48.973+0530][25.522s] GC(5)   Post Evacuate Collection Set: 1.1ms
[2020-06-20T20:13:48.973+0530][25.522s] GC(5)   Other: 0.4ms
[2020-06-20T20:13:48.973+0530][25.522s] GC(5) Eden regions: 148->0(294)
[2020-06-20T20:13:48.973+0530][25.522s] GC(5) Survivor regions: 8->13(39)
[2020-06-20T20:13:48.973+0530][25.522s] GC(5) Old regions: 12->12
[2020-06-20T20:13:48.974+0530][25.522s] GC(5) Archive regions: 0->0
[2020-06-20T20:13:48.974+0530][25.522s] GC(5) Humongous regions: 4->4
[2020-06-20T20:13:48.974+0530][25.522s] GC(5) Metaspace: 35405K(36268K)->35405K(36268K) NonClass: 31393K(31916K)->31393K(31916K) Class: 4011K(4352K)->4011K(4352K)
[2020-06-20T20:13:48.974+0530][25.522s] GC(5) Pause Young (Concurrent Start) (Metadata GC Threshold) 170M->28M(512M) 18.751ms
[2020-06-20T20:13:48.974+0530][25.522s] GC(5) User=0.13s Sys=0.00s Real=0.02s
[2020-06-20T20:13:48.974+0530][25.523s] GC(6) Concurrent Cycle
[2020-06-20T20:13:48.974+0530][25.523s] GC(6) Concurrent Clear Claimed Marks
[2020-06-20T20:13:48.974+0530][25.523s] GC(6) Concurrent Clear Claimed Marks 0.074ms
[2020-06-20T20:13:48.974+0530][25.523s] GC(6) Concurrent Scan Root Regions
[2020-06-20T20:13:48.989+0530][25.537s] GC(6) Concurrent Scan Root Regions 14.521ms
[2020-06-20T20:13:48.989+0530][25.537s] GC(6) Concurrent Mark (25.537s)
[2020-06-20T20:13:48.989+0530][25.537s] GC(6) Concurrent Mark From Roots
[2020-06-20T20:13:48.989+0530][25.537s] GC(6) Using 1 workers of 1 for marking
[2020-06-20T20:13:49.063+0530][25.612s] GC(6) Concurrent Mark From Roots 74.234ms
[2020-06-20T20:13:49.063+0530][25.612s] GC(6) Concurrent Preclean
[2020-06-20T20:13:49.063+0530][25.612s] GC(6) Concurrent Preclean 0.208ms
[2020-06-20T20:13:49.063+0530][25.612s] GC(6) Concurrent Mark (25.537s, 25.612s) 74.639ms
[2020-06-20T20:13:49.065+0530][25.613s] GC(6) Pause Remark
[2020-06-20T20:13:49.069+0530][25.617s] GC(6) Pause Remark 34M->34M(512M) 4.073ms
[2020-06-20T20:13:49.069+0530][25.617s] GC(6) User=0.06s Sys=0.00s Real=0.00s
[2020-06-20T20:13:49.074+0530][25.622s] GC(6) Concurrent Rebuild Remembered Sets
[2020-06-20T20:13:49.108+0530][25.656s] GC(6) Concurrent Rebuild Remembered Sets 34.293ms
[2020-06-20T20:13:49.108+0530][25.657s] GC(6) Pause Cleanup
[2020-06-20T20:13:49.109+0530][25.657s] GC(6) Pause Cleanup 36M->36M(512M) 0.216ms
[2020-06-20T20:13:49.109+0530][25.657s] GC(6) User=0.00s Sys=0.00s Real=0.00s
[2020-06-20T20:13:49.109+0530][25.657s] GC(6) Concurrent Cleanup for Next Mark
[2020-06-20T20:13:49.110+0530][25.658s] GC(6) Concurrent Cleanup for Next Mark 1.002ms
[2020-06-20T20:13:49.110+0530][25.658s] GC(6) Concurrent Cycle 135.884ms
[2020-06-20T20:13:51.113+0530][27.662s] GC(7) Pause Young (Normal) (G1 Evacuation Pause)
[2020-06-20T20:13:51.113+0530][27.662s] GC(7) Using 4 workers of 4 for evacuation
[2020-06-20T20:13:51.132+0530][27.681s] GC(7)   Pre Evacuate Collection Set: 0.1ms
[2020-06-20T20:13:51.132+0530][27.681s] GC(7)   Merge Heap Roots: 0.1ms
[2020-06-20T20:13:51.132+0530][27.681s] GC(7)   Evacuate Collection Set: 17.4ms
[2020-06-20T20:13:51.132+0530][27.681s] GC(7)   Post Evacuate Collection Set: 1.2ms
[2020-06-20T20:13:51.132+0530][27.681s] GC(7)   Other: 0.4ms
[2020-06-20T20:13:51.132+0530][27.681s] GC(7) Eden regions: 294->0(290)
[2020-06-20T20:13:51.132+0530][27.681s] GC(7) Survivor regions: 13->17(39)
[2020-06-20T20:13:51.132+0530][27.682s] GC(7) Old regions: 12->12
[2020-06-20T20:13:51.132+0530][27.682s] GC(7) Archive regions: 0->0
[2020-06-20T20:13:51.132+0530][27.682s] GC(7) Humongous regions: 5->4
[2020-06-20T20:13:51.132+0530][27.682s] GC(7) Metaspace: 38852K(39852K)->38852K(39852K) NonClass: 34411K(34988K)->34411K(34988K) Class: 4441K(4864K)->4441K(4864K)
[2020-06-20T20:13:51.132+0530][27.682s] GC(7) Pause Young (Normal) (G1 Evacuation Pause) 323M->32M(512M) 19.803ms
[2020-06-20T20:13:51.132+0530][27.682s] GC(7) User=0.06s Sys=0.00s Real=0.02s
[2020-06-20T20:13:52.790+0530][29.339s] GC(8) Pause Young (Normal) (G1 Evacuation Pause)
[2020-06-20T20:13:52.790+0530][29.339s] GC(8) Using 4 workers of 4 for evacuation
[2020-06-20T20:13:52.816+0530][29.365s] GC(8)   Pre Evacuate Collection Set: 0.1ms
[2020-06-20T20:13:52.816+0530][29.365s] GC(8)   Merge Heap Roots: 0.1ms
[2020-06-20T20:13:52.816+0530][29.365s] GC(8)   Evacuate Collection Set: 24.6ms
[2020-06-20T20:13:52.816+0530][29.365s] GC(8)   Post Evacuate Collection Set: 1.3ms
[2020-06-20T20:13:52.816+0530][29.366s] GC(8)   Other: 0.3ms
[2020-06-20T20:13:52.816+0530][29.366s] GC(8) Eden regions: 290->0(290)
[2020-06-20T20:13:52.816+0530][29.366s] GC(8) Survivor regions: 17->17(39)
[2020-06-20T20:13:52.816+0530][29.366s] GC(8) Old regions: 12->12
[2020-06-20T20:13:52.816+0530][29.366s] GC(8) Archive regions: 0->0
[2020-06-20T20:13:52.817+0530][29.366s] GC(8) Humongous regions: 4->4
[2020-06-20T20:13:52.817+0530][29.366s] GC(8) Metaspace: 42606K(43564K)->42606K(43564K) NonClass: 37736K(38316K)->37736K(38316K) Class: 4869K(5248K)->4869K(5248K)
[2020-06-20T20:13:52.817+0530][29.366s] GC(8) Pause Young (Normal) (G1 Evacuation Pause) 322M->33M(512M) 26.984ms
[2020-06-20T20:13:52.817+0530][29.366s] GC(8) User=0.13s Sys=0.00s Real=0.03s
[2020-06-20T20:13:54.642+0530][31.192s] GC(9) Pause Young (Normal) (G1 Evacuation Pause)
[2020-06-20T20:13:54.643+0530][31.192s] GC(9) Using 4 workers of 4 for evacuation
[2020-06-20T20:13:54.670+0530][31.219s] GC(9)   Pre Evacuate Collection Set: 0.1ms
[2020-06-20T20:13:54.670+0530][31.219s] GC(9)   Merge Heap Roots: 0.1ms
[2020-06-20T20:13:54.670+0530][31.219s] GC(9)   Evacuate Collection Set: 25.3ms
[2020-06-20T20:13:54.670+0530][31.219s] GC(9)   Post Evacuate Collection Set: 1.3ms
[2020-06-20T20:13:54.670+0530][31.219s] GC(9)   Other: 0.4ms
[2020-06-20T20:13:54.670+0530][31.219s] GC(9) Eden regions: 290->0(287)
[2020-06-20T20:13:54.670+0530][31.219s] GC(9) Survivor regions: 17->20(39)
[2020-06-20T20:13:54.670+0530][31.219s] GC(9) Old regions: 12->12
[2020-06-20T20:13:54.670+0530][31.219s] GC(9) Archive regions: 0->0
[2020-06-20T20:13:54.670+0530][31.219s] GC(9) Humongous regions: 4->4
[2020-06-20T20:13:54.670+0530][31.219s] GC(9) Metaspace: 45806K(47020K)->45806K(47020K) NonClass: 40518K(41388K)->40518K(41388K) Class: 5287K(5632K)->5287K(5632K)
[2020-06-20T20:13:54.670+0530][31.219s] GC(9) Pause Young (Normal) (G1 Evacuation Pause) 323M->36M(512M) 27.524ms
[2020-06-20T20:13:54.670+0530][31.219s] GC(9) User=0.13s Sys=0.00s Real=0.03s
