[2020-06-27T10:20:07.422+0530][0.041s] Heap region size: 1M
[2020-06-27T10:20:07.423+0530][0.042s] Heap address: 0x00000000e0000000, size: 512 MB, Compressed Oops mode: 32-bit
[2020-06-27T10:20:07.792+0530][0.412s] Using G1
[2020-06-27T10:20:07.831+0530][0.451s] Periodic GC disabled
[2020-06-27T10:20:09.342+0530][1.961s] GC(0) Pause Young (Normal) (G1 Evacuation Pause)
[2020-06-27T10:20:09.342+0530][1.962s] GC(0) Using 4 workers of 4 for evacuation
[2020-06-27T10:20:09.352+0530][1.971s] GC(0)   Pre Evacuate Collection Set: 0.1ms
[2020-06-27T10:20:09.352+0530][1.972s] GC(0)   Merge Heap Roots: 0.0ms
[2020-06-27T10:20:09.352+0530][1.972s] GC(0)   Evacuate Collection Set: 9.0ms
[2020-06-27T10:20:09.353+0530][1.972s] GC(0)   Post Evacuate Collection Set: 0.5ms
[2020-06-27T10:20:09.357+0530][1.976s] GC(0)   Other: 0.8ms
[2020-06-27T10:20:09.357+0530][1.976s] GC(0) Eden regions: 25->0(30)
[2020-06-27T10:20:09.357+0530][1.976s] GC(0) Survivor regions: 0->3(4)
[2020-06-27T10:20:09.357+0530][1.976s] GC(0) Old regions: 0->0
[2020-06-27T10:20:09.357+0530][1.976s] GC(0) Archive regions: 0->0
[2020-06-27T10:20:09.357+0530][1.976s] GC(0) Humongous regions: 0->0
[2020-06-27T10:20:09.357+0530][1.976s] GC(0) Metaspace: 5581K(7552K)->5581K(7552K) NonClass: 4913K(6656K)->4913K(6656K) Class: 668K(896K)->668K(896K)
[2020-06-27T10:20:09.357+0530][1.976s] GC(0) Pause Young (Normal) (G1 Evacuation Pause) 25M->2M(512M) 15.052ms
[2020-06-27T10:20:09.357+0530][1.976s] GC(0) User=0.03s Sys=0.00s Real=0.02s
[2020-06-27T10:20:11.447+0530][4.067s] GC(1) Pause Young (Normal) (G1 Evacuation Pause)
[2020-06-27T10:20:11.447+0530][4.067s] GC(1) Using 4 workers of 4 for evacuation
[2020-06-27T10:20:11.471+0530][4.091s] GC(1)   Pre Evacuate Collection Set: 0.1ms
[2020-06-27T10:20:11.471+0530][4.091s] GC(1)   Merge Heap Roots: 0.1ms
[2020-06-27T10:20:11.471+0530][4.091s] GC(1)   Evacuate Collection Set: 23.0ms
[2020-06-27T10:20:11.471+0530][4.091s] GC(1)   Post Evacuate Collection Set: 0.8ms
[2020-06-27T10:20:11.471+0530][4.091s] GC(1)   Other: 0.2ms
[2020-06-27T10:20:11.471+0530][4.091s] GC(1) Eden regions: 30->0(60)
[2020-06-27T10:20:11.471+0530][4.091s] GC(1) Survivor regions: 3->5(5)
[2020-06-27T10:20:11.471+0530][4.091s] GC(1) Old regions: 0->7
[2020-06-27T10:20:11.471+0530][4.091s] GC(1) Archive regions: 0->0
[2020-06-27T10:20:11.471+0530][4.091s] GC(1) Humongous regions: 4->4
[2020-06-27T10:20:11.471+0530][4.091s] GC(1) Metaspace: 13778K(14336K)->13778K(14336K) NonClass: 12156K(12544K)->12156K(12544K) Class: 1622K(1792K)->1622K(1792K)
[2020-06-27T10:20:11.471+0530][4.091s] GC(1) Pause Young (Normal) (G1 Evacuation Pause) 36M->15M(512M) 24.473ms
[2020-06-27T10:20:11.471+0530][4.091s] GC(1) User=0.13s Sys=0.00s Real=0.02s
[2020-06-27T10:23:32.679+0530][205.298s] Heap
[2020-06-27T10:23:32.679+0530][205.299s]  garbage-first heap   total 524288K, used 57188K [0x00000000e0000000, 0x0000000100000000)
[2020-06-27T10:23:32.679+0530][205.299s]   region size 1024K, 47 young (48128K), 5 survivors (5120K)
[2020-06-27T10:23:32.679+0530][205.299s]  Metaspace       used 17650K, capacity 18195K, committed 18432K, reserved 1064960K
[2020-06-27T10:23:32.679+0530][205.299s]   class space    used 2091K, capacity 2266K, committed 2304K, reserved 1048576K
