[2020-06-29T14:37:16.785+0530][0.063s] Heap region size: 1M
[2020-06-29T14:37:16.785+0530][0.064s] Heap address: 0x00000000e0000000, size: 512 MB, Compressed Oops mode: 32-bit
[2020-06-29T14:37:17.153+0530][0.436s] Using G1
[2020-06-29T14:37:17.184+0530][0.465s] Periodic GC disabled
[2020-06-29T14:37:22.628+0530][5.900s] GC(0) Pause Young (Normal) (G1 Evacuation Pause)
[2020-06-29T14:37:22.628+0530][5.901s] GC(0) Using 4 workers of 4 for evacuation
[2020-06-29T14:37:22.636+0530][5.910s] GC(0)   Pre Evacuate Collection Set: 0.1ms
[2020-06-29T14:37:22.636+0530][5.910s] GC(0)   Merge Heap Roots: 0.4ms
[2020-06-29T14:37:22.636+0530][5.910s] GC(0)   Evacuate Collection Set: 6.5ms
[2020-06-29T14:37:22.640+0530][5.910s] GC(0)   Post Evacuate Collection Set: 1.2ms
[2020-06-29T14:37:22.640+0530][5.911s] GC(0)   Other: 2.6ms
[2020-06-29T14:37:22.640+0530][5.911s] GC(0) Eden regions: 25->0(30)
[2020-06-29T14:37:22.640+0530][5.911s] GC(0) Survivor regions: 0->3(4)
[2020-06-29T14:37:22.640+0530][5.911s] GC(0) Old regions: 0->0
[2020-06-29T14:37:22.640+0530][5.911s] GC(0) Archive regions: 0->0
[2020-06-29T14:37:22.640+0530][5.911s] GC(0) Humongous regions: 0->0
[2020-06-29T14:37:22.640+0530][5.911s] GC(0) Metaspace: 5557K(7552K)->5557K(7552K) NonClass: 4891K(6656K)->4891K(6656K) Class: 665K(896K)->665K(896K)
[2020-06-29T14:37:22.640+0530][5.911s] GC(0) Pause Young (Normal) (G1 Evacuation Pause) 25M->2M(512M) 11.486ms
[2020-06-29T14:37:22.640+0530][5.911s] GC(0) User=0.00s Sys=0.00s Real=0.01s
[2020-06-29T14:37:24.319+0530][7.600s] GC(1) Pause Young (Normal) (G1 Evacuation Pause)
[2020-06-29T14:37:24.319+0530][7.600s] GC(1) Using 4 workers of 4 for evacuation
[2020-06-29T14:37:24.350+0530][7.626s] GC(1)   Pre Evacuate Collection Set: 0.1ms
[2020-06-29T14:37:24.350+0530][7.626s] GC(1)   Merge Heap Roots: 0.1ms
[2020-06-29T14:37:24.350+0530][7.626s] GC(1)   Evacuate Collection Set: 24.7ms
[2020-06-29T14:37:24.350+0530][7.626s] GC(1)   Post Evacuate Collection Set: 0.7ms
[2020-06-29T14:37:24.350+0530][7.626s] GC(1)   Other: 0.2ms
[2020-06-29T14:37:24.350+0530][7.626s] GC(1) Eden regions: 30->0(47)
[2020-06-29T14:37:24.350+0530][7.626s] GC(1) Survivor regions: 3->5(5)
[2020-06-29T14:37:24.350+0530][7.626s] GC(1) Old regions: 0->7
[2020-06-29T14:37:24.350+0530][7.626s] GC(1) Archive regions: 0->0
[2020-06-29T14:37:24.350+0530][7.626s] GC(1) Humongous regions: 4->4
[2020-06-29T14:37:24.350+0530][7.626s] GC(1) Metaspace: 13767K(14336K)->13767K(14336K) NonClass: 12141K(12544K)->12141K(12544K) Class: 1625K(1792K)->1625K(1792K)
[2020-06-29T14:37:24.350+0530][7.626s] GC(1) Pause Young (Normal) (G1 Evacuation Pause) 36M->15M(512M) 26.247ms
[2020-06-29T14:37:24.350+0530][7.626s] GC(1) User=0.13s Sys=0.00s Real=0.03s
[2020-06-29T14:37:27.569+0530][10.852s] GC(2) Pause Young (Normal) (G1 Evacuation Pause)
[2020-06-29T14:37:27.569+0530][10.852s] GC(2) Using 4 workers of 4 for evacuation
[2020-06-29T14:37:27.585+0530][10.868s] GC(2)   Pre Evacuate Collection Set: 0.1ms
[2020-06-29T14:37:27.585+0530][10.868s] GC(2)   Merge Heap Roots: 0.1ms
[2020-06-29T14:37:27.585+0530][10.868s] GC(2)   Evacuate Collection Set: 14.9ms
[2020-06-29T14:37:27.585+0530][10.868s] GC(2)   Post Evacuate Collection Set: 1.1ms
[2020-06-29T14:37:27.585+0530][10.868s] GC(2)   Other: 0.3ms
[2020-06-29T14:37:27.585+0530][10.868s] GC(2) Eden regions: 46->0(142)
[2020-06-29T14:37:27.585+0530][10.868s] GC(2) Survivor regions: 5->7(7)
[2020-06-29T14:37:27.585+0530][10.868s] GC(2) Old regions: 7->12
[2020-06-29T14:37:27.585+0530][10.868s] GC(2) Archive regions: 0->0
[2020-06-29T14:37:27.585+0530][10.868s] GC(2) Humongous regions: 4->4
[2020-06-29T14:37:27.585+0530][10.868s] GC(2) Metaspace: 18424K(19328K)->18424K(19328K) NonClass: 16260K(16896K)->16260K(16896K) Class: 2163K(2432K)->2163K(2432K)
[2020-06-29T14:37:27.585+0530][10.868s] GC(2) Pause Young (Normal) (G1 Evacuation Pause) 61M->22M(512M) 16.994ms
[2020-06-29T14:37:27.585+0530][10.869s] GC(2) User=0.05s Sys=0.00s Real=0.02s
[2020-06-29T14:37:29.131+0530][12.415s] GC(3) Pause Young (Concurrent Start) (Metadata GC Threshold)
[2020-06-29T14:37:29.131+0530][12.415s] GC(3) Using 4 workers of 4 for evacuation
[2020-06-29T14:37:29.147+0530][12.428s] GC(3)   Pre Evacuate Collection Set: 0.2ms
[2020-06-29T14:37:29.147+0530][12.428s] GC(3)   Merge Heap Roots: 0.2ms
[2020-06-29T14:37:29.147+0530][12.428s] GC(3)   Evacuate Collection Set: 10.9ms
[2020-06-29T14:37:29.147+0530][12.428s] GC(3)   Post Evacuate Collection Set: 1.0ms
[2020-06-29T14:37:29.147+0530][12.428s] GC(3)   Other: 1.0ms
[2020-06-29T14:37:29.147+0530][12.428s] GC(3) Eden regions: 33->0(300)
[2020-06-29T14:37:29.147+0530][12.428s] GC(3) Survivor regions: 7->7(19)
[2020-06-29T14:37:29.147+0530][12.428s] GC(3) Old regions: 12->12
[2020-06-29T14:37:29.147+0530][12.429s] GC(3) Archive regions: 0->0
[2020-06-29T14:37:29.147+0530][12.429s] GC(3) Humongous regions: 4->4
[2020-06-29T14:37:29.147+0530][12.429s] GC(3) Metaspace: 20652K(21248K)->20652K(21248K) NonClass: 18302K(18688K)->18302K(18688K) Class: 2350K(2560K)->2350K(2560K)
[2020-06-29T14:37:29.147+0530][12.429s] GC(3) Pause Young (Concurrent Start) (Metadata GC Threshold) 55M->22M(512M) 13.949ms
[2020-06-29T14:37:29.147+0530][12.429s] GC(3) User=0.06s Sys=0.00s Real=0.02s
[2020-06-29T14:37:29.147+0530][12.429s] GC(4) Concurrent Cycle
[2020-06-29T14:37:29.147+0530][12.429s] GC(4) Concurrent Clear Claimed Marks
[2020-06-29T14:37:29.147+0530][12.429s] GC(4) Concurrent Clear Claimed Marks 0.120ms
[2020-06-29T14:37:29.147+0530][12.429s] GC(4) Concurrent Scan Root Regions
[2020-06-29T14:37:29.163+0530][12.436s] GC(4) Concurrent Scan Root Regions 6.268ms
[2020-06-29T14:37:29.163+0530][12.436s] GC(4) Concurrent Mark (12.436s)
[2020-06-29T14:37:29.163+0530][12.436s] GC(4) Concurrent Mark From Roots
[2020-06-29T14:37:29.163+0530][12.436s] GC(4) Using 1 workers of 1 for marking
[2020-06-29T14:37:29.225+0530][12.498s] GC(4) Concurrent Mark From Roots 62.793ms
[2020-06-29T14:37:29.225+0530][12.498s] GC(4) Concurrent Preclean
[2020-06-29T14:37:29.225+0530][12.499s] GC(4) Concurrent Preclean 0.152ms
[2020-06-29T14:37:29.225+0530][12.499s] GC(4) Concurrent Mark (12.436s, 12.499s) 63.083ms
[2020-06-29T14:37:29.225+0530][12.499s] GC(4) Pause Remark
[2020-06-29T14:37:29.225+0530][12.502s] GC(4) Pause Remark 26M->26M(512M) 3.252ms
[2020-06-29T14:37:29.225+0530][12.502s] GC(4) User=0.00s Sys=0.00s Real=0.00s
[2020-06-29T14:37:29.225+0530][12.502s] GC(4) Concurrent Rebuild Remembered Sets
[2020-06-29T14:37:29.241+0530][12.525s] GC(4) Concurrent Rebuild Remembered Sets 22.907ms
[2020-06-29T14:37:29.241+0530][12.526s] GC(4) Pause Cleanup
[2020-06-29T14:37:29.241+0530][12.526s] GC(4) Pause Cleanup 28M->28M(512M) 0.209ms
[2020-06-29T14:37:29.241+0530][12.526s] GC(4) User=0.00s Sys=0.00s Real=0.00s
[2020-06-29T14:37:29.241+0530][12.526s] GC(4) Concurrent Cleanup for Next Mark
[2020-06-29T14:37:29.256+0530][12.527s] GC(4) Concurrent Cleanup for Next Mark 1.007ms
[2020-06-29T14:37:29.256+0530][12.527s] GC(4) Concurrent Cycle 98.294ms
[2020-06-29T14:38:00.883+0530][44.154s] GC(5) Pause Young (Concurrent Start) (Metadata GC Threshold)
[2020-06-29T14:38:00.883+0530][44.154s] GC(5) Using 4 workers of 4 for evacuation
[2020-06-29T14:38:00.902+0530][44.173s] GC(5)   Pre Evacuate Collection Set: 0.2ms
[2020-06-29T14:38:00.903+0530][44.173s] GC(5)   Merge Heap Roots: 0.1ms
[2020-06-29T14:38:00.903+0530][44.173s] GC(5)   Evacuate Collection Set: 17.6ms
[2020-06-29T14:38:00.903+0530][44.174s] GC(5)   Post Evacuate Collection Set: 1.2ms
[2020-06-29T14:38:00.903+0530][44.174s] GC(5)   Other: 0.4ms
[2020-06-29T14:38:00.903+0530][44.174s] GC(5) Eden regions: 178->0(294)
[2020-06-29T14:38:00.903+0530][44.174s] GC(5) Survivor regions: 7->13(39)
[2020-06-29T14:38:00.903+0530][44.174s] GC(5) Old regions: 12->12
[2020-06-29T14:38:00.903+0530][44.174s] GC(5) Archive regions: 0->0
[2020-06-29T14:38:00.903+0530][44.174s] GC(5) Humongous regions: 4->4
[2020-06-29T14:38:00.903+0530][44.174s] GC(5) Metaspace: 35676K(36480K)->35676K(36480K) NonClass: 31644K(32128K)->31644K(32128K) Class: 4032K(4352K)->4032K(4352K)
[2020-06-29T14:38:00.903+0530][44.174s] GC(5) Pause Young (Concurrent Start) (Metadata GC Threshold) 200M->28M(512M) 20.039ms
[2020-06-29T14:38:00.903+0530][44.174s] GC(5) User=0.06s Sys=0.00s Real=0.02s
[2020-06-29T14:38:00.903+0530][44.174s] GC(6) Concurrent Cycle
[2020-06-29T14:38:00.903+0530][44.174s] GC(6) Concurrent Clear Claimed Marks
[2020-06-29T14:38:00.903+0530][44.174s] GC(6) Concurrent Clear Claimed Marks 0.075ms
[2020-06-29T14:38:00.903+0530][44.174s] GC(6) Concurrent Scan Root Regions
[2020-06-29T14:38:00.917+0530][44.187s] GC(6) Concurrent Scan Root Regions 13.161ms
[2020-06-29T14:38:00.917+0530][44.188s] GC(6) Concurrent Mark (44.188s)
[2020-06-29T14:38:00.917+0530][44.188s] GC(6) Concurrent Mark From Roots
[2020-06-29T14:38:00.917+0530][44.188s] GC(6) Using 1 workers of 1 for marking
[2020-06-29T14:38:00.990+0530][44.261s] GC(6) Concurrent Mark From Roots 72.997ms
[2020-06-29T14:38:00.990+0530][44.261s] GC(6) Concurrent Preclean
[2020-06-29T14:38:00.990+0530][44.261s] GC(6) Concurrent Preclean 0.188ms
[2020-06-29T14:38:00.990+0530][44.261s] GC(6) Concurrent Mark (44.188s, 44.261s) 73.353ms
[2020-06-29T14:38:00.990+0530][44.261s] GC(6) Pause Remark
[2020-06-29T14:38:00.994+0530][44.265s] GC(6) Pause Remark 32M->32M(512M) 3.516ms
[2020-06-29T14:38:00.994+0530][44.265s] GC(6) User=0.00s Sys=0.00s Real=0.00s
[2020-06-29T14:38:01.002+0530][44.273s] GC(6) Concurrent Rebuild Remembered Sets
[2020-06-29T14:38:01.037+0530][44.308s] GC(6) Concurrent Rebuild Remembered Sets 34.653ms
[2020-06-29T14:38:01.037+0530][44.308s] GC(6) Pause Cleanup
[2020-06-29T14:38:01.037+0530][44.308s] GC(6) Pause Cleanup 37M->37M(512M) 0.181ms
[2020-06-29T14:38:01.037+0530][44.308s] GC(6) User=0.00s Sys=0.00s Real=0.00s
[2020-06-29T14:38:01.039+0530][44.310s] GC(6) Concurrent Cleanup for Next Mark
[2020-06-29T14:38:01.040+0530][44.311s] GC(6) Concurrent Cleanup for Next Mark 1.140ms
[2020-06-29T14:38:01.040+0530][44.311s] GC(6) Concurrent Cycle 136.683ms
[2020-06-29T14:38:02.690+0530][45.961s] GC(7) Pause Young (Normal) (G1 Evacuation Pause)
[2020-06-29T14:38:02.690+0530][45.961s] GC(7) Using 4 workers of 4 for evacuation
[2020-06-29T14:38:02.710+0530][45.981s] GC(7)   Pre Evacuate Collection Set: 0.1ms
[2020-06-29T14:38:02.710+0530][45.981s] GC(7)   Merge Heap Roots: 0.1ms
[2020-06-29T14:38:02.710+0530][45.981s] GC(7)   Evacuate Collection Set: 18.2ms
[2020-06-29T14:38:02.710+0530][45.981s] GC(7)   Post Evacuate Collection Set: 1.1ms
[2020-06-29T14:38:02.710+0530][45.981s] GC(7)   Other: 0.3ms
[2020-06-29T14:38:02.710+0530][45.981s] GC(7) Eden regions: 294->0(290)
[2020-06-29T14:38:02.710+0530][45.981s] GC(7) Survivor regions: 13->17(39)
[2020-06-29T14:38:02.710+0530][45.981s] GC(7) Old regions: 12->12
[2020-06-29T14:38:02.710+0530][45.981s] GC(7) Archive regions: 0->0
[2020-06-29T14:38:02.710+0530][45.981s] GC(7) Humongous regions: 5->4
[2020-06-29T14:38:02.710+0530][45.981s] GC(7) Metaspace: 39320K(40448K)->39320K(40448K) NonClass: 34798K(35584K)->34798K(35584K) Class: 4522K(4864K)->4522K(4864K)
[2020-06-29T14:38:02.710+0530][45.981s] GC(7) Pause Young (Normal) (G1 Evacuation Pause) 323M->32M(512M) 20.039ms
[2020-06-29T14:38:02.710+0530][45.981s] GC(7) User=0.06s Sys=0.00s Real=0.02s
[2020-06-29T14:38:04.335+0530][47.606s] GC(8) Pause Young (Normal) (G1 Evacuation Pause)
[2020-06-29T14:38:04.335+0530][47.606s] GC(8) Using 4 workers of 4 for evacuation
[2020-06-29T14:38:04.354+0530][47.625s] GC(8)   Pre Evacuate Collection Set: 0.1ms
[2020-06-29T14:38:04.354+0530][47.625s] GC(8)   Merge Heap Roots: 0.1ms
[2020-06-29T14:38:04.354+0530][47.625s] GC(8)   Evacuate Collection Set: 17.9ms
[2020-06-29T14:38:04.354+0530][47.625s] GC(8)   Post Evacuate Collection Set: 1.1ms
[2020-06-29T14:38:04.354+0530][47.625s] GC(8)   Other: 0.3ms
[2020-06-29T14:38:04.354+0530][47.625s] GC(8) Eden regions: 290->0(289)
[2020-06-29T14:38:04.354+0530][47.625s] GC(8) Survivor regions: 17->18(39)
[2020-06-29T14:38:04.355+0530][47.625s] GC(8) Old regions: 12->12
[2020-06-29T14:38:04.355+0530][47.626s] GC(8) Archive regions: 0->0
[2020-06-29T14:38:04.355+0530][47.626s] GC(8) Humongous regions: 4->4
[2020-06-29T14:38:04.355+0530][47.626s] GC(8) Metaspace: 41500K(42496K)->41500K(42496K) NonClass: 36789K(37376K)->36789K(37376K) Class: 4710K(5120K)->4710K(5120K)
[2020-06-29T14:38:04.355+0530][47.626s] GC(8) Pause Young (Normal) (G1 Evacuation Pause) 322M->33M(512M) 20.067ms
[2020-06-29T14:38:04.355+0530][47.626s] GC(8) User=0.06s Sys=0.00s Real=0.02s
[2020-06-29T14:38:11.909+0530][55.181s] GC(9) Pause Young (Normal) (G1 Evacuation Pause)
[2020-06-29T14:38:11.909+0530][55.181s] GC(9) Using 4 workers of 4 for evacuation
[2020-06-29T14:38:11.937+0530][55.208s] GC(9)   Pre Evacuate Collection Set: 0.1ms
[2020-06-29T14:38:11.937+0530][55.208s] GC(9)   Merge Heap Roots: 0.1ms
[2020-06-29T14:38:11.937+0530][55.208s] GC(9)   Evacuate Collection Set: 25.7ms
[2020-06-29T14:38:11.937+0530][55.208s] GC(9)   Post Evacuate Collection Set: 1.4ms
[2020-06-29T14:38:11.937+0530][55.208s] GC(9)   Other: 0.3ms
[2020-06-29T14:38:11.937+0530][55.208s] GC(9) Eden regions: 289->0(287)
[2020-06-29T14:38:11.937+0530][55.208s] GC(9) Survivor regions: 18->20(39)
[2020-06-29T14:38:11.937+0530][55.209s] GC(9) Old regions: 12->12
[2020-06-29T14:38:11.937+0530][55.209s] GC(9) Archive regions: 0->0
[2020-06-29T14:38:11.937+0530][55.209s] GC(9) Humongous regions: 4->4
[2020-06-29T14:38:11.937+0530][55.209s] GC(9) Metaspace: 45160K(46336K)->45160K(46336K) NonClass: 39995K(40704K)->39995K(40704K) Class: 5164K(5632K)->5164K(5632K)
[2020-06-29T14:38:11.937+0530][55.209s] GC(9) Pause Young (Normal) (G1 Evacuation Pause) 322M->35M(512M) 28.125ms
[2020-06-29T14:38:11.937+0530][55.209s] GC(9) User=0.06s Sys=0.00s Real=0.03s
[2020-06-29T16:03:07.747+0530][5151.018s] GC(10) Pause Young (Normal) (G1 Evacuation Pause)
[2020-06-29T16:03:07.747+0530][5151.019s] GC(10) Using 4 workers of 4 for evacuation
[2020-06-29T16:03:07.825+0530][5151.096s] GC(10)   Pre Evacuate Collection Set: 0.4ms
[2020-06-29T16:03:07.825+0530][5151.096s] GC(10)   Merge Heap Roots: 0.3ms
[2020-06-29T16:03:07.825+0530][5151.096s] GC(10)   Evacuate Collection Set: 72.8ms
[2020-06-29T16:03:07.825+0530][5151.096s] GC(10)   Post Evacuate Collection Set: 3.4ms
[2020-06-29T16:03:07.825+0530][5151.096s] GC(10)   Other: 0.8ms
[2020-06-29T16:03:07.825+0530][5151.096s] GC(10) Eden regions: 287->0(279)
[2020-06-29T16:03:07.825+0530][5151.096s] GC(10) Survivor regions: 20->28(39)
[2020-06-29T16:03:07.825+0530][5151.096s] GC(10) Old regions: 12->12
[2020-06-29T16:03:07.825+0530][5151.096s] GC(10) Archive regions: 0->0
[2020-06-29T16:03:07.825+0530][5151.096s] GC(10) Humongous regions: 7->7
[2020-06-29T16:03:07.825+0530][5151.096s] GC(10) Metaspace: 58387K(59904K)->58387K(59904K) NonClass: 51698K(52736K)->51698K(52736K) Class: 6688K(7168K)->6688K(7168K)
[2020-06-29T16:03:07.825+0530][5151.096s] GC(10) Pause Young (Normal) (G1 Evacuation Pause) 325M->46M(512M) 78.082ms
[2020-06-29T16:03:07.825+0530][5151.096s] GC(10) User=0.25s Sys=0.06s Real=0.08s
