[2020-06-28T14:34:03.962+0530][0.204s] Heap region size: 1M
[2020-06-28T14:34:03.963+0530][0.204s] Heap address: 0x00000000e0000000, size: 512 MB, Compressed Oops mode: 32-bit
[2020-06-28T14:34:04.369+0530][0.611s] Using G1
[2020-06-28T14:34:04.410+0530][0.652s] Periodic GC disabled
[2020-06-28T14:34:09.787+0530][6.030s] GC(0) Pause Young (Normal) (G1 Evacuation Pause)
[2020-06-28T14:34:09.788+0530][6.030s] GC(0) Using 4 workers of 4 for evacuation
[2020-06-28T14:34:09.797+0530][6.040s] GC(0)   Pre Evacuate Collection Set: 0.1ms
[2020-06-28T14:34:09.798+0530][6.040s] GC(0)   Merge Heap Roots: 0.0ms
[2020-06-28T14:34:09.798+0530][6.040s] GC(0)   Evacuate Collection Set: 8.6ms
[2020-06-28T14:34:09.798+0530][6.040s] GC(0)   Post Evacuate Collection Set: 0.6ms
[2020-06-28T14:34:09.798+0530][6.041s] GC(0)   Other: 0.9ms
[2020-06-28T14:34:09.799+0530][6.041s] GC(0) Eden regions: 25->0(30)
[2020-06-28T14:34:09.799+0530][6.041s] GC(0) Survivor regions: 0->3(4)
[2020-06-28T14:34:09.799+0530][6.041s] GC(0) Old regions: 0->0
[2020-06-28T14:34:09.799+0530][6.041s] GC(0) Archive regions: 0->0
[2020-06-28T14:34:09.799+0530][6.041s] GC(0) Humongous regions: 0->0
[2020-06-28T14:34:09.799+0530][6.041s] GC(0) Metaspace: 5539K(7552K)->5539K(7552K) NonClass: 4877K(6656K)->4877K(6656K) Class: 662K(896K)->662K(896K)
[2020-06-28T14:34:09.799+0530][6.041s] GC(0) Pause Young (Normal) (G1 Evacuation Pause) 25M->2M(512M) 11.461ms
[2020-06-28T14:34:09.799+0530][6.041s] GC(0) User=0.00s Sys=0.00s Real=0.01s
[2020-06-28T14:34:11.322+0530][7.565s] GC(1) Pause Young (Normal) (G1 Evacuation Pause)
[2020-06-28T14:34:11.322+0530][7.565s] GC(1) Using 4 workers of 4 for evacuation
[2020-06-28T14:34:11.353+0530][7.596s] GC(1)   Pre Evacuate Collection Set: 0.1ms
[2020-06-28T14:34:11.354+0530][7.596s] GC(1)   Merge Heap Roots: 0.1ms
[2020-06-28T14:34:11.354+0530][7.596s] GC(1)   Evacuate Collection Set: 29.7ms
[2020-06-28T14:34:11.354+0530][7.596s] GC(1)   Post Evacuate Collection Set: 1.0ms
[2020-06-28T14:34:11.354+0530][7.596s] GC(1)   Other: 0.3ms
[2020-06-28T14:34:11.354+0530][7.596s] GC(1) Eden regions: 30->0(44)
[2020-06-28T14:34:11.354+0530][7.596s] GC(1) Survivor regions: 3->5(5)
[2020-06-28T14:34:11.354+0530][7.596s] GC(1) Old regions: 0->8
[2020-06-28T14:34:11.354+0530][7.596s] GC(1) Archive regions: 0->0
[2020-06-28T14:34:11.354+0530][7.596s] GC(1) Humongous regions: 4->4
[2020-06-28T14:34:11.354+0530][7.596s] GC(1) Metaspace: 13770K(14336K)->13770K(14336K) NonClass: 12148K(12544K)->12148K(12544K) Class: 1622K(1792K)->1622K(1792K)
[2020-06-28T14:34:11.354+0530][7.596s] GC(1) Pause Young (Normal) (G1 Evacuation Pause) 36M->16M(512M) 31.747ms
[2020-06-28T14:34:11.354+0530][7.596s] GC(1) User=0.09s Sys=0.00s Real=0.03s
[2020-06-28T14:34:14.121+0530][10.363s] GC(2) Pause Young (Normal) (G1 Evacuation Pause)
[2020-06-28T14:34:14.122+0530][10.364s] GC(2) Using 4 workers of 4 for evacuation
[2020-06-28T14:34:14.140+0530][10.382s] GC(2)   Pre Evacuate Collection Set: 0.1ms
[2020-06-28T14:34:14.140+0530][10.382s] GC(2)   Merge Heap Roots: 0.1ms
[2020-06-28T14:34:14.140+0530][10.382s] GC(2)   Evacuate Collection Set: 16.8ms
[2020-06-28T14:34:14.140+0530][10.382s] GC(2)   Post Evacuate Collection Set: 1.4ms
[2020-06-28T14:34:14.140+0530][10.382s] GC(2)   Other: 0.3ms
[2020-06-28T14:34:14.140+0530][10.382s] GC(2) Eden regions: 43->0(146)
[2020-06-28T14:34:14.140+0530][10.382s] GC(2) Survivor regions: 5->6(6)
[2020-06-28T14:34:14.140+0530][10.382s] GC(2) Old regions: 8->13
[2020-06-28T14:34:14.140+0530][10.382s] GC(2) Archive regions: 0->0
[2020-06-28T14:34:14.140+0530][10.382s] GC(2) Humongous regions: 4->4
[2020-06-28T14:34:14.141+0530][10.383s] GC(2) Metaspace: 18164K(19072K)->18164K(19072K) NonClass: 16037K(16640K)->16037K(16640K) Class: 2127K(2432K)->2127K(2432K)
[2020-06-28T14:34:14.141+0530][10.383s] GC(2) Pause Young (Normal) (G1 Evacuation Pause) 59M->23M(512M) 19.150ms
[2020-06-28T14:34:14.141+0530][10.383s] GC(2) User=0.05s Sys=0.00s Real=0.02s
[2020-06-28T14:34:16.388+0530][12.630s] GC(3) Pause Young (Concurrent Start) (Metadata GC Threshold)
[2020-06-28T14:34:16.388+0530][12.630s] GC(3) Using 4 workers of 4 for evacuation
[2020-06-28T14:34:16.402+0530][12.644s] GC(3)   Pre Evacuate Collection Set: 0.1ms
[2020-06-28T14:34:16.402+0530][12.644s] GC(3)   Merge Heap Roots: 0.1ms
[2020-06-28T14:34:16.402+0530][12.644s] GC(3)   Evacuate Collection Set: 12.5ms
[2020-06-28T14:34:16.402+0530][12.644s] GC(3)   Post Evacuate Collection Set: 0.6ms
[2020-06-28T14:34:16.402+0530][12.644s] GC(3)   Other: 0.5ms
[2020-06-28T14:34:16.402+0530][12.644s] GC(3) Eden regions: 35->0(222)
[2020-06-28T14:34:16.402+0530][12.644s] GC(3) Survivor regions: 6->7(19)
[2020-06-28T14:34:16.402+0530][12.644s] GC(3) Old regions: 13->13
[2020-06-28T14:34:16.402+0530][12.644s] GC(3) Archive regions: 0->0
[2020-06-28T14:34:16.402+0530][12.644s] GC(3) Humongous regions: 4->4
[2020-06-28T14:34:16.402+0530][12.644s] GC(3) Metaspace: 20632K(21248K)->20632K(21248K) NonClass: 18287K(18688K)->18287K(18688K) Class: 2344K(2560K)->2344K(2560K)
[2020-06-28T14:34:16.402+0530][12.644s] GC(3) Pause Young (Concurrent Start) (Metadata GC Threshold) 58M->23M(512M) 14.280ms
[2020-06-28T14:34:16.402+0530][12.644s] GC(3) User=0.06s Sys=0.00s Real=0.01s
[2020-06-28T14:34:16.402+0530][12.644s] GC(4) Concurrent Cycle
[2020-06-28T14:34:16.402+0530][12.644s] GC(4) Concurrent Clear Claimed Marks
[2020-06-28T14:34:16.402+0530][12.644s] GC(4) Concurrent Clear Claimed Marks 0.060ms
[2020-06-28T14:34:16.403+0530][12.644s] GC(4) Concurrent Scan Root Regions
[2020-06-28T14:34:16.406+0530][12.648s] GC(4) Concurrent Scan Root Regions 3.592ms
[2020-06-28T14:34:16.406+0530][12.648s] GC(4) Concurrent Mark (12.648s)
[2020-06-28T14:34:16.406+0530][12.648s] GC(4) Concurrent Mark From Roots
[2020-06-28T14:34:16.406+0530][12.648s] GC(4) Using 1 workers of 1 for marking
[2020-06-28T14:34:16.487+0530][12.729s] GC(4) Concurrent Mark From Roots 81.188ms
[2020-06-28T14:34:16.488+0530][12.729s] GC(4) Concurrent Preclean
[2020-06-28T14:34:16.488+0530][12.730s] GC(4) Concurrent Preclean 0.229ms
[2020-06-28T14:34:16.488+0530][12.730s] GC(4) Concurrent Mark (12.648s, 12.730s) 81.617ms
[2020-06-28T14:34:16.488+0530][12.730s] GC(4) Pause Remark
[2020-06-28T14:34:16.492+0530][12.734s] GC(4) Pause Remark 27M->27M(512M) 3.357ms
[2020-06-28T14:34:16.492+0530][12.734s] GC(4) User=0.00s Sys=0.00s Real=0.00s
[2020-06-28T14:34:16.492+0530][12.734s] GC(4) Concurrent Rebuild Remembered Sets
[2020-06-28T14:34:16.529+0530][12.771s] GC(4) Concurrent Rebuild Remembered Sets 37.200ms
[2020-06-28T14:34:16.530+0530][12.772s] GC(4) Pause Cleanup
[2020-06-28T14:34:16.530+0530][12.772s] GC(4) Pause Cleanup 29M->29M(512M) 0.205ms
[2020-06-28T14:34:16.530+0530][12.772s] GC(4) User=0.00s Sys=0.00s Real=0.00s
[2020-06-28T14:34:16.530+0530][12.772s] GC(4) Concurrent Cleanup for Next Mark
[2020-06-28T14:34:16.531+0530][12.773s] GC(4) Concurrent Cleanup for Next Mark 1.096ms
[2020-06-28T14:34:16.531+0530][12.773s] GC(4) Concurrent Cycle 129.009ms
[2020-06-28T14:35:13.335+0530][69.577s] Heap
[2020-06-28T14:35:13.336+0530][69.577s]  garbage-first heap   total 524288K, used 131662K [0x00000000e0000000, 0x0000000100000000)
[2020-06-28T14:35:13.336+0530][69.577s]   region size 1024K, 113 young (115712K), 7 survivors (7168K)
[2020-06-28T14:35:13.336+0530][69.577s]  Metaspace       used 33100K, capacity 33848K, committed 33920K, reserved 1079296K
[2020-06-28T14:35:13.336+0530][69.577s]   class space    used 3883K, capacity 4154K, committed 4224K, reserved 1048576K
