[2020-06-20T10:56:34.327+0530][0.038s] Heap region size: 1M
[2020-06-20T10:56:34.327+0530][0.039s] Heap address: 0x00000000e0000000, size: 512 MB, Compressed Oops mode: 32-bit
[2020-06-20T10:56:34.743+0530][0.456s] Using G1
[2020-06-20T10:56:34.775+0530][0.487s] Periodic GC disabled
[2020-06-20T10:56:39.815+0530][5.531s] GC(0) Pause Young (Normal) (G1 Evacuation Pause)
[2020-06-20T10:56:39.815+0530][5.532s] GC(0) Using 4 workers of 4 for evacuation
[2020-06-20T10:56:39.830+0530][5.542s] GC(0)   Pre Evacuate Collection Set: 0.1ms
[2020-06-20T10:56:39.830+0530][5.542s] GC(0)   Merge Heap Roots: 0.4ms
[2020-06-20T10:56:39.830+0530][5.542s] GC(0)   Evacuate Collection Set: 7.2ms
[2020-06-20T10:56:39.830+0530][5.542s] GC(0)   Post Evacuate Collection Set: 1.2ms
[2020-06-20T10:56:39.830+0530][5.543s] GC(0)   Other: 2.5ms
[2020-06-20T10:56:39.830+0530][5.543s] GC(0) Eden regions: 25->0(30)
[2020-06-20T10:56:39.830+0530][5.543s] GC(0) Survivor regions: 0->3(4)
[2020-06-20T10:56:39.830+0530][5.543s] GC(0) Old regions: 0->0
[2020-06-20T10:56:39.830+0530][5.543s] GC(0) Archive regions: 0->0
[2020-06-20T10:56:39.830+0530][5.543s] GC(0) Humongous regions: 0->0
[2020-06-20T10:56:39.830+0530][5.543s] GC(0) Metaspace: 5561K(7552K)->5561K(7552K) NonClass: 4895K(6656K)->4895K(6656K) Class: 666K(896K)->666K(896K)
[2020-06-20T10:56:39.830+0530][5.543s] GC(0) Pause Young (Normal) (G1 Evacuation Pause) 25M->2M(512M) 12.189ms
[2020-06-20T10:56:39.830+0530][5.543s] GC(0) User=0.06s Sys=0.00s Real=0.01s
[2020-06-20T10:56:41.335+0530][7.047s] GC(1) Pause Young (Normal) (G1 Evacuation Pause)
[2020-06-20T10:56:41.335+0530][7.047s] GC(1) Using 4 workers of 4 for evacuation
[2020-06-20T10:56:41.363+0530][7.073s] GC(1)   Pre Evacuate Collection Set: 0.1ms
[2020-06-20T10:56:41.363+0530][7.073s] GC(1)   Merge Heap Roots: 0.1ms
[2020-06-20T10:56:41.363+0530][7.073s] GC(1)   Evacuate Collection Set: 25.2ms
[2020-06-20T10:56:41.363+0530][7.073s] GC(1)   Post Evacuate Collection Set: 0.9ms
[2020-06-20T10:56:41.363+0530][7.073s] GC(1)   Other: 0.3ms
[2020-06-20T10:56:41.363+0530][7.073s] GC(1) Eden regions: 30->0(49)
[2020-06-20T10:56:41.363+0530][7.073s] GC(1) Survivor regions: 3->5(5)
[2020-06-20T10:56:41.363+0530][7.073s] GC(1) Old regions: 0->7
[2020-06-20T10:56:41.363+0530][7.073s] GC(1) Archive regions: 0->0
[2020-06-20T10:56:41.363+0530][7.073s] GC(1) Humongous regions: 4->4
[2020-06-20T10:56:41.363+0530][7.073s] GC(1) Metaspace: 13708K(14336K)->13708K(14336K) NonClass: 12086K(12544K)->12086K(12544K) Class: 1621K(1792K)->1621K(1792K)
[2020-06-20T10:56:41.363+0530][7.073s] GC(1) Pause Young (Normal) (G1 Evacuation Pause) 36M->15M(512M) 26.912ms
[2020-06-20T10:56:41.363+0530][7.073s] GC(1) User=0.08s Sys=0.02s Real=0.03s
[2020-06-20T10:56:44.288+0530][10.000s] GC(2) Pause Young (Normal) (G1 Evacuation Pause)
[2020-06-20T10:56:44.288+0530][10.000s] GC(2) Using 4 workers of 4 for evacuation
[2020-06-20T10:56:44.304+0530][10.016s] GC(2)   Pre Evacuate Collection Set: 0.1ms
[2020-06-20T10:56:44.304+0530][10.016s] GC(2)   Merge Heap Roots: 0.1ms
[2020-06-20T10:56:44.304+0530][10.016s] GC(2)   Evacuate Collection Set: 13.9ms
[2020-06-20T10:56:44.304+0530][10.016s] GC(2)   Post Evacuate Collection Set: 1.2ms
[2020-06-20T10:56:44.304+0530][10.016s] GC(2)   Other: 0.3ms
[2020-06-20T10:56:44.304+0530][10.016s] GC(2) Eden regions: 48->0(124)
[2020-06-20T10:56:44.304+0530][10.016s] GC(2) Survivor regions: 5->7(7)
[2020-06-20T10:56:44.304+0530][10.016s] GC(2) Old regions: 7->12
[2020-06-20T10:56:44.304+0530][10.016s] GC(2) Archive regions: 0->0
[2020-06-20T10:56:44.304+0530][10.016s] GC(2) Humongous regions: 4->4
[2020-06-20T10:56:44.304+0530][10.016s] GC(2) Metaspace: 18522K(19328K)->18522K(19328K) NonClass: 16344K(16896K)->16344K(16896K) Class: 2178K(2432K)->2178K(2432K)
[2020-06-20T10:56:44.304+0530][10.016s] GC(2) Pause Young (Normal) (G1 Evacuation Pause) 63M->23M(512M) 16.111ms
[2020-06-20T10:56:44.304+0530][10.016s] GC(2) User=0.05s Sys=0.00s Real=0.02s
[2020-06-20T10:56:47.113+0530][12.826s] GC(3) Pause Young (Concurrent Start) (Metadata GC Threshold)
[2020-06-20T10:56:47.113+0530][12.826s] GC(3) Using 4 workers of 4 for evacuation
[2020-06-20T10:56:47.125+0530][12.835s] GC(3)   Pre Evacuate Collection Set: 0.2ms
[2020-06-20T10:56:47.125+0530][12.835s] GC(3)   Merge Heap Roots: 0.1ms
[2020-06-20T10:56:47.125+0530][12.835s] GC(3)   Evacuate Collection Set: 7.2ms
[2020-06-20T10:56:47.125+0530][12.835s] GC(3)   Post Evacuate Collection Set: 0.7ms
[2020-06-20T10:56:47.125+0530][12.835s] GC(3)   Other: 1.0ms
[2020-06-20T10:56:47.125+0530][12.835s] GC(3) Eden regions: 40->0(300)
[2020-06-20T10:56:47.125+0530][12.836s] GC(3) Survivor regions: 7->7(17)
[2020-06-20T10:56:47.125+0530][12.836s] GC(3) Old regions: 12->12
[2020-06-20T10:56:47.125+0530][12.836s] GC(3) Archive regions: 0->0
[2020-06-20T10:56:47.125+0530][12.836s] GC(3) Humongous regions: 4->4
[2020-06-20T10:56:47.125+0530][12.836s] GC(3) Metaspace: 20731K(21248K)->20731K(21248K) NonClass: 18373K(18688K)->18373K(18688K) Class: 2358K(2560K)->2358K(2560K)
[2020-06-20T10:56:47.125+0530][12.836s] GC(3) Pause Young (Concurrent Start) (Metadata GC Threshold) 63M->22M(512M) 9.603ms
[2020-06-20T10:56:47.125+0530][12.836s] GC(3) User=0.00s Sys=0.00s Real=0.01s
[2020-06-20T10:56:47.125+0530][12.836s] GC(4) Concurrent Cycle
[2020-06-20T10:56:47.125+0530][12.836s] GC(4) Concurrent Clear Claimed Marks
[2020-06-20T10:56:47.125+0530][12.836s] GC(4) Concurrent Clear Claimed Marks 0.076ms
[2020-06-20T10:56:47.125+0530][12.836s] GC(4) Concurrent Scan Root Regions
[2020-06-20T10:56:47.129+0530][12.840s] GC(4) Concurrent Scan Root Regions 3.733ms
[2020-06-20T10:56:47.129+0530][12.840s] GC(4) Concurrent Mark (12.840s)
[2020-06-20T10:56:47.129+0530][12.840s] GC(4) Concurrent Mark From Roots
[2020-06-20T10:56:47.129+0530][12.840s] GC(4) Using 1 workers of 1 for marking
[2020-06-20T10:56:47.181+0530][12.892s] GC(4) Concurrent Mark From Roots 52.007ms
[2020-06-20T10:56:47.181+0530][12.892s] GC(4) Concurrent Preclean
[2020-06-20T10:56:47.181+0530][12.892s] GC(4) Concurrent Preclean 0.133ms
[2020-06-20T10:56:47.181+0530][12.892s] GC(4) Concurrent Mark (12.840s, 12.892s) 52.255ms
[2020-06-20T10:56:47.181+0530][12.892s] GC(4) Pause Remark
[2020-06-20T10:56:47.185+0530][12.896s] GC(4) Pause Remark 26M->26M(512M) 3.325ms
[2020-06-20T10:56:47.185+0530][12.896s] GC(4) User=0.00s Sys=0.00s Real=0.00s
[2020-06-20T10:56:47.185+0530][12.896s] GC(4) Concurrent Rebuild Remembered Sets
[2020-06-20T10:56:47.209+0530][12.921s] GC(4) Concurrent Rebuild Remembered Sets 25.594ms
[2020-06-20T10:56:47.209+0530][12.922s] GC(4) Pause Cleanup
[2020-06-20T10:56:47.209+0530][12.922s] GC(4) Pause Cleanup 28M->28M(512M) 0.168ms
[2020-06-20T10:56:47.209+0530][12.922s] GC(4) User=0.00s Sys=0.00s Real=0.00s
[2020-06-20T10:56:47.209+0530][12.922s] GC(4) Concurrent Cleanup for Next Mark
[2020-06-20T10:56:47.213+0530][12.924s] GC(4) Concurrent Cleanup for Next Mark 1.761ms
[2020-06-20T10:56:47.213+0530][12.924s] GC(4) Concurrent Cycle 88.056ms
[2020-06-20T10:57:26.585+0530][52.295s] GC(5) Pause Young (Concurrent Start) (Metadata GC Threshold)
[2020-06-20T10:57:26.585+0530][52.295s] GC(5) Using 4 workers of 4 for evacuation
[2020-06-20T10:57:26.603+0530][52.313s] GC(5)   Pre Evacuate Collection Set: 0.1ms
[2020-06-20T10:57:26.603+0530][52.313s] GC(5)   Merge Heap Roots: 0.1ms
[2020-06-20T10:57:26.603+0530][52.313s] GC(5)   Evacuate Collection Set: 16.5ms
[2020-06-20T10:57:26.603+0530][52.313s] GC(5)   Post Evacuate Collection Set: 1.3ms
[2020-06-20T10:57:26.603+0530][52.313s] GC(5)   Other: 0.4ms
[2020-06-20T10:57:26.603+0530][52.313s] GC(5) Eden regions: 184->0(294)
[2020-06-20T10:57:26.603+0530][52.313s] GC(5) Survivor regions: 7->13(39)
[2020-06-20T10:57:26.603+0530][52.313s] GC(5) Old regions: 12->12
[2020-06-20T10:57:26.603+0530][52.313s] GC(5) Archive regions: 0->0
[2020-06-20T10:57:26.603+0530][52.314s] GC(5) Humongous regions: 4->4
[2020-06-20T10:57:26.603+0530][52.314s] GC(5) Metaspace: 36037K(36864K)->36037K(36864K) NonClass: 31974K(32512K)->31974K(32512K) Class: 4062K(4352K)->4062K(4352K)
[2020-06-20T10:57:26.604+0530][52.314s] GC(5) Pause Young (Concurrent Start) (Metadata GC Threshold) 206M->28M(512M) 19.097ms
[2020-06-20T10:57:26.604+0530][52.314s] GC(5) User=0.06s Sys=0.00s Real=0.02s
[2020-06-20T10:57:26.604+0530][52.314s] GC(6) Concurrent Cycle
[2020-06-20T10:57:26.604+0530][52.314s] GC(6) Concurrent Clear Claimed Marks
[2020-06-20T10:57:26.604+0530][52.314s] GC(6) Concurrent Clear Claimed Marks 0.082ms
[2020-06-20T10:57:26.604+0530][52.314s] GC(6) Concurrent Scan Root Regions
[2020-06-20T10:57:26.618+0530][52.328s] GC(6) Concurrent Scan Root Regions 13.942ms
[2020-06-20T10:57:26.618+0530][52.328s] GC(6) Concurrent Mark (52.328s)
[2020-06-20T10:57:26.618+0530][52.328s] GC(6) Concurrent Mark From Roots
[2020-06-20T10:57:26.618+0530][52.328s] GC(6) Using 1 workers of 1 for marking
[2020-06-20T10:57:26.692+0530][52.402s] GC(6) Concurrent Mark From Roots 74.070ms
[2020-06-20T10:57:26.692+0530][52.402s] GC(6) Concurrent Preclean
[2020-06-20T10:57:26.692+0530][52.402s] GC(6) Concurrent Preclean 0.190ms
[2020-06-20T10:57:26.692+0530][52.403s] GC(6) Concurrent Mark (52.328s, 52.402s) 74.420ms
[2020-06-20T10:57:26.693+0530][52.403s] GC(6) Pause Remark
[2020-06-20T10:57:26.697+0530][52.407s] GC(6) Pause Remark 47M->47M(512M) 3.870ms
[2020-06-20T10:57:26.697+0530][52.407s] GC(6) User=0.00s Sys=0.00s Real=0.00s
[2020-06-20T10:57:26.698+0530][52.408s] GC(6) Concurrent Rebuild Remembered Sets
[2020-06-20T10:57:26.733+0530][52.443s] GC(6) Concurrent Rebuild Remembered Sets 34.717ms
[2020-06-20T10:57:26.736+0530][52.446s] GC(6) Pause Cleanup
[2020-06-20T10:57:26.736+0530][52.446s] GC(6) Pause Cleanup 63M->63M(512M) 0.219ms
[2020-06-20T10:57:26.736+0530][52.446s] GC(6) User=0.00s Sys=0.00s Real=0.00s
[2020-06-20T10:57:26.736+0530][52.446s] GC(6) Concurrent Cleanup for Next Mark
[2020-06-20T10:57:26.738+0530][52.448s] GC(6) Concurrent Cleanup for Next Mark 2.089ms
[2020-06-20T10:57:26.738+0530][52.448s] GC(6) Concurrent Cycle 134.573ms
[2020-06-20T10:57:28.417+0530][54.127s] GC(7) Pause Young (Normal) (G1 Evacuation Pause)
[2020-06-20T10:57:28.417+0530][54.127s] GC(7) Using 4 workers of 4 for evacuation
[2020-06-20T10:57:28.436+0530][54.147s] GC(7)   Pre Evacuate Collection Set: 0.1ms
[2020-06-20T10:57:28.436+0530][54.147s] GC(7)   Merge Heap Roots: 0.1ms
[2020-06-20T10:57:28.437+0530][54.147s] GC(7)   Evacuate Collection Set: 17.9ms
[2020-06-20T10:57:28.437+0530][54.147s] GC(7)   Post Evacuate Collection Set: 1.0ms
[2020-06-20T10:57:28.437+0530][54.147s] GC(7)   Other: 0.3ms
[2020-06-20T10:57:28.437+0530][54.147s] GC(7) Eden regions: 294->0(290)
[2020-06-20T10:57:28.437+0530][54.147s] GC(7) Survivor regions: 13->17(39)
[2020-06-20T10:57:28.437+0530][54.147s] GC(7) Old regions: 12->12
[2020-06-20T10:57:28.437+0530][54.147s] GC(7) Archive regions: 0->0
[2020-06-20T10:57:28.437+0530][54.147s] GC(7) Humongous regions: 5->4
[2020-06-20T10:57:28.437+0530][54.147s] GC(7) Metaspace: 39483K(40568K)->39483K(40568K) NonClass: 34953K(35584K)->34953K(35584K) Class: 4529K(4984K)->4529K(4984K)
[2020-06-20T10:57:28.437+0530][54.147s] GC(7) Pause Young (Normal) (G1 Evacuation Pause) 323M->32M(512M) 19.688ms
[2020-06-20T10:57:28.437+0530][54.147s] GC(7) User=0.06s Sys=0.00s Real=0.02s
[2020-06-20T10:57:29.955+0530][55.664s] GC(8) Pause Young (Normal) (G1 Evacuation Pause)
[2020-06-20T10:57:29.955+0530][55.664s] GC(8) Using 4 workers of 4 for evacuation
[2020-06-20T10:57:29.978+0530][55.687s] GC(8)   Pre Evacuate Collection Set: 0.1ms
[2020-06-20T10:57:30.046+0530][55.756s] GC(8)   Merge Heap Roots: 0.1ms
[2020-06-20T10:57:30.046+0530][55.756s] GC(8)   Evacuate Collection Set: 21.2ms
[2020-06-20T10:57:30.046+0530][55.756s] GC(8)   Post Evacuate Collection Set: 1.4ms
[2020-06-20T10:57:30.046+0530][55.756s] GC(8)   Other: 0.3ms
[2020-06-20T10:57:30.046+0530][55.756s] GC(8) Eden regions: 290->0(289)
[2020-06-20T10:57:30.046+0530][55.756s] GC(8) Survivor regions: 17->18(39)
[2020-06-20T10:57:30.046+0530][55.756s] GC(8) Old regions: 12->12
[2020-06-20T10:57:30.046+0530][55.756s] GC(8) Archive regions: 0->0
[2020-06-20T10:57:30.046+0530][55.756s] GC(8) Humongous regions: 4->4
[2020-06-20T10:57:30.046+0530][55.756s] GC(8) Metaspace: 42936K(44024K)->42936K(44024K) NonClass: 38022K(38656K)->38022K(38656K) Class: 4914K(5368K)->4914K(5368K)
[2020-06-20T10:57:30.046+0530][55.757s] GC(8) Pause Young (Normal) (G1 Evacuation Pause) 322M->34M(512M) 92.308ms
[2020-06-20T10:57:30.046+0530][55.757s] GC(8) User=0.14s Sys=0.00s Real=0.09s
[2020-06-20T10:57:48.990+0530][74.700s] GC(9) Pause Young (Normal) (G1 Evacuation Pause)
[2020-06-20T10:57:48.990+0530][74.700s] GC(9) Using 4 workers of 4 for evacuation
[2020-06-20T10:57:49.020+0530][74.730s] GC(9)   Pre Evacuate Collection Set: 0.1ms
[2020-06-20T10:57:49.020+0530][74.730s] GC(9)   Merge Heap Roots: 0.1ms
[2020-06-20T10:57:49.020+0530][74.730s] GC(9)   Evacuate Collection Set: 28.1ms
[2020-06-20T10:57:49.020+0530][74.730s] GC(9)   Post Evacuate Collection Set: 1.4ms
[2020-06-20T10:57:49.020+0530][74.730s] GC(9)   Other: 0.4ms
[2020-06-20T10:57:49.021+0530][74.730s] GC(9) Eden regions: 289->0(286)
[2020-06-20T10:57:49.021+0530][74.730s] GC(9) Survivor regions: 18->21(39)
[2020-06-20T10:57:49.021+0530][74.730s] GC(9) Old regions: 12->12
[2020-06-20T10:57:49.021+0530][74.730s] GC(9) Archive regions: 0->0
[2020-06-20T10:57:49.021+0530][74.731s] GC(9) Humongous regions: 4->4
[2020-06-20T10:57:49.021+0530][74.731s] GC(9) Metaspace: 46244K(47480K)->46244K(47480K) NonClass: 40919K(41728K)->40919K(41728K) Class: 5325K(5752K)->5325K(5752K)
[2020-06-20T10:57:49.021+0530][74.731s] GC(9) Pause Young (Normal) (G1 Evacuation Pause) 323M->36M(512M) 30.559ms
[2020-06-20T10:57:49.021+0530][74.731s] GC(9) User=0.13s Sys=0.00s Real=0.03s
